Component: Arm Compiler for Embedded 6.18 Tool: armlink [5e4cc100]

==============================================================================

Section Cross References

    main.o(.text.counts_to_radian) refers to daddsub_clz.o(x$fpl$dadd) for __aeabi_dadd
    main.o(.text.counts_to_radian) refers to dmul.o(x$fpl$dmul) for __aeabi_dmul
    main.o(.text.counts_to_radian) refers to ddiv.o(x$fpl$ddiv) for __aeabi_ddiv
    main.o(.ARM.exidx.text.counts_to_radian) refers to main.o(.text.counts_to_radian) for [Anonymous Symbol]
    main.o(.text.main) refers to main.o(.text.TIM2Init) for TIM2Init
    main.o(.text.main) refers to nucleosetup.o(.text.nucleoLedInit) for nucleoLedInit
    main.o(.text.main) refers to nucleosetup.o(.text.rccSetup) for rccSetup
    main.o(.text.main) refers to tim_encmode.o(.text.encoderInit32bit) for encoderInit32bit
    main.o(.text.main) refers to tim_encmode.o(.text.encoderInit16bit) for encoderInit16bit
    main.o(.text.main) refers to print.o(.text.printInit) for printInit
    main.o(.ARM.exidx.text.main) refers to main.o(.text.main) for [Anonymous Symbol]
    main.o(.text.TIM2Init) refers to main.o(.text.__NVIC_EnableIRQ) for __NVIC_EnableIRQ
    main.o(.ARM.exidx.text.TIM2Init) refers to main.o(.text.TIM2Init) for [Anonymous Symbol]
    main.o(.ARM.exidx.text.__NVIC_EnableIRQ) refers to main.o(.text.__NVIC_EnableIRQ) for [Anonymous Symbol]
    main.o(.text.TIM2_IRQHandler) refers to tim_encmode.o(.text.encoderCount32bit) for encoderCount32bit
    main.o(.text.TIM2_IRQHandler) refers to dflt_clz.o(x$fpl$dflt) for __aeabi_i2d
    main.o(.text.TIM2_IRQHandler) refers to main.o(.text.counts_to_radian) for counts_to_radian
    main.o(.text.TIM2_IRQHandler) refers to main.o(.data.A) for A
    main.o(.text.TIM2_IRQHandler) refers to main.o(.bss.right_wheel_x) for right_wheel_x
    main.o(.text.TIM2_IRQHandler) refers to main.o(.data.B) for B
    main.o(.text.TIM2_IRQHandler) refers to dmul.o(x$fpl$dmul) for __aeabi_dmul
    main.o(.text.TIM2_IRQHandler) refers to daddsub_clz.o(x$fpl$dadd) for __aeabi_dadd
    main.o(.text.TIM2_IRQHandler) refers to main.o(.data.C) for C
    main.o(.text.TIM2_IRQHandler) refers to main.o(.data.D) for D
    main.o(.text.TIM2_IRQHandler) refers to main.o(.bss.right_wheel_omega) for right_wheel_omega
    main.o(.text.TIM2_IRQHandler) refers to tim_encmode.o(.text.encoderCount16bit) for encoderCount16bit
    main.o(.text.TIM2_IRQHandler) refers to main.o(.bss.left_wheel_x) for left_wheel_x
    main.o(.text.TIM2_IRQHandler) refers to main.o(.bss.left_wheel_omega) for left_wheel_omega
    main.o(.text.TIM2_IRQHandler) refers to main.o(.bss.RobotRot) for RobotRot
    main.o(.text.TIM2_IRQHandler) refers to cos.o(i.__hardfp_cos) for __hardfp_cos
    main.o(.text.TIM2_IRQHandler) refers to sin.o(i.__hardfp_sin) for __hardfp_sin
    main.o(.text.TIM2_IRQHandler) refers to ddiv.o(x$fpl$ddiv) for __aeabi_ddiv
    main.o(.text.TIM2_IRQHandler) refers to main.o(.bss.RobotX) for RobotX
    main.o(.text.TIM2_IRQHandler) refers to main.o(.bss.RobotY) for RobotY
    main.o(.text.TIM2_IRQHandler) refers to main.o(.rodata.str1.1) for .L.str
    main.o(.text.TIM2_IRQHandler) refers to print.o(.text.print) for print
    main.o(.ARM.exidx.text.TIM2_IRQHandler) refers to main.o(.text.TIM2_IRQHandler) for [Anonymous Symbol]
    tim_encmode.o(.ARM.exidx.text.encoderInit32bit) refers to tim_encmode.o(.text.encoderInit32bit) for [Anonymous Symbol]
    tim_encmode.o(.ARM.exidx.text.encoderCount32bit) refers to tim_encmode.o(.text.encoderCount32bit) for [Anonymous Symbol]
    tim_encmode.o(.ARM.exidx.text.encoderInit16bit) refers to tim_encmode.o(.text.encoderInit16bit) for [Anonymous Symbol]
    tim_encmode.o(.text.encoderCount16bit) refers to tim_encmode.o(.bss.timer_OverflowCnt) for timer_OverflowCnt
    tim_encmode.o(.ARM.exidx.text.encoderCount16bit) refers to tim_encmode.o(.text.encoderCount16bit) for [Anonymous Symbol]
    print.o(.text.printInit) refers to print.o(.data.baudrateLUT) for baudrateLUT
    print.o(.text.printInit) refers to print.o(.bss.P_UART) for P_UART
    print.o(.ARM.exidx.text.printInit) refers to print.o(.text.printInit) for [Anonymous Symbol]
    print.o(.text.print) refers to vsprintf.o(.text) for vsprintf
    print.o(.text.print) refers to strlen.o(.text) for strlen
    print.o(.text.print) refers to print.o(.bss.P_UART) for P_UART
    print.o(.ARM.exidx.text.print) refers to print.o(.text.print) for [Anonymous Symbol]
    print.o(.text.printSupportedBaudrates) refers to print.o(.rodata.str1.1) for .L.str
    print.o(.text.printSupportedBaudrates) refers to print.o(.text.print) for print
    print.o(.text.printSupportedBaudrates) refers to print.o(.data.baudrateLUT) for baudrateLUT
    print.o(.ARM.exidx.text.printSupportedBaudrates) refers to print.o(.text.printSupportedBaudrates) for [Anonymous Symbol]
[...]
    ../mathlib/fpclassify.c                  0x00000000   Number         0  fpclassify.o ABSOLUTE
    ../mathlib/poly.c                        0x00000000   Number         0  poly.o ABSOLUTE
    ../mathlib/rred.c                        0x00000000   Number         0  rred.o ABSOLUTE
    ../mathlib/sin.c                         0x00000000   Number         0  sin.o ABSOLUTE
    ../mathlib/sin_i.c                       0x00000000   Number         0  sin_i.o ABSOLUTE
    NucleoSetup.c                            0x00000000   Number         0  nucleosetup.o ABSOLUTE
    Print.c                                  0x00000000   Number         0  print.o ABSOLUTE
    RTE/Device/STM32F401RETx/startup_stm32f401xe.s 0x00000000   Number         0  startup_stm32f401xe.o ABSOLUTE
    TIM_EncMode.c                            0x00000000   Number         0  tim_encmode.o ABSOLUTE
    dc.s                                     0x00000000   Number         0  dc.o ABSOLUTE
    main.c                                   0x00000000   Number         0  main.o ABSOLUTE
    system_stm32f4xx.c                       0x00000000   Number         0  system_stm32f4xx.o ABSOLUTE
    RESET                                    0x08000000   Section      404  startup_stm32f401xe.o(RESET)
    !!!main                                  0x08000194   Section        8  __main.o(!!!main)
    !!!scatter                               0x0800019c   Section       52  __scatter.o(!!!scatter)
    !!handler_copy                           0x080001d0   Section       26  __scatter_copy.o(!!handler_copy)
    !!handler_zi                             0x080001ec   Section       28  __scatter_zi.o(!!handler_zi)
    .ARM.Collect$$_printf_percent$$00000000  0x08000208   Section        0  _printf_percent.o(.ARM.Collect$$_printf_percent$$00000000)
    .ARM.Collect$$_printf_percent$$00000001  0x08000208   Section        6  _printf_n.o(.ARM.Collect$$_printf_percent$$00000001)
    .ARM.Collect$$_printf_percent$$00000002  0x0800020e   Section        6  _printf_p.o(.ARM.Collect$$_printf_percent$$00000002)
    .ARM.Collect$$_printf_percent$$00000003  0x08000214   Section        6  _printf_f.o(.ARM.Collect$$_printf_percent$$00000003)
    .ARM.Collect$$_printf_percent$$00000004  0x0800021a   Section        6  _printf_e.o(.ARM.Collect$$_printf_percent$$00000004)
    .ARM.Collect$$_printf_percent$$00000005  0x08000220   Section        6  _printf_g.o(.ARM.Collect$$_printf_percent$$00000005)
    .ARM.Collect$$_printf_percent$$00000006  0x08000226   Section        6  _printf_a.o(.ARM.Collect$$_printf_percent$$00000006)
    .ARM.Collect$$_printf_percent$$00000007  0x0800022c   Section       10  _printf_ll.o(.ARM.Collect$$_printf_percent$$00000007)
    .ARM.Collect$$_printf_percent$$00000008  0x08000236   Section        6  _printf_i.o(.ARM.Collect$$_printf_percent$$00000008)
    .ARM.Collect$$_printf_percent$$00000009  0x0800023c   Section        6  _printf_d.o(.ARM.Collect$$_printf_percent$$00000009)
    .ARM.Collect$$_printf_percent$$0000000A  0x08000242   Section        6  _printf_u.o(.ARM.Collect$$_printf_percent$$0000000A)
    .ARM.Collect$$_printf_percent$$0000000B  0x08000248   Section        6  _printf_o.o(.ARM.Collect$$_printf_percent$$0000000B)
    .ARM.Collect$$_printf_percent$$0000000C  0x0800024e   Section        6  _printf_x.o(.ARM.Collect$$_printf_percent$$0000000C)
    .ARM.Collect$$_printf_percent$$0000000D  0x08000254   Section        6  _printf_lli.o(.ARM.Collect$$_printf_percent$$0000000D)
    .ARM.Collect$$_printf_percent$$0000000E  0x0800025a   Section        6  _printf_lld.o(.ARM.Collect$$_printf_percent$$0000000E)
    .ARM.Collect$$_printf_percent$$0000000F  0x08000260   Section        6  _printf_llu.o(.ARM.Collect$$_printf_percent$$0000000F)
    .ARM.Collect$$_printf_percent$$00000010  0x08000266   Section        6  _printf_llo.o(.ARM.Collect$$_printf_percent$$00000010)
    .ARM.Collect$$_printf_percent$$00000011  0x0800026c   Section        6  _printf_llx.o(.ARM.Collect$$_printf_percent$$00000011)
    .ARM.Collect$$_printf_percent$$00000012  0x08000272   Section       10  _printf_l.o(.ARM.Collect$$_printf_percent$$00000012)
    .ARM.Collect$$_printf_percent$$00000013  0x0800027c   Section        6  _printf_c.o(.ARM.Collect$$_printf_percent$$00000013)
    .ARM.Collect$$_printf_percent$$00000014  0x08000282   Section        6  _printf_s.o(.ARM.Collect$$_printf_percent$$00000014)
    .ARM.Collect$$_printf_percent$$00000015  0x08000288   Section        6  _printf_lc.o(.ARM.Collect$$_printf_percent$$00000015)
    .ARM.Collect$$_printf_percent$$00000016  0x0800028e   Section        6  _printf_ls.o(.ARM.Collect$$_printf_percent$$00000016)
    .ARM.Collect$$_printf_percent$$00000017  0x08000294   Section        4  _printf_percent_end.o(.ARM.Collect$$_printf_percent$$00000017)
    .ARM.Collect$$libinit$$00000000          0x08000298   Section        2  libinit.o(.ARM.Collect$$libinit$$00000000)
    .ARM.Collect$$libinit$$00000001          0x0800029a   Section        4  libinit2.o(.ARM.Collect$$libinit$$00000001)
    .ARM.Collect$$libinit$$00000004          0x0800029e   Section        0  libinit2.o(.ARM.Collect$$libinit$$00000004)
    .ARM.Collect$$libinit$$00000006          0x0800029e   Section        0  libinit2.o(.ARM.Collect$$libinit$$00000006)
    .ARM.Collect$$libinit$$0000000C          0x0800029e   Section        0  libinit2.o(.ARM.Collect$$libinit$$0000000C)
    .ARM.Collect$$libinit$$0000000E          0x0800029e   Section        0  libinit2.o(.ARM.Collect$$libinit$$0000000E)
    .ARM.Collect$$libinit$$00000010          0x0800029e   Section        0  libinit2.o(.ARM.Collect$$libinit$$00000010)
    .ARM.Collect$$libinit$$00000011          0x0800029e   Section        6  libinit2.o(.ARM.Collect$$libinit$$00000011)
    .ARM.Collect$$libinit$$00000013          0x080002a4   Section        0  libinit2.o(.ARM.Collect$$libinit$$00000013)
    .ARM.Collect$$libinit$$00000014          0x080002a4   Section       12  libinit2.o(.ARM.Collect$$libinit$$00000014)
    .ARM.Collect$$libinit$$00000015          0x080002b0   Section        0  libinit2.o(.ARM.Collect$$libinit$$00000015)
    .ARM.Collect$$libinit$$00000017          0x080002b0   Section        0  libinit2.o(.ARM.Collect$$libinit$$00000017)
    .ARM.Collect$$libinit$$00000018          0x080002b0   Section       10  libinit2.o(.ARM.Collect$$libinit$$00000018)
    .ARM.Collect$$libinit$$00000019          0x080002ba   Section        0  libinit2.o(.ARM.Collect$$libinit$$00000019)
    .ARM.Collect$$libinit$$0000001B          0x080002ba   Section        0  libinit2.o(.ARM.Collect$$libinit$$0000001B)
    .ARM.Collect$$libinit$$0000001D          0x080002ba   Section        0  libinit2.o(.ARM.Collect$$libinit$$0000001D)
    .ARM.Collect$$libinit$$0000001F          0x080002ba   Section        0  libinit2.o(.ARM.Collect$$libinit$$0000001F)
    .ARM.Collect$$libinit$$00000021          0x080002ba   Section        0  libinit2.o(.ARM.Collect$$libinit$$00000021)
    .ARM.Collect$$libinit$$00000023          0x080002ba   Section        0  libinit2.o(.ARM.Collect$$libinit$$00000023)
    .ARM.Collect$$libinit$$00000025          0x080002ba   Section        0  libinit2.o(.ARM.Collect$$libinit$$00000025)
    .ARM.Collect$$libinit$$00000027          0x080002ba   Section        0  libinit2.o(.ARM.Collect$$libinit$$00000027)
    .ARM.Collect$$libinit$$0000002E          0x080002ba   Section        0  libinit2.o(.ARM.Collect$$libinit$$0000002E)
    .ARM.Collect$$libinit$$00000030          0x080002ba   Section        0  libinit2.o(.ARM.Collect$$libinit$$00000030)
    .ARM.Collect$$libinit$$00000032          0x080002ba   Section        0  libinit2.o(.ARM.Collect$$libinit$$00000032)
    .ARM.Collect$$libinit$$00000034          0x080002ba   Section        0  libinit2.o(.ARM.Collect$$libinit$$00000034)
    .ARM.Collect$$libinit$$00000035          0x080002ba   Section        2  libinit2.o(.ARM.Collect$$libinit$$00000035)
    .ARM.Collect$$libshutdown$$00000000      0x080002bc   Section        2  libshutdown.o(.ARM.Collect$$libshutdown$$00000000)
    .ARM.Collect$$libshutdown$$00000002      0x080002be   Section        0  libshutdown2.o(.ARM.Collect$$libshutdown$$00000002)
    .ARM.Collect$$libshutdown$$00000004      0x080002be   Section        0  libshutdown2.o(.ARM.Collect$$libshutdown$$00000004)
    .ARM.Collect$$libshutdown$$00000007      0x080002be   Section        0  libshutdown2.o(.ARM.Collect$$libshutdown$$00000007)
    .ARM.Collect$$libshutdown$$0000000A      0x080002be   Section        0  libshutdown2.o(.ARM.Collect$$libshutdown$$0000000A)
    .ARM.Collect$$libshutdown$$0000000C      0x080002be   Section        0  libshutdown2.o(.ARM.Collect$$libshutdown$$0000000C)
    .ARM.Collect$$libshutdown$$0000000F      0x080002be   Section        0  libshutdown2.o(.ARM.Collect$$libshutdown$$0000000F)
    .ARM.Collect$$libshutdown$$00000010      0x080002be   Section        2  libshutdown2.o(.ARM.Collect$$libshutdown$$00000010)
    .ARM.Collect$$rtentry$$00000000          0x080002c0   Section        0  __rtentry.o(.ARM.Collect$$rtentry$$00000000)
    .ARM.Collect$$rtentry$$00000002          0x080002c0   Section        0  __rtentry2.o(.ARM.Collect$$rtentry$$00000002)
    .ARM.Collect$$rtentry$$00000004          0x080002c0   Section        6  __rtentry4.o(.ARM.Collect$$rtentry$$00000004)
    .ARM.Collect$$rtentry$$00000009          0x080002c6   Section        0  __rtentry2.o(.ARM.Collect$$rtentry$$00000009)
    .ARM.Collect$$rtentry$$0000000A          0x080002c6   Section        4  __rtentry2.o(.ARM.Collect$$rtentry$$0000000A)
    .ARM.Collect$$rtentry$$0000000C          0x080002ca   Section        0  __rtentry2.o(.ARM.Collect$$rtentry$$0000000C)
    .ARM.Collect$$rtentry$$0000000D          0x080002ca   Section        8  __rtentry2.o(.ARM.Collect$$rtentry$$0000000D)
    .ARM.Collect$$rtexit$$00000000           0x080002d2   Section        2  rtexit.o(.ARM.Collect$$rtexit$$00000000)
    .ARM.Collect$$rtexit$$00000002           0x080002d4   Section        0  rtexit2.o(.ARM.Collect$$rtexit$$00000002)
    .ARM.Collect$$rtexit$$00000003           0x080002d4   Section        4  rtexit2.o(.ARM.Collect$$rtexit$$00000003)
    .ARM.Collect$$rtexit$$00000004           0x080002d8   Section        6  rtexit2.o(.ARM.Collect$$rtexit$$00000004)
    $v0                                      0x080002e0   Number         0  startup_stm32f401xe.o(.text)
    .text                                    0x080002e0   Section       64  startup_stm32f401xe.o(.text)
    .text                                    0x08000320   Section        0  vsprintf.o(.text)
    .text                                    0x08000344   Section        0  strlen.o(.text)
    .text                                    0x08000382   Section        0  heapauxi.o(.text)
    .text                                    0x08000388   Section        0  _rserrno.o(.text)
    .text                                    0x0800039e   Section        0  _printf_pad.o(.text)
    .text                                    0x080003ec   Section        0  _printf_truncate.o(.text)
    .text                                    0x08000410   Section        0  _printf_str.o(.text)
    .text                                    0x08000464   Section        0  _printf_dec.o(.text)
    .text                                    0x080004dc   Section        0  _printf_charcount.o(.text)
    _printf_input_char                       0x08000505   Thumb Code    10  _printf_char_common.o(.text)
    .text                                    0x08000504   Section        0  _printf_char_common.o(.text)
    .text                                    0x08000534   Section        0  _sputc.o(.text)
    .text                                    0x08000540   Section        0  _printf_wctomb.o(.text)
    .text                                    0x080005fc   Section        0  _printf_longlong_dec.o(.text)
    _printf_longlong_oct_internal            0x08000679   Thumb Code     0  _printf_oct_int_ll.o(.text)
    .text                                    0x08000678   Section        0  _printf_oct_int_ll.o(.text)
    _printf_hex_common                       0x080006e9   Thumb Code     0  _printf_hex_int_ll_ptr.o(.text)
    .text                                    0x080006e8   Section        0  _printf_hex_int_ll_ptr.o(.text)
    .text                                    0x0800077c   Section        0  __printf_flags_ss_wp.o(.text)
    .text                                    0x08000904   Section        8  rt_errno_addr_intlibspace.o(.text)
    .text                                    0x0800090c   Section      138  lludiv10.o(.text)
    .text                                    0x08000996   Section        0  _printf_intcommon.o(.text)
    _fp_digits                               0x08000a49   Thumb Code   432  _printf_fp_dec.o(.text)
    .text                                    0x08000a48   Section        0  _printf_fp_dec.o(.text)
    .text                                    0x08000e64   Section        0  _printf_fp_hex.o(.text)
    .text                                    0x08001160   Section        0  _printf_char.o(.text)
    .text                                    0x0800118c   Section        0  _printf_wchar.o(.text)
    .text                                    0x080011b8   Section        0  _c16rtomb.o(.text)
    .text                                    0x08001200   Section        8  libspace.o(.text)
    .text                                    0x08001208   Section       74  sys_stackheap_outer.o(.text)
    .text                                    0x08001254   Section       16  rt_ctype_table.o(.text)
    .text                                    0x08001264   Section        8  rt_locale_intlibspace.o(.text)
    .text                                    0x0800126c   Section        0  _printf_fp_infnan.o(.text)
    .text                                    0x080012ec   Section        0  bigflt0.o(.text)
    .text                                    0x080013d0   Section        0  exit.o(.text)
    .text                                    0x080013e8   Section      124  strcmpv7em.o(.text)
    .text                                    0x08001464   Section        0  sys_exit.o(.text)
    .text                                    0x08001470   Section        2  use_no_semi.o(.text)
    .text                                    0x08001472   Section        0  indicate_semi.o(.text)
    [Anonymous Symbol]                       0x08001474   Section        0  system_stm32f4xx.o(.text.SystemInit)
    [Anonymous Symbol]                       0x08001488   Section        0  main.o(.text.TIM2Init)
    [Anonymous Symbol]                       0x080014d8   Section        0  main.o(.text.TIM2_IRQHandler)
    __NVIC_EnableIRQ                         0x08001951   Thumb Code    48  main.o(.text.__NVIC_EnableIRQ)
    [Anonymous Symbol]                       0x08001950   Section        0  main.o(.text.__NVIC_EnableIRQ)
    [Anonymous Symbol]                       0x08001980   Section        0  main.o(.text.counts_to_radian)
    [Anonymous Symbol]                       0x080019d8   Section        0  tim_encmode.o(.text.encoderCount16bit)
    [Anonymous Symbol]                       0x08001a38   Section        0  tim_encmode.o(.text.encoderCount32bit)
    [Anonymous Symbol]                       0x08001a44   Section        0  tim_encmode.o(.text.encoderInit16bit)
    [Anonymous Symbol]                       0x08001bf8   Section        0  tim_encmode.o(.text.encoderInit32bit)
    [Anonymous Symbol]                       0x08001d50   Section        0  main.o(.text.main)
    [Anonymous Symbol]                       0x08001dd0   Section        0  nucleosetup.o(.text.nucleoLedInit)
    [Anonymous Symbol]                       0x08001df8   Section        0  print.o(.text.print)
    [Anonymous Symbol]                       0x08001e78   Section        0  print.o(.text.printInit)
    [Anonymous Symbol]                       0x08002030   Section        0  nucleosetup.o(.text.rccSetup)
    CL$$btod_d2e                             0x080020c8   Section       62  btod.o(CL$$btod_d2e)
    CL$$btod_d2e_denorm_low                  0x08002106   Section       70  btod.o(CL$$btod_d2e_denorm_low)
    CL$$btod_d2e_norm_op1                    0x0800214c   Section       96  btod.o(CL$$btod_d2e_norm_op1)
    CL$$btod_div_common                      0x080021ac   Section      824  btod.o(CL$$btod_div_common)
    CL$$btod_e2e                             0x080024e4   Section      220  btod.o(CL$$btod_e2e)
    CL$$btod_ediv                            0x080025c0   Section       42  btod.o(CL$$btod_ediv)
    CL$$btod_emul                            0x080025ea   Section       42  btod.o(CL$$btod_emul)
    CL$$btod_mult_common                     0x08002614   Section      580  btod.o(CL$$btod_mult_common)
    i.__ARM_fpclassify                       0x08002858   Section        0  fpclassify.o(i.__ARM_fpclassify)
    i.__hardfp_cos                           0x08002888   Section        0  cos.o(i.__hardfp_cos)
    i.__hardfp_sin                           0x08002950   Section        0  sin.o(i.__hardfp_sin)
    i.__ieee754_rem_pio2                     0x08002a18   Section        0  rred.o(i.__ieee754_rem_pio2)
    i.__kernel_cos                           0x08002e50   Section        0  cos_i.o(i.__kernel_cos)
    i.__kernel_poly                          0x08002fc0   Section        0  poly.o(i.__kernel_poly)
    i.__kernel_sin                           0x080030b8   Section        0  sin_i.o(i.__kernel_sin)
    i.__mathlib_dbl_infnan                   0x080031e8   Section        0  dunder.o(i.__mathlib_dbl_infnan)
    i.__mathlib_dbl_invalid                  0x08003200   Section        0  dunder.o(i.__mathlib_dbl_invalid)
    i.__mathlib_dbl_underflow                0x08003220   Section        0  dunder.o(i.__mathlib_dbl_underflow)
    i._is_digit                              0x08003240   Section        0  __printf_wp.o(i._is_digit)
    i.fabs                                   0x0800324e   Section        0  fabs.o(i.fabs)
    locale$$code                             0x08003268   Section       44  lc_numeric_c.o(locale$$code)
    locale$$code                             0x08003294   Section       44  lc_ctype_c.o(locale$$code)
    $v0                                      0x080032c0   Number         0  basic.o(x$fpl$basic)
    x$fpl$basic                              0x080032c0   Section       24  basic.o(x$fpl$basic)
    $v0                                      0x080032d8   Number         0  daddsub_clz.o(x$fpl$dadd)
    x$fpl$dadd                               0x080032d8   Section      336  daddsub_clz.o(x$fpl$dadd)
    _dadd1                                   0x080032e9   Thumb Code     0  daddsub_clz.o(x$fpl$dadd)
    $v0                                      0x08003428   Number         0  ddiv.o(x$fpl$ddiv)
    x$fpl$ddiv                               0x08003428   Section      692  ddiv.o(x$fpl$ddiv)
    ddiv_entry                               0x0800342f   Thumb Code     0  ddiv.o(x$fpl$ddiv)
    $v0                                      0x080036dc   Number         0  dfix.o(x$fpl$dfix)
    x$fpl$dfix                               0x080036dc   Section       94  dfix.o(x$fpl$dfix)
    $v0                                      0x0800373a   Number         0  dflt_clz.o(x$fpl$dflt)
    x$fpl$dflt                               0x0800373a   Section       46  dflt_clz.o(x$fpl$dflt)
    $v0                                      0x08003768   Number         0  dflt_clz.o(x$fpl$dfltu)
    x$fpl$dfltu                              0x08003768   Section       38  dflt_clz.o(x$fpl$dfltu)
    $v0                                      0x08003790   Number         0  dmul.o(x$fpl$dmul)
    x$fpl$dmul                               0x08003790   Section      340  dmul.o(x$fpl$dmul)
    $v0                                      0x080038e4   Number         0  dnaninf.o(x$fpl$dnaninf)
    x$fpl$dnaninf                            0x080038e4   Section      156  dnaninf.o(x$fpl$dnaninf)
    $v0                                      0x08003980   Number         0  dretinf.o(x$fpl$dretinf)
    x$fpl$dretinf                            0x08003980   Section       12  dretinf.o(x$fpl$dretinf)
    $v0                                      0x0800398c   Number         0  daddsub_clz.o(x$fpl$drsb)
    x$fpl$drsb                               0x0800398c   Section       22  daddsub_clz.o(x$fpl$drsb)
    $v0                                      0x080039a4   Number         0  daddsub_clz.o(x$fpl$dsub)
    x$fpl$dsub                               0x080039a4   Section      476  daddsub_clz.o(x$fpl$dsub)
    _dsub1                                   0x080039b5   Thumb Code     0  daddsub_clz.o(x$fpl$dsub)
    $v0                                      0x08003b80   Number         0  fpinit.o(x$fpl$fpinit)
    x$fpl$fpinit                             0x08003b80   Section       26  fpinit.o(x$fpl$fpinit)
    $v0                                      0x08003b9a   Number         0  printf1.o(x$fpl$printf1)
    x$fpl$printf1                            0x08003b9a   Section        4  printf1.o(x$fpl$printf1)
    $v0                                      0x08003b9e   Number         0  printf2.o(x$fpl$printf2)
    x$fpl$printf2                            0x08003b9e   Section        4  printf2.o(x$fpl$printf2)
    x$fpl$usenofp                            0x08003ba2   Section        0  usenofp.o(x$fpl$usenofp)
    initial_mbstate                          0x08003ba4   Data           8  _printf_wctomb.o(.constdata)
    .constdata                               0x08003ba4   Section        8  _printf_wctomb.o(.constdata)
    uc_hextab                                0x08003bac   Data          20  _printf_hex_int_ll_ptr.o(.constdata)
    .constdata                               0x08003bac   Section       40  _printf_hex_int_ll_ptr.o(.constdata)
    lc_hextab                                0x08003bc0   Data          20  _printf_hex_int_ll_ptr.o(.constdata)
    maptable                                 0x08003bd4   Data          17  __printf_flags_ss_wp.o(.constdata)
    .constdata                               0x08003bd4   Section       17  __printf_flags_ss_wp.o(.constdata)
    C                                        0x08003be8   Data          48  cos_i.o(.constdata)
    .constdata                               0x08003be8   Section       48  cos_i.o(.constdata)
    pio2s                                    0x08003c18   Data          48  rred.o(.constdata)
    .constdata                               0x08003c18   Section      204  rred.o(.constdata)
    twooverpi                                0x08003c48   Data         156  rred.o(.constdata)
    S                                        0x08003ce8   Data          40  sin_i.o(.constdata)
    .constdata                               0x08003ce8   Section       40  sin_i.o(.constdata)
    lc_hextab                                0x08003d10   Data          19  _printf_fp_hex.o(.constdata)
    .constdata                               0x08003d10   Section       38  _printf_fp_hex.o(.constdata)
    uc_hextab                                0x08003d23   Data          19  _printf_fp_hex.o(.constdata)
    tenpwrs_x                                0x08003d38   Data          60  bigflt0.o(.constdata)
    .constdata                               0x08003d38   Section      148  bigflt0.o(.constdata)
    tenpwrs_i                                0x08003d74   Data          64  bigflt0.o(.constdata)
    .L.str                                   0x08003dcc   Data          10  main.o(.rodata.str1.1)
    [Anonymous Symbol]                       0x08003dcc   Section        0  main.o(.rodata.str1.1)
    locale$$data                             0x08003df8   Section       28  lc_numeric_c.o(locale$$data)
    __lcnum_c_name                           0x08003dfc   Data           2  lc_numeric_c.o(locale$$data)
    __lcnum_c_start                          0x08003e04   Data           0  lc_numeric_c.o(locale$$data)
    __lcnum_c_point                          0x08003e10   Data           0  lc_numeric_c.o(locale$$data)
    __lcnum_c_thousands                      0x08003e12   Data           0  lc_numeric_c.o(locale$$data)
    __lcnum_c_grouping                       0x08003e13   Data           0  lc_numeric_c.o(locale$$data)
    __lcnum_c_end                            0x08003e14   Data           0  lc_numeric_c.o(locale$$data)
    locale$$data                             0x08003e14   Section      272  lc_ctype_c.o(locale$$data)
    __lcctype_c_name                         0x08003e18   Data           2  lc_ctype_c.o(locale$$data)
    __lcctype_c_start                        0x08003e20   Data           0  lc_ctype_c.o(locale$$data)
    __lcctype_c_end                          0x08003f24   Data           0  lc_ctype_c.o(locale$$data)
    A                                        0x20000000   Data           8  main.o(.data.A)
    [Anonymous Symbol]                       0x20000000   Section        0  main.o(.data.A)
    B                                        0x20000008   Data           8  main.o(.data.B)
    [Anonymous Symbol]                       0x20000008   Section        0  main.o(.data.B)
    C                                        0x20000010   Data           8  main.o(.data.C)
    [Anonymous Symbol]                       0x20000010   Section        0  main.o(.data.C)
    D                                        0x20000018   Data           8  main.o(.data.D)
    [Anonymous Symbol]                       0x20000018   Section        0  main.o(.data.D)
    baudrateLUT                              0x20000020   Data          36  print.o(.data.baudrateLUT)
    [Anonymous Symbol]                       0x20000020   Section        0  print.o(.data.baudrateLUT)
    .bss                                     0x20000048   Section       96  libspace.o(.bss)
    P_UART                                   0x200000a8   Data           4  print.o(.bss.P_UART)
    [Anonymous Symbol]                       0x200000a8   Section        0  print.o(.bss.P_UART)
    RobotRot                                 0x200000b0   Data           8  main.o(.bss.RobotRot)
    [Anonymous Symbol]                       0x200000b0   Section        0  main.o(.bss.RobotRot)
    RobotX                                   0x200000b8   Data           8  main.o(.bss.RobotX)
    [Anonymous Symbol]                       0x200000b8   Section        0  main.o(.bss.RobotX)
    RobotY                                   0x200000c0   Data           8  main.o(.bss.RobotY)
    [Anonymous Symbol]                       0x200000c0   Section        0  main.o(.bss.RobotY)
    timer_OverflowCnt                        0x200000e8   Data           2  tim_encmode.o(.bss.timer_OverflowCnt)
    [Anonymous Symbol]                       0x200000e8   Section        0  tim_encmode.o(.bss.timer_OverflowCnt)
    Heap_Mem                                 0x200000f0   Data         512  startup_stm32f401xe.o(HEAP)
    HEAP                                     0x200000f0   Section      512  startup_stm32f401xe.o(HEAP)
    Stack_Mem                                0x200002f0   Data        1024  startup_stm32f401xe.o(STACK)
    STACK                                    0x200002f0   Section     1024  startup_stm32f401xe.o(STACK)
    __initial_sp                             0x200006f0   Data           0  startup_stm32f401xe.o(STACK)

    Global Symbols

    Symbol Name                              Value     Ov Type        Size  Object(Section)

    BuildAttributes$$THM_ISAv4$E$P$D$K$B$S$7EM$VFPi3$EXTD16$VFPS$VFMA$PE$A:L22UL41UL21$X:L11$S22US41US21$IEEE1$IW$~IW$USESV6$~STKCKD$USESV7$~SHL$OTIME$ROPI$IEEEX$EBA8$UX$STANDARDLIB$REQ8$PRES8$EABIv2 0x00000000   Number         0  anon$$obj.o ABSOLUTE
    _printf_flags                            0x00000000   Number         0  printf_stubs.o ABSOLUTE
    _printf_return_value                     0x00000000   Number         0  printf_stubs.o ABSOLUTE
    _printf_sizespec                         0x00000000   Number         0  printf_stubs.o ABSOLUTE
    _printf_widthprec                        0x00000000   Number         0  printf_stubs.o ABSOLUTE
    __ARM_exceptions_init                     - Undefined Weak Reference
    __alloca_initialize                       - Undefined Weak Reference
    __arm_preinit_                            - Undefined Weak Reference
    __arm_relocate_pie_                       - Undefined Weak Reference
    __cpp_initialize__aeabi_                  - Undefined Weak Reference
    __cxa_finalize                            - Undefined Weak Reference
    __sigvec_lookup                           - Undefined Weak Reference
    _atexit_init                              - Undefined Weak Reference
    _call_atexit_fns                          - Undefined Weak Reference
    _clock_init                               - Undefined Weak Reference
    _fp_trap_init                             - Undefined Weak Reference
    _fp_trap_shutdown                         - Undefined Weak Reference
    _get_lc_collate                           - Undefined Weak Reference
    _get_lc_monetary                          - Undefined Weak Reference
    _get_lc_time                              - Undefined Weak Reference
    _getenv_init                              - Undefined Weak Reference
    _handle_redirection                       - Undefined Weak Reference
    _init_alloc                               - Undefined Weak Reference
    _init_user_alloc                          - Undefined Weak Reference
    _initio                                   - Undefined Weak Reference
    _printf_mbtowc                            - Undefined Weak Reference
    _printf_wc                                - Undefined Weak Reference
    _rand_init                                - Undefined Weak Reference
    _signal_finish                            - Undefined Weak Reference
    _signal_init                              - Undefined Weak Reference
    _terminate_alloc                          - Undefined Weak Reference
    _terminate_user_alloc                     - Undefined Weak Reference
    _terminateio                              - Undefined Weak Reference
    __Vectors_Size                           0x00000194   Number         0  startup_stm32f401xe.o ABSOLUTE
    __Vectors                                0x08000000   Data           4  startup_stm32f401xe.o(RESET)
    __Vectors_End                            0x08000194   Data           0  startup_stm32f401xe.o(RESET)
    __main                                   0x08000195   Thumb Code     8  __main.o(!!!main)
    __scatterload                            0x0800019d   Thumb Code     0  __scatter.o(!!!scatter)
    __scatterload_rt2                        0x0800019d   Thumb Code    44  __scatter.o(!!!scatter)
    __scatterload_rt2_thumb_only             0x0800019d   Thumb Code     0  __scatter.o(!!!scatter)
    __scatterload_null                       0x080001ab   Thumb Code     0  __scatter.o(!!!scatter)
    __scatterload_copy                       0x080001d1   Thumb Code    26  __scatter_copy.o(!!handler_copy)
    __scatterload_zeroinit                   0x080001ed   Thumb Code    28  __scatter_zi.o(!!handler_zi)
    _printf_n                                0x08000209   Thumb Code     0  _printf_n.o(.ARM.Collect$$_printf_percent$$00000001)
    _printf_percent                          0x08000209   Thumb Code     0  _printf_percent.o(.ARM.Collect$$_printf_percent$$00000000)
    _printf_p                                0x0800020f   Thumb Code     0  _printf_p.o(.ARM.Collect$$_printf_percent$$00000002)
    _printf_f                                0x08000215   Thumb Code     0  _printf_f.o(.ARM.Collect$$_printf_percent$$00000003)
    _printf_e                                0x0800021b   Thumb Code     0  _printf_e.o(.ARM.Collect$$_printf_percent$$00000004)
    _printf_g                                0x08000221   Thumb Code     0  _printf_g.o(.ARM.Collect$$_printf_percent$$00000005)
    _printf_a                                0x08000227   Thumb Code     0  _printf_a.o(.ARM.Collect$$_printf_percent$$00000006)
    _printf_ll                               0x0800022d   Thumb Code     0  _printf_ll.o(.ARM.Collect$$_printf_percent$$00000007)
    _printf_i                                0x08000237   Thumb Code     0  _printf_i.o(.ARM.Collect$$_printf_percent$$00000008)
    _printf_d                                0x0800023d   Thumb Code     0  _printf_d.o(.ARM.Collect$$_printf_percent$$00000009)
    _printf_u                                0x08000243   Thumb Code     0  _printf_u.o(.ARM.Collect$$_printf_percent$$0000000A)
    _printf_o                                0x08000249   Thumb Code     0  _printf_o.o(.ARM.Collect$$_printf_percent$$0000000B)
    _printf_x                                0x0800024f   Thumb Code     0  _printf_x.o(.ARM.Collect$$_printf_percent$$0000000C)
    _printf_lli                              0x08000255   Thumb Code     0  _printf_lli.o(.ARM.Collect$$_printf_percent$$0000000D)
    _printf_lld                              0x0800025b   Thumb Code     0  _printf_lld.o(.ARM.Collect$$_printf_percent$$0000000E)
    _printf_llu                              0x08000261   Thumb Code     0  _printf_llu.o(.ARM.Collect$$_printf_percent$$0000000F)
    _printf_llo                              0x08000267   Thumb Code     0  _printf_llo.o(.ARM.Collect$$_printf_percent$$00000010)
    _printf_llx                              0x0800026d   Thumb Code     0  _printf_llx.o(.ARM.Collect$$_printf_percent$$00000011)
    _printf_l                                0x08000273   Thumb Code     0  _printf_l.o(.ARM.Collect$$_printf_percent$$00000012)
    _printf_c                                0x0800027d   Thumb Code     0  _printf_c.o(.ARM.Collect$$_printf_percent$$00000013)
    _printf_s                                0x08000283   Thumb Code     0  _printf_s.o(.ARM.Collect$$_printf_percent$$00000014)
    _printf_lc                               0x08000289   Thumb Code     0  _printf_lc.o(.ARM.Collect$$_printf_percent$$00000015)
    _printf_ls                               0x0800028f   Thumb Code     0  _printf_ls.o(.ARM.Collect$$_printf_percent$$00000016)
    _printf_percent_end                      0x08000295   Thumb Code     0  _printf_percent_end.o(.ARM.Collect$$_printf_percent$$00000017)
    __rt_lib_init                            0x08000299   Thumb Code     0  libinit.o(.ARM.Collect$$libinit$$00000000)
    __rt_lib_init_fp_1                       0x0800029b   Thumb Code     0  libinit2.o(.ARM.Collect$$libinit$$00000001)
    __rt_lib_init_heap_1                     0x0800029f   Thumb Code     0  libinit2.o(.ARM.Collect$$libinit$$0000000C)
    __rt_lib_init_lc_common                  0x0800029f   Thumb Code     0  libinit2.o(.ARM.Collect$$libinit$$00000011)
    __rt_lib_init_preinit_1                  0x0800029f   Thumb Code     0  libinit2.o(.ARM.Collect$$libinit$$00000006)
    __rt_lib_init_rand_1                     0x0800029f   Thumb Code     0  libinit2.o(.ARM.Collect$$libinit$$00000010)
    __rt_lib_init_relocate_pie_1             0x0800029f   Thumb Code     0  libinit2.o(.ARM.Collect$$libinit$$00000004)
    __rt_lib_init_user_alloc_1               0x0800029f   Thumb Code     0  libinit2.o(.ARM.Collect$$libinit$$0000000E)
    __rt_lib_init_lc_collate_1               0x080002a5   Thumb Code     0  libinit2.o(.ARM.Collect$$libinit$$00000013)
    __rt_lib_init_lc_ctype_2                 0x080002a5   Thumb Code     0  libinit2.o(.ARM.Collect$$libinit$$00000014)
    __rt_lib_init_lc_ctype_1                 0x080002b1   Thumb Code     0  libinit2.o(.ARM.Collect$$libinit$$00000015)
    __rt_lib_init_lc_monetary_1              0x080002b1   Thumb Code     0  libinit2.o(.ARM.Collect$$libinit$$00000017)
    __rt_lib_init_lc_numeric_2               0x080002b1   Thumb Code     0  libinit2.o(.ARM.Collect$$libinit$$00000018)
    __rt_lib_init_alloca_1                   0x080002bb   Thumb Code     0  libinit2.o(.ARM.Collect$$libinit$$00000030)
    __rt_lib_init_argv_1                     0x080002bb   Thumb Code     0  libinit2.o(.ARM.Collect$$libinit$$0000002E)
    __rt_lib_init_atexit_1                   0x080002bb   Thumb Code     0  libinit2.o(.ARM.Collect$$libinit$$0000001D)
    __rt_lib_init_clock_1                    0x080002bb   Thumb Code     0  libinit2.o(.ARM.Collect$$libinit$$00000023)
    __rt_lib_init_cpp_1                      0x080002bb   Thumb Code     0  libinit2.o(.ARM.Collect$$libinit$$00000034)
    __rt_lib_init_exceptions_1               0x080002bb   Thumb Code     0  libinit2.o(.ARM.Collect$$libinit$$00000032)
    __rt_lib_init_fp_trap_1                  0x080002bb   Thumb Code     0  libinit2.o(.ARM.Collect$$libinit$$00000021)
    __rt_lib_init_getenv_1                   0x080002bb   Thumb Code     0  libinit2.o(.ARM.Collect$$libinit$$00000025)
    __rt_lib_init_lc_numeric_1               0x080002bb   Thumb Code     0  libinit2.o(.ARM.Collect$$libinit$$00000019)
    __rt_lib_init_lc_time_1                  0x080002bb   Thumb Code     0  libinit2.o(.ARM.Collect$$libinit$$0000001B)
    __rt_lib_init_return                     0x080002bb   Thumb Code     0  libinit2.o(.ARM.Collect$$libinit$$00000035)
    __rt_lib_init_signal_1                   0x080002bb   Thumb Code     0  libinit2.o(.ARM.Collect$$libinit$$0000001F)
    __rt_lib_init_stdio_1                    0x080002bb   Thumb Code     0  libinit2.o(.ARM.Collect$$libinit$$00000027)
    __rt_lib_shutdown                        0x080002bd   Thumb Code     0  libshutdown.o(.ARM.Collect$$libshutdown$$00000000)
    __rt_lib_shutdown_cpp_1                  0x080002bf   Thumb Code     0  libshutdown2.o(.ARM.Collect$$libshutdown$$00000002)
    __rt_lib_shutdown_fp_trap_1              0x080002bf   Thumb Code     0  libshutdown2.o(.ARM.Collect$$libshutdown$$00000007)
    __rt_lib_shutdown_heap_1                 0x080002bf   Thumb Code     0  libshutdown2.o(.ARM.Collect$$libshutdown$$0000000F)
    __rt_lib_shutdown_return                 0x080002bf   Thumb Code     0  libshutdown2.o(.ARM.Collect$$libshutdown$$00000010)
    __rt_lib_shutdown_signal_1               0x080002bf   Thumb Code     0  libshutdown2.o(.ARM.Collect$$libshutdown$$0000000A)
    __rt_lib_shutdown_stdio_1                0x080002bf   Thumb Code     0  libshutdown2.o(.ARM.Collect$$libshutdown$$00000004)
    __rt_lib_shutdown_user_alloc_1           0x080002bf   Thumb Code     0  libshutdown2.o(.ARM.Collect$$libshutdown$$0000000C)
    __rt_entry                               0x080002c1   Thumb Code     0  __rtentry.o(.ARM.Collect$$rtentry$$00000000)
    __rt_entry_presh_1                       0x080002c1   Thumb Code     0  __rtentry2.o(.ARM.Collect$$rtentry$$00000002)
    __rt_entry_sh                            0x080002c1   Thumb Code     0  __rtentry4.o(.ARM.Collect$$rtentry$$00000004)
    __rt_entry_li                            0x080002c7   Thumb Code     0  __rtentry2.o(.ARM.Collect$$rtentry$$0000000A)
    __rt_entry_postsh_1                      0x080002c7   Thumb Code     0  __rtentry2.o(.ARM.Collect$$rtentry$$00000009)
    __rt_entry_main                          0x080002cb   Thumb Code     0  __rtentry2.o(.ARM.Collect$$rtentry$$0000000D)
    __rt_entry_postli_1                      0x080002cb   Thumb Code     0  __rtentry2.o(.ARM.Collect$$rtentry$$0000000C)
    __rt_exit                                0x080002d3   Thumb Code     0  rtexit.o(.ARM.Collect$$rtexit$$00000000)
    __rt_exit_ls                             0x080002d5   Thumb Code     0  rtexit2.o(.ARM.Collect$$rtexit$$00000003)
    __rt_exit_prels_1                        0x080002d5   Thumb Code     0  rtexit2.o(.ARM.Collect$$rtexit$$00000002)
    __rt_exit_exit                           0x080002d9   Thumb Code     0  rtexit2.o(.ARM.Collect$$rtexit$$00000004)
    Reset_Handler                            0x080002e1   Thumb Code     8  startup_stm32f401xe.o(.text)
    NMI_Handler                              0x080002e9   Thumb Code     2  startup_stm32f401xe.o(.text)
    HardFault_Handler                        0x080002eb   Thumb Code     2  startup_stm32f401xe.o(.text)
    MemManage_Handler                        0x080002ed   Thumb Code     2  startup_stm32f401xe.o(.text)
    BusFault_Handler                         0x080002ef   Thumb Code     2  startup_stm32f401xe.o(.text)
    UsageFault_Handler                       0x080002f1   Thumb Code     2  startup_stm32f401xe.o(.text)
    SVC_Handler                              0x080002f3   Thumb Code     2  startup_stm32f401xe.o(.text)
    DebugMon_Handler                         0x080002f5   Thumb Code     2  startup_stm32f401xe.o(.text)
    PendSV_Handler                           0x080002f7   Thumb Code     2  startup_stm32f401xe.o(.text)
    SysTick_Handler                          0x080002f9   Thumb Code     2  startup_stm32f401xe.o(.text)
    ADC_IRQHandler                           0x080002fb   Thumb Code     0  startup_stm32f401xe.o(.text)
    DMA1_Stream0_IRQHandler                  0x080002fb   Thumb Code     0  startup_stm32f401xe.o(.text)
    DMA1_Stream1_IRQHandler                  0x080002fb   Thumb Code     0  startup_stm32f401xe.o(.text)
    DMA1_Stream2_IRQHandler                  0x080002fb   Thumb Code     0  startup_stm32f401xe.o(.text)
    DMA1_Stream3_IRQHandler                  0x080002fb   Thumb Code     0  startup_stm32f401xe.o(.text)
    DMA1_Stream4_IRQHandler                  0x080002fb   Thumb Code     0  startup_stm32f401xe.o(.text)
    DMA1_Stream5_IRQHandler                  0x080002fb   Thumb Code     0  startup_stm32f401xe.o(.text)
    DMA1_Stream6_IRQHandler                  0x080002fb   Thumb Code     0  startup_stm32f401xe.o(.text)
    DMA1_Stream7_IRQHandler                  0x080002fb   Thumb Code     0  startup_stm32f401xe.o(.text)
    DMA2_Stream0_IRQHandler                  0x080002fb   Thumb Code     0  startup_stm32f401xe.o(.text)
    DMA2_Stream1_IRQHandler                  0x080002fb   Thumb Code     0  startup_stm32f401xe.o(.text)
    DMA2_Stream2_IRQHandler                  0x080002fb   Thumb Code     0  startup_stm32f401xe.o(.text)
    DMA2_Stream3_IRQHandler                  0x080002fb   Thumb Code     0  startup_stm32f401xe.o(.text)
    DMA2_Stream4_IRQHandler                  0x080002fb   Thumb Code     0  startup_stm32f401xe.o(.text)
    DMA2_Stream5_IRQHandler                  0x080002fb   Thumb Code     0  startup_stm32f401xe.o(.text)
    DMA2_Stream6_IRQHandler                  0x080002fb   Thumb Code     0  startup_stm32f401xe.o(.text)
    DMA2_Stream7_IRQHandler                  0x080002fb   Thumb Code     0  startup_stm32f401xe.o(.text)
    EXTI0_IRQHandler                         0x080002fb   Thumb Code     0  startup_stm32f401xe.o(.text)
    EXTI15_10_IRQHandler                     0x080002fb   Thumb Code     0  startup_stm32f401xe.o(.text)
    EXTI1_IRQHandler                         0x080002fb   Thumb Code     0  startup_stm32f401xe.o(.text)
    EXTI2_IRQHandler                         0x080002fb   Thumb Code     0  startup_stm32f401xe.o(.text)
    EXTI3_IRQHandler                         0x080002fb   Thumb Code     0  startup_stm32f401xe.o(.text)
    EXTI4_IRQHandler                         0x080002fb   Thumb Code     0  startup_stm32f401xe.o(.text)
    EXTI9_5_IRQHandler                       0x080002fb   Thumb Code     0  startup_stm32f401xe.o(.text)
    FLASH_IRQHandler                         0x080002fb   Thumb Code     0  startup_stm32f401xe.o(.text)
    FPU_IRQHandler                           0x080002fb   Thumb Code     0  startup_stm32f401xe.o(.text)
    I2C1_ER_IRQHandler                       0x080002fb   Thumb Code     0  startup_stm32f401xe.o(.text)
    I2C1_EV_IRQHandler                       0x080002fb   Thumb Code     0  startup_stm32f401xe.o(.text)
    I2C2_ER_IRQHandler                       0x080002fb   Thumb Code     0  startup_stm32f401xe.o(.text)
    I2C2_EV_IRQHandler                       0x080002fb   Thumb Code     0  startup_stm32f401xe.o(.text)
    I2C3_ER_IRQHandler                       0x080002fb   Thumb Code     0  startup_stm32f401xe.o(.text)
    I2C3_EV_IRQHandler                       0x080002fb   Thumb Code     0  startup_stm32f401xe.o(.text)
    OTG_FS_IRQHandler                        0x080002fb   Thumb Code     0  startup_stm32f401xe.o(.text)
    OTG_FS_WKUP_IRQHandler                   0x080002fb   Thumb Code     0  startup_stm32f401xe.o(.text)
    PVD_IRQHandler                           0x080002fb   Thumb Code     0  startup_stm32f401xe.o(.text)
    RCC_IRQHandler                           0x080002fb   Thumb Code     0  startup_stm32f401xe.o(.text)
    RTC_Alarm_IRQHandler                     0x080002fb   Thumb Code     0  startup_stm32f401xe.o(.text)
    RTC_WKUP_IRQHandler                      0x080002fb   Thumb Code     0  startup_stm32f401xe.o(.text)
    SDIO_IRQHandler                          0x080002fb   Thumb Code     0  startup_stm32f401xe.o(.text)
    SPI1_IRQHandler                          0x080002fb   Thumb Code     0  startup_stm32f401xe.o(.text)
    SPI2_IRQHandler                          0x080002fb   Thumb Code     0  startup_stm32f401xe.o(.text)
    SPI3_IRQHandler                          0x080002fb   Thumb Code     0  startup_stm32f401xe.o(.text)
    SPI4_IRQHandler                          0x080002fb   Thumb Code     0  startup_stm32f401xe.o(.text)
    TAMP_STAMP_IRQHandler                    0x080002fb   Thumb Code     0  startup_stm32f401xe.o(.text)
    TIM1_BRK_TIM9_IRQHandler                 0x080002fb   Thumb Code     0  startup_stm32f401xe.o(.text)
    TIM1_CC_IRQHandler                       0x080002fb   Thumb Code     0  startup_stm32f401xe.o(.text)
    TIM1_TRG_COM_TIM11_IRQHandler            0x080002fb   Thumb Code     0  startup_stm32f401xe.o(.text)
    TIM1_UP_TIM10_IRQHandler                 0x080002fb   Thumb Code     0  startup_stm32f401xe.o(.text)
    TIM3_IRQHandler                          0x080002fb   Thumb Code     0  startup_stm32f401xe.o(.text)
    TIM4_IRQHandler                          0x080002fb   Thumb Code     0  startup_stm32f401xe.o(.text)
    TIM5_IRQHandler                          0x080002fb   Thumb Code     0  startup_stm32f401xe.o(.text)
    USART1_IRQHandler                        0x080002fb   Thumb Code     0  startup_stm32f401xe.o(.text)
    USART2_IRQHandler                        0x080002fb   Thumb Code     0  startup_stm32f401xe.o(.text)
    USART6_IRQHandler                        0x080002fb   Thumb Code     0  startup_stm32f401xe.o(.text)
    WWDG_IRQHandler                          0x080002fb   Thumb Code     0  startup_stm32f401xe.o(.text)
    __user_initial_stackheap                 0x080002fd   Thumb Code     0  startup_stm32f401xe.o(.text)
    vsprintf                                 0x08000321   Thumb Code    32  vsprintf.o(.text)
    strlen                                   0x08000345   Thumb Code    62  strlen.o(.text)
    __use_two_region_memory                  0x08000383   Thumb Code     2  heapauxi.o(.text)
    __rt_heap_escrow$2region                 0x08000385   Thumb Code     2  heapauxi.o(.text)
    __rt_heap_expand$2region                 0x08000387   Thumb Code     2  heapauxi.o(.text)
    __read_errno                             0x08000389   Thumb Code    10  _rserrno.o(.text)
    __set_errno                              0x08000393   Thumb Code    12  _rserrno.o(.text)
    _printf_pre_padding                      0x0800039f   Thumb Code    44  _printf_pad.o(.text)
    _printf_post_padding                     0x080003cb   Thumb Code    34  _printf_pad.o(.text)
    _printf_truncate_signed                  0x080003ed   Thumb Code    18  _printf_truncate.o(.text)
    _printf_truncate_unsigned                0x080003ff   Thumb Code    18  _printf_truncate.o(.text)
    _printf_str                              0x08000411   Thumb Code    82  _printf_str.o(.text)
    _printf_int_dec                          0x08000465   Thumb Code   104  _printf_dec.o(.text)
    _printf_charcount                        0x080004dd   Thumb Code    40  _printf_charcount.o(.text)
    _printf_char_common                      0x0800050f   Thumb Code    32  _printf_char_common.o(.text)
    _sputc                                   0x08000535   Thumb Code    10  _sputc.o(.text)
    _printf_wctomb                           0x08000541   Thumb Code   182  _printf_wctomb.o(.text)
    _printf_longlong_dec                     0x080005fd   Thumb Code   108  _printf_longlong_dec.o(.text)
    _printf_longlong_oct                     0x08000679   Thumb Code    68  _printf_oct_int_ll.o(.text)
    _printf_int_oct                          0x080006bd   Thumb Code    24  _printf_oct_int_ll.o(.text)
    _printf_ll_oct                           0x080006d5   Thumb Code    12  _printf_oct_int_ll.o(.text)
    _printf_longlong_hex                     0x080006e9   Thumb Code    86  _printf_hex_int_ll_ptr.o(.text)
    _printf_int_hex                          0x0800073f   Thumb Code    28  _printf_hex_int_ll_ptr.o(.text)
    _printf_ll_hex                           0x0800075b   Thumb Code    12  _printf_hex_int_ll_ptr.o(.text)
    _printf_hex_ptr                          0x08000767   Thumb Code    18  _printf_hex_int_ll_ptr.o(.text)
    __printf                                 0x0800077d   Thumb Code   388  __printf_flags_ss_wp.o(.text)
    __aeabi_errno_addr                       0x08000905   Thumb Code     8  rt_errno_addr_intlibspace.o(.text)
    __errno$intlibspace                      0x08000905   Thumb Code     0  rt_errno_addr_intlibspace.o(.text)
    __rt_errno_addr$intlibspace              0x08000905   Thumb Code     0  rt_errno_addr_intlibspace.o(.text)
    _ll_udiv10                               0x0800090d   Thumb Code   138  lludiv10.o(.text)
    _printf_int_common                       0x08000997   Thumb Code   178  _printf_intcommon.o(.text)
    _printf_fp_dec_real                      0x08000bf9   Thumb Code   620  _printf_fp_dec.o(.text)
    _printf_fp_hex_real                      0x08000e65   Thumb Code   756  _printf_fp_hex.o(.text)
    _printf_cs_common                        0x08001161   Thumb Code    20  _printf_char.o(.text)
    _printf_char                             0x08001175   Thumb Code    16  _printf_char.o(.text)
    _printf_string                           0x08001185   Thumb Code     8  _printf_char.o(.text)
    _printf_lcs_common                       0x0800118d   Thumb Code    20  _printf_wchar.o(.text)
    _printf_wchar                            0x080011a1   Thumb Code    16  _printf_wchar.o(.text)
    _printf_wstring                          0x080011b1   Thumb Code     8  _printf_wchar.o(.text)
    _c16rtomb                                0x080011b9   Thumb Code    72  _c16rtomb.o(.text)
    _wcrtomb                                 0x080011b9   Thumb Code     0  _c16rtomb.o(.text)
    __user_libspace                          0x08001201   Thumb Code     8  libspace.o(.text)
    __user_perproc_libspace                  0x08001201   Thumb Code     0  libspace.o(.text)
    __user_perthread_libspace                0x08001201   Thumb Code     0  libspace.o(.text)
    __user_setup_stackheap                   0x08001209   Thumb Code    74  sys_stackheap_outer.o(.text)
    __rt_ctype_table                         0x08001255   Thumb Code    16  rt_ctype_table.o(.text)
    __rt_locale                              0x08001265   Thumb Code     8  rt_locale_intlibspace.o(.text)
    _printf_fp_infnan                        0x0800126d   Thumb Code   112  _printf_fp_infnan.o(.text)
    _btod_etento                             0x080012ed   Thumb Code   224  bigflt0.o(.text)
    exit                                     0x080013d1   Thumb Code    18  exit.o(.text)
    strcmp                                   0x080013e9   Thumb Code   124  strcmpv7em.o(.text)
    _sys_exit                                0x08001465   Thumb Code     8  sys_exit.o(.text)
    __I$use$semihosting                      0x08001471   Thumb Code     0  use_no_semi.o(.text)
    __use_no_semihosting_swi                 0x08001471   Thumb Code     2  use_no_semi.o(.text)
    __semihosting_library_function           0x08001473   Thumb Code     0  indicate_semi.o(.text)
    SystemInit                               0x08001475   Thumb Code    18  system_stm32f4xx.o(.text.SystemInit)
    TIM2Init                                 0x08001489   Thumb Code    76  main.o(.text.TIM2Init)
    TIM2_IRQHandler                          0x080014d9   Thumb Code  1144  main.o(.text.TIM2_IRQHandler)
    counts_to_radian                         0x08001981   Thumb Code    88  main.o(.text.counts_to_radian)
    encoderCount16bit                        0x080019d9   Thumb Code    94  tim_encmode.o(.text.encoderCount16bit)
    encoderCount32bit                        0x08001a39   Thumb Code    12  tim_encmode.o(.text.encoderCount32bit)
    encoderInit16bit                         0x08001a45   Thumb Code   436  tim_encmode.o(.text.encoderInit16bit)
    encoderInit32bit                         0x08001bf9   Thumb Code   342  tim_encmode.o(.text.encoderInit32bit)
    main                                     0x08001d51   Thumb Code   128  main.o(.text.main)
    nucleoLedInit                            0x08001dd1   Thumb Code    40  nucleosetup.o(.text.nucleoLedInit)
    print                                    0x08001df9   Thumb Code   126  print.o(.text.print)
    printInit                                0x08001e79   Thumb Code   438  print.o(.text.printInit)
    rccSetup                                 0x08002031   Thumb Code   152  nucleosetup.o(.text.rccSetup)
    _btod_d2e                                0x080020c9   Thumb Code    62  btod.o(CL$$btod_d2e)
    _d2e_denorm_low                          0x08002107   Thumb Code    70  btod.o(CL$$btod_d2e_denorm_low)
    _d2e_norm_op1                            0x0800214d   Thumb Code    96  btod.o(CL$$btod_d2e_norm_op1)
    __btod_div_common                        0x080021ad   Thumb Code   696  btod.o(CL$$btod_div_common)
    _e2e                                     0x080024e5   Thumb Code   220  btod.o(CL$$btod_e2e)
    _btod_ediv                               0x080025c1   Thumb Code    42  btod.o(CL$$btod_ediv)
    _btod_emul                               0x080025eb   Thumb Code    42  btod.o(CL$$btod_emul)
    __btod_mult_common                       0x08002615   Thumb Code   580  btod.o(CL$$btod_mult_common)
    __ARM_fpclassify                         0x08002859   Thumb Code    48  fpclassify.o(i.__ARM_fpclassify)
    __hardfp_cos                             0x08002889   Thumb Code   180  cos.o(i.__hardfp_cos)
    __hardfp_sin                             0x08002951   Thumb Code   180  sin.o(i.__hardfp_sin)
    __ieee754_rem_pio2                       0x08002a19   Thumb Code   938  rred.o(i.__ieee754_rem_pio2)
    __kernel_cos                             0x08002e51   Thumb Code   322  cos_i.o(i.__kernel_cos)
    __kernel_poly                            0x08002fc1   Thumb Code   248  poly.o(i.__kernel_poly)
    __kernel_sin                             0x080030b9   Thumb Code   280  sin_i.o(i.__kernel_sin)
    __mathlib_dbl_infnan                     0x080031e9   Thumb Code    20  dunder.o(i.__mathlib_dbl_infnan)
    __mathlib_dbl_invalid                    0x08003201   Thumb Code    24  dunder.o(i.__mathlib_dbl_invalid)
    __mathlib_dbl_underflow                  0x08003221   Thumb Code    24  dunder.o(i.__mathlib_dbl_underflow)
    _is_digit                                0x08003241   Thumb Code    14  __printf_wp.o(i._is_digit)
    fabs                                     0x0800324f   Thumb Code    24  fabs.o(i.fabs)
    _get_lc_numeric                          0x08003269   Thumb Code    44  lc_numeric_c.o(locale$$code)
    _get_lc_ctype                            0x08003295   Thumb Code    44  lc_ctype_c.o(locale$$code)
    __aeabi_dneg                             0x080032c1   Thumb Code     0  basic.o(x$fpl$basic)
    _dneg                                    0x080032c1   Thumb Code     6  basic.o(x$fpl$basic)
    __aeabi_fneg                             0x080032c7   Thumb Code     0  basic.o(x$fpl$basic)
    _fneg                                    0x080032c7   Thumb Code     6  basic.o(x$fpl$basic)
    _dabs                                    0x080032cd   Thumb Code     6  basic.o(x$fpl$basic)
    _fabs                                    0x080032d3   Thumb Code     6  basic.o(x$fpl$basic)
    __aeabi_dadd                             0x080032d9   Thumb Code     0  daddsub_clz.o(x$fpl$dadd)
    _dadd                                    0x080032d9   Thumb Code   332  daddsub_clz.o(x$fpl$dadd)
    __aeabi_ddiv                             0x08003429   Thumb Code     0  ddiv.o(x$fpl$ddiv)
    _ddiv                                    0x08003429   Thumb Code   556  ddiv.o(x$fpl$ddiv)
    __aeabi_d2iz                             0x080036dd   Thumb Code     0  dfix.o(x$fpl$dfix)
    _dfix                                    0x080036dd   Thumb Code    94  dfix.o(x$fpl$dfix)
    __aeabi_i2d                              0x0800373b   Thumb Code     0  dflt_clz.o(x$fpl$dflt)
    _dflt                                    0x0800373b   Thumb Code    46  dflt_clz.o(x$fpl$dflt)
    __aeabi_ui2d                             0x08003769   Thumb Code     0  dflt_clz.o(x$fpl$dfltu)
    _dfltu                                   0x08003769   Thumb Code    38  dflt_clz.o(x$fpl$dfltu)
    __aeabi_dmul                             0x08003791   Thumb Code     0  dmul.o(x$fpl$dmul)
    _dmul                                    0x08003791   Thumb Code   332  dmul.o(x$fpl$dmul)
    __fpl_dnaninf                            0x080038e5   Thumb Code   156  dnaninf.o(x$fpl$dnaninf)
    __fpl_dretinf                            0x08003981   Thumb Code    12  dretinf.o(x$fpl$dretinf)
    __aeabi_drsub                            0x0800398d   Thumb Code     0  daddsub_clz.o(x$fpl$drsb)
    _drsb                                    0x0800398d   Thumb Code    22  daddsub_clz.o(x$fpl$drsb)
    __aeabi_dsub                             0x080039a5   Thumb Code     0  daddsub_clz.o(x$fpl$dsub)
    _dsub                                    0x080039a5   Thumb Code   472  daddsub_clz.o(x$fpl$dsub)
    _fp_init                                 0x08003b81   Thumb Code    26  fpinit.o(x$fpl$fpinit)
    __fplib_config_fpu_vfp                   0x08003b99   Thumb Code     0  fpinit.o(x$fpl$fpinit)
    __fplib_config_pureend_doubles           0x08003b99   Thumb Code     0  fpinit.o(x$fpl$fpinit)
    _printf_fp_dec                           0x08003b9b   Thumb Code     4  printf1.o(x$fpl$printf1)
    _printf_fp_hex                           0x08003b9f   Thumb Code     4  printf2.o(x$fpl$printf2)
    __I$use$fp                               0x08003ba2   Number         0  usenofp.o(x$fpl$usenofp)
    Region$$Table$$Base                      0x08003dd8   Number         0  anon$$obj.o(Region$$Table)
    Region$$Table$$Limit                     0x08003df8   Number         0  anon$$obj.o(Region$$Table)
    __ctype                                  0x08003e21   Data           0  lc_ctype_c.o(locale$$data)
    __libspace_start                         0x20000048   Data          96  libspace.o(.bss)
    __temporary_stack_top$libspace           0x200000a8   Data           0  libspace.o(.bss)
    left_wheel_omega                         0x200000c8   Data           8  main.o(.bss.left_wheel_omega)
    left_wheel_x                             0x200000d0   Data           8  main.o(.bss.left_wheel_x)
    right_wheel_omega                        0x200000d8   Data           8  main.o(.bss.right_wheel_omega)
    right_wheel_x                            0x200000e0   Data           8  main.o(.bss.right_wheel_x)



==============================================================================

Memory Map of the image

  Image Entry point : 0x080002e1

  Load Region LR_1 (Base: 0x08000000, Size: 0x00003f6c, Max: 0xffffffff, ABSOLUTE)

    Execution Region ER_RO (Exec base: 0x08000000, Load base: 0x08000000, Size: 0x00003f24, Max: 0xffffffff, ABSOLUTE)

    Exec Addr    Load Addr    Size         Type   Attr      Idx    E Section Name        Object

    0x08000000   0x08000000   0x00000194   Data   RO           76    RESET               startup_stm32f401xe.o
    0x08000194   0x08000194   0x00000008   Code   RO          105  * !!!main             c_w.l(__main.o)
    0x0800019c   0x0800019c   0x00000034   Code   RO          522    !!!scatter          c_w.l(__scatter.o)
    0x080001d0   0x080001d0   0x0000001a   Code   RO          524    !!handler_copy      c_w.l(__scatter_copy.o)
    0x080001ea   0x080001ea   0x00000002   PAD
    0x080001ec   0x080001ec   0x0000001c   Code   RO          526    !!handler_zi        c_w.l(__scatter_zi.o)
    0x08000208   0x08000208   0x00000000   Code   RO          221    .ARM.Collect$$_printf_percent$$00000000  c_w.l(_printf_percent.o)
    0x08000208   0x08000208   0x00000006   Code   RO          210    .ARM.Collect$$_printf_percent$$00000001  c_w.l(_printf_n.o)
    0x0800020e   0x0800020e   0x00000006   Code   RO          212    .ARM.Collect$$_printf_percent$$00000002  c_w.l(_printf_p.o)
    0x08000214   0x08000214   0x00000006   Code   RO          217    .ARM.Collect$$_printf_percent$$00000003  c_w.l(_printf_f.o)
    0x0800021a   0x0800021a   0x00000006   Code   RO          218    .ARM.Collect$$_printf_percent$$00000004  c_w.l(_printf_e.o)
    0x08000220   0x08000220   0x00000006   Code   RO          219    .ARM.Collect$$_printf_percent$$00000005  c_w.l(_printf_g.o)
    0x08000226   0x08000226   0x00000006   Code   RO          220    .ARM.Collect$$_printf_percent$$00000006  c_w.l(_printf_a.o)
    0x0800022c   0x0800022c   0x0000000a   Code   RO          225    .ARM.Collect$$_printf_percent$$00000007  c_w.l(_printf_ll.o)
    0x08000236   0x08000236   0x00000006   Code   RO          214    .ARM.Collect$$_printf_percent$$00000008  c_w.l(_printf_i.o)
    0x0800023c   0x0800023c   0x00000006   Code   RO          215    .ARM.Collect$$_printf_percent$$00000009  c_w.l(_printf_d.o)
    0x08000242   0x08000242   0x00000006   Code   RO          216    .ARM.Collect$$_printf_percent$$0000000A  c_w.l(_printf_u.o)
    0x08000248   0x08000248   0x00000006   Code   RO          213    .ARM.Collect$$_printf_percent$$0000000B  c_w.l(_printf_o.o)
    0x0800024e   0x0800024e   0x00000006   Code   RO          211    .ARM.Collect$$_printf_percent$$0000000C  c_w.l(_printf_x.o)
    0x08000254   0x08000254   0x00000006   Code   RO          222    .ARM.Collect$$_printf_percent$$0000000D  c_w.l(_printf_lli.o)
    0x0800025a   0x0800025a   0x00000006   Code   RO          223    .ARM.Collect$$_printf_percent$$0000000E  c_w.l(_printf_lld.o)
    0x08000260   0x08000260   0x00000006   Code   RO          224    .ARM.Collect$$_printf_percent$$0000000F  c_w.l(_printf_llu.o)
    0x08000266   0x08000266   0x00000006   Code   RO          229    .ARM.Collect$$_printf_percent$$00000010  c_w.l(_printf_llo.o)
    0x0800026c   0x0800026c   0x00000006   Code   RO          230    .ARM.Collect$$_printf_percent$$00000011  c_w.l(_printf_llx.o)
    0x08000272   0x08000272   0x0000000a   Code   RO          226    .ARM.Collect$$_printf_percent$$00000012  c_w.l(_printf_l.o)
    0x0800027c   0x0800027c   0x00000006   Code   RO          208    .ARM.Collect$$_printf_percent$$00000013  c_w.l(_printf_c.o)
    0x08000282   0x08000282   0x00000006   Code   RO          209    .ARM.Collect$$_printf_percent$$00000014  c_w.l(_printf_s.o)
    0x08000288   0x08000288   0x00000006   Code   RO          227    .ARM.Collect$$_printf_percent$$00000015  c_w.l(_printf_lc.o)
    0x0800028e   0x0800028e   0x00000006   Code   RO          228    .ARM.Collect$$_printf_percent$$00000016  c_w.l(_printf_ls.o)
    0x08000294   0x08000294   0x00000004   Code   RO          308    .ARM.Collect$$_printf_percent$$00000017  c_w.l(_printf_percent_end.o)
    0x08000298   0x08000298   0x00000002   Code   RO          376    .ARM.Collect$$libinit$$00000000  c_w.l(libinit.o)
    0x0800029a   0x0800029a   0x00000004   Code   RO          388    .ARM.Collect$$libinit$$00000001  c_w.l(libinit2.o)
    0x0800029e   0x0800029e   0x00000000   Code   RO          391    .ARM.Collect$$libinit$$00000004  c_w.l(libinit2.o)
    0x0800029e   0x0800029e   0x00000000   Code   RO          393    .ARM.Collect$$libinit$$00000006  c_w.l(libinit2.o)
    0x0800029e   0x0800029e   0x00000000   Code   RO          396    .ARM.Collect$$libinit$$0000000C  c_w.l(libinit2.o)
    0x0800029e   0x0800029e   0x00000000   Code   RO          398    .ARM.Collect$$libinit$$0000000E  c_w.l(libinit2.o)
    0x0800029e   0x0800029e   0x00000000   Code   RO          400    .ARM.Collect$$libinit$$00000010  c_w.l(libinit2.o)
    0x0800029e   0x0800029e   0x00000006   Code   RO          401    .ARM.Collect$$libinit$$00000011  c_w.l(libinit2.o)
    0x080002a4   0x080002a4   0x00000000   Code   RO          403    .ARM.Collect$$libinit$$00000013  c_w.l(libinit2.o)
    0x080002a4   0x080002a4   0x0000000c   Code   RO          404    .ARM.Collect$$libinit$$00000014  c_w.l(libinit2.o)
    0x080002b0   0x080002b0   0x00000000   Code   RO          405    .ARM.Collect$$libinit$$00000015  c_w.l(libinit2.o)
    0x080002b0   0x080002b0   0x00000000   Code   RO          407    .ARM.Collect$$libinit$$00000017  c_w.l(libinit2.o)
    0x080002b0   0x080002b0   0x0000000a   Code   RO          408    .ARM.Collect$$libinit$$00000018  c_w.l(libinit2.o)
    0x080002ba   0x080002ba   0x00000000   Code   RO          409    .ARM.Collect$$libinit$$00000019  c_w.l(libinit2.o)
    0x080002ba   0x080002ba   0x00000000   Code   RO          411    .ARM.Collect$$libinit$$0000001B  c_w.l(libinit2.o)
    0x080002ba   0x080002ba   0x00000000   Code   RO          413    .ARM.Collect$$libinit$$0000001D  c_w.l(libinit2.o)
    0x080002ba   0x080002ba   0x00000000   Code   RO          415    .ARM.Collect$$libinit$$0000001F  c_w.l(libinit2.o)
    0x080002ba   0x080002ba   0x00000000   Code   RO          417    .ARM.Collect$$libinit$$00000021  c_w.l(libinit2.o)
    0x080002ba   0x080002ba   0x00000000   Code   RO          419    .ARM.Collect$$libinit$$00000023  c_w.l(libinit2.o)
    0x080002ba   0x080002ba   0x00000000   Code   RO          421    .ARM.Collect$$libinit$$00000025  c_w.l(libinit2.o)
    0x080002ba   0x080002ba   0x00000000   Code   RO          423    .ARM.Collect$$libinit$$00000027  c_w.l(libinit2.o)
    0x080002ba   0x080002ba   0x00000000   Code   RO          427    .ARM.Collect$$libinit$$0000002E  c_w.l(libinit2.o)
    0x080002ba   0x080002ba   0x00000000   Code   RO          429    .ARM.Collect$$libinit$$00000030  c_w.l(libinit2.o)
    0x080002ba   0x080002ba   0x00000000   Code   RO          431    .ARM.Collect$$libinit$$00000032  c_w.l(libinit2.o)
    0x080002ba   0x080002ba   0x00000000   Code   RO          433    .ARM.Collect$$libinit$$00000034  c_w.l(libinit2.o)
    0x080002ba   0x080002ba   0x00000002   Code   RO          434    .ARM.Collect$$libinit$$00000035  c_w.l(libinit2.o)
    0x080002bc   0x080002bc   0x00000002   Code   RO          458    .ARM.Collect$$libshutdown$$00000000  c_w.l(libshutdown.o)
    0x080002be   0x080002be   0x00000000   Code   RO          473    .ARM.Collect$$libshutdown$$00000002  c_w.l(libshutdown2.o)
    0x080002be   0x080002be   0x00000000   Code   RO          475    .ARM.Collect$$libshutdown$$00000004  c_w.l(libshutdown2.o)
    0x080002be   0x080002be   0x00000000   Code   RO          478    .ARM.Collect$$libshutdown$$00000007  c_w.l(libshutdown2.o)
    0x080002be   0x080002be   0x00000000   Code   RO          481    .ARM.Collect$$libshutdown$$0000000A  c_w.l(libshutdown2.o)
    0x080002be   0x080002be   0x00000000   Code   RO          483    .ARM.Collect$$libshutdown$$0000000C  c_w.l(libshutdown2.o)
    0x080002be   0x080002be   0x00000000   Code   RO          486    .ARM.Collect$$libshutdown$$0000000F  c_w.l(libshutdown2.o)
    0x080002be   0x080002be   0x00000002   Code   RO          487    .ARM.Collect$$libshutdown$$00000010  c_w.l(libshutdown2.o)
    0x080002c0   0x080002c0   0x00000000   Code   RO          137    .ARM.Collect$$rtentry$$00000000  c_w.l(__rtentry.o)
    0x080002c0   0x080002c0   0x00000000   Code   RO          272    .ARM.Collect$$rtentry$$00000002  c_w.l(__rtentry2.o)
    0x080002c0   0x080002c0   0x00000006   Code   RO          284    .ARM.Collect$$rtentry$$00000004  c_w.l(__rtentry4.o)
    0x080002c6   0x080002c6   0x00000000   Code   RO          274    .ARM.Collect$$rtentry$$00000009  c_w.l(__rtentry2.o)
    0x080002c6   0x080002c6   0x00000004   Code   RO          275    .ARM.Collect$$rtentry$$0000000A  c_w.l(__rtentry2.o)
    0x080002ca   0x080002ca   0x00000000   Code   RO          277    .ARM.Collect$$rtentry$$0000000C  c_w.l(__rtentry2.o)
    0x080002ca   0x080002ca   0x00000008   Code   RO          278    .ARM.Collect$$rtentry$$0000000D  c_w.l(__rtentry2.o)
    0x080002d2   0x080002d2   0x00000002   Code   RO          379    .ARM.Collect$$rtexit$$00000000  c_w.l(rtexit.o)
    0x080002d4   0x080002d4   0x00000000   Code   RO          436    .ARM.Collect$$rtexit$$00000002  c_w.l(rtexit2.o)
    0x080002d4   0x080002d4   0x00000004   Code   RO          437    .ARM.Collect$$rtexit$$00000003  c_w.l(rtexit2.o)
    0x080002d8   0x080002d8   0x00000006   Code   RO          438    .ARM.Collect$$rtexit$$00000004  c_w.l(rtexit2.o)
    0x080002de   0x080002de   0x00000002   PAD
    0x080002e0   0x080002e0   0x00000040   Code   RO           77  * .text               startup_stm32f401xe.o
    0x08000320   0x08000320   0x00000024   Code   RO           99    .text               c_w.l(vsprintf.o)
    0x08000344   0x08000344   0x0000003e   Code   RO          101    .text               c_w.l(strlen.o)
    0x08000382   0x08000382   0x00000006   Code   RO          103    .text               c_w.l(heapauxi.o)
    0x08000388   0x08000388   0x00000016   Code   RO          138    .text               c_w.l(_rserrno.o)
    0x0800039e   0x0800039e   0x0000004e   Code   RO          142    .text               c_w.l(_printf_pad.o)
    0x080003ec   0x080003ec   0x00000024   Code   RO          144    .text               c_w.l(_printf_truncate.o)
    0x08000410   0x08000410   0x00000052   Code   RO          146    .text               c_w.l(_printf_str.o)
    0x08000462   0x08000462   0x00000002   PAD
    0x08000464   0x08000464   0x00000078   Code   RO          148    .text               c_w.l(_printf_dec.o)
    0x080004dc   0x080004dc   0x00000028   Code   RO          150    .text               c_w.l(_printf_charcount.o)
    0x08000504   0x08000504   0x00000030   Code   RO          152    .text               c_w.l(_printf_char_common.o)
    0x08000534   0x08000534   0x0000000a   Code   RO          154    .text               c_w.l(_sputc.o)
    0x0800053e   0x0800053e   0x00000002   PAD
    0x08000540   0x08000540   0x000000bc   Code   RO          156    .text               c_w.l(_printf_wctomb.o)
    0x080005fc   0x080005fc   0x0000007c   Code   RO          159    .text               c_w.l(_printf_longlong_dec.o)
    0x08000678   0x08000678   0x00000070   Code   RO          165    .text               c_w.l(_printf_oct_int_ll.o)
    0x080006e8   0x080006e8   0x00000094   Code   RO          185    .text               c_w.l(_printf_hex_int_ll_ptr.o)
    0x0800077c   0x0800077c   0x00000188   Code   RO          205    .text               c_w.l(__printf_flags_ss_wp.o)
    0x08000904   0x08000904   0x00000008   Code   RO          289    .text               c_w.l(rt_errno_addr_intlibspace.o)
    0x0800090c   0x0800090c   0x0000008a   Code   RO          291    .text               c_w.l(lludiv10.o)
    0x08000996   0x08000996   0x000000b2   Code   RO          293    .text               c_w.l(_printf_intcommon.o)
    0x08000a48   0x08000a48   0x0000041c   Code   RO          295    .text               c_w.l(_printf_fp_dec.o)
    0x08000e64   0x08000e64   0x000002fc   Code   RO          299    .text               c_w.l(_printf_fp_hex.o)
    0x08001160   0x08001160   0x0000002c   Code   RO          304    .text               c_w.l(_printf_char.o)
    0x0800118c   0x0800118c   0x0000002c   Code   RO          306    .text               c_w.l(_printf_wchar.o)
    0x080011b8   0x080011b8   0x00000048   Code   RO          309    .text               c_w.l(_c16rtomb.o)
    0x08001200   0x08001200   0x00000008   Code   RO          325    .text               c_w.l(libspace.o)
    0x08001208   0x08001208   0x0000004a   Code   RO          328    .text               c_w.l(sys_stackheap_outer.o)
    0x08001252   0x08001252   0x00000002   PAD
    0x08001254   0x08001254   0x00000010   Code   RO          330    .text               c_w.l(rt_ctype_table.o)
    0x08001264   0x08001264   0x00000008   Code   RO          335    .text               c_w.l(rt_locale_intlibspace.o)
    0x0800126c   0x0800126c   0x00000080   Code   RO          337    .text               c_w.l(_printf_fp_infnan.o)
    0x080012ec   0x080012ec   0x000000e4   Code   RO          339    .text               c_w.l(bigflt0.o)
    0x080013d0   0x080013d0   0x00000012   Code   RO          369    .text               c_w.l(exit.o)
    0x080013e2   0x080013e2   0x00000006   PAD
    0x080013e8   0x080013e8   0x0000007c   Code   RO          386    .text               c_w.l(strcmpv7em.o)
    0x08001464   0x08001464   0x0000000c   Code   RO          448    .text               c_w.l(sys_exit.o)
    0x08001470   0x08001470   0x00000002   Code   RO          463    .text               c_w.l(use_no_semi.o)
    0x08001472   0x08001472   0x00000000   Code   RO          465    .text               c_w.l(indicate_semi.o)
    0x08001472   0x08001472   0x00000002   PAD
    0x08001474   0x08001474   0x00000012   Code   RO           84    .text.SystemInit    system_stm32f4xx.o
    0x08001486   0x08001486   0x00000002   PAD
    0x08001488   0x08001488   0x0000004c   Code   RO            6    .text.TIM2Init      main.o
    0x080014d4   0x080014d4   0x00000004   PAD
    0x080014d8   0x080014d8   0x00000478   Code   RO           10    .text.TIM2_IRQHandler  main.o
    0x08001950   0x08001950   0x00000030   Code   RO            8    .text.__NVIC_EnableIRQ  main.o
    0x08001980   0x08001980   0x00000058   Code   RO            2    .text.counts_to_radian  main.o
    0x080019d8   0x080019d8   0x0000005e   Code   RO           38    .text.encoderCount16bit  tim_encmode.o
    0x08001a36   0x08001a36   0x00000002   PAD
    0x08001a38   0x08001a38   0x0000000c   Code   RO           34    .text.encoderCount32bit  tim_encmode.o
    0x08001a44   0x08001a44   0x000001b4   Code   RO           36    .text.encoderInit16bit  tim_encmode.o
    0x08001bf8   0x08001bf8   0x00000156   Code   RO           32    .text.encoderInit32bit  tim_encmode.o
    0x08001d4e   0x08001d4e   0x00000002   PAD
    0x08001d50   0x08001d50   0x00000080   Code   RO            4    .text.main          main.o
    0x08001dd0   0x08001dd0   0x00000028   Code   RO           66    .text.nucleoLedInit  nucleosetup.o
    0x08001df8   0x08001df8   0x0000007e   Code   RO           50    .text.print         print.o
    0x08001e76   0x08001e76   0x00000002   PAD
    0x08001e78   0x08001e78   0x000001b6   Code   RO           48    .text.printInit     print.o
    0x0800202e   0x0800202e   0x00000002   PAD
    0x08002030   0x08002030   0x00000098   Code   RO           64    .text.rccSetup      nucleosetup.o
    0x080020c8   0x080020c8   0x0000003e   Code   RO          342    CL$$btod_d2e        c_w.l(btod.o)
    0x08002106   0x08002106   0x00000046   Code   RO          344    CL$$btod_d2e_denorm_low  c_w.l(btod.o)
    0x0800214c   0x0800214c   0x00000060   Code   RO          343    CL$$btod_d2e_norm_op1  c_w.l(btod.o)
    0x080021ac   0x080021ac   0x00000338   Code   RO          352    CL$$btod_div_common  c_w.l(btod.o)
    0x080024e4   0x080024e4   0x000000dc   Code   RO          349    CL$$btod_e2e        c_w.l(btod.o)
    0x080025c0   0x080025c0   0x0000002a   Code   RO          346    CL$$btod_ediv       c_w.l(btod.o)
    0x080025ea   0x080025ea   0x0000002a   Code   RO          345    CL$$btod_emul       c_w.l(btod.o)
    0x08002614   0x08002614   0x00000244   Code   RO          351    CL$$btod_mult_common  c_w.l(btod.o)
    0x08002858   0x08002858   0x00000030   Code   RO          321    i.__ARM_fpclassify  m_wm.l(fpclassify.o)
    0x08002888   0x08002888   0x000000c8   Code   RO          125    i.__hardfp_cos      m_wm.l(cos.o)
    0x08002950   0x08002950   0x000000c8   Code   RO          131    i.__hardfp_sin      m_wm.l(sin.o)
    0x08002a18   0x08002a18   0x00000438   Code   RO          263    i.__ieee754_rem_pio2  m_wm.l(rred.o)
    0x08002e50   0x08002e50   0x00000170   Code   RO          246    i.__kernel_cos      m_wm.l(cos_i.o)
    0x08002fc0   0x08002fc0   0x000000f8   Code   RO          323    i.__kernel_poly     m_wm.l(poly.o)
    0x080030b8   0x080030b8   0x00000130   Code   RO          268    i.__kernel_sin      m_wm.l(sin_i.o)
    0x080031e8   0x080031e8   0x00000014   Code   RO          250    i.__mathlib_dbl_infnan  m_wm.l(dunder.o)
    0x080031fc   0x080031fc   0x00000004   PAD
    0x08003200   0x08003200   0x00000020   Code   RO          252    i.__mathlib_dbl_invalid  m_wm.l(dunder.o)
    0x08003220   0x08003220   0x00000020   Code   RO          255    i.__mathlib_dbl_underflow  m_wm.l(dunder.o)
    0x08003240   0x08003240   0x0000000e   Code   RO          198    i._is_digit         c_w.l(__printf_wp.o)
    0x0800324e   0x0800324e   0x00000018   Code   RO          317    i.fabs              m_wm.l(fabs.o)
    0x08003266   0x08003266   0x00000002   PAD
    0x08003268   0x08003268   0x0000002c   Code   RO          367    locale$$code        c_w.l(lc_numeric_c.o)
    0x08003294   0x08003294   0x0000002c   Code   RO          384    locale$$code        c_w.l(lc_ctype_c.o)
    0x080032c0   0x080032c0   0x00000018   Code   RO          231    x$fpl$basic         fz_wm.l(basic.o)
    0x080032d8   0x080032d8   0x00000150   Code   RO          107    x$fpl$dadd          fz_wm.l(daddsub_clz.o)
    0x08003428   0x08003428   0x000002b4   Code   RO          114    x$fpl$ddiv          fz_wm.l(ddiv.o)
    0x080036dc   0x080036dc   0x0000005e   Code   RO          311    x$fpl$dfix          fz_wm.l(dfix.o)
    0x0800373a   0x0800373a   0x0000002e   Code   RO          118    x$fpl$dflt          fz_wm.l(dflt_clz.o)
    0x08003768   0x08003768   0x00000026   Code   RO          117    x$fpl$dfltu         fz_wm.l(dflt_clz.o)
    0x0800378e   0x0800378e   0x00000002   PAD
    0x08003790   0x08003790   0x00000154   Code   RO          123    x$fpl$dmul          fz_wm.l(dmul.o)
    0x080038e4   0x080038e4   0x0000009c   Code   RO          233    x$fpl$dnaninf       fz_wm.l(dnaninf.o)
    0x08003980   0x08003980   0x0000000c   Code   RO          235    x$fpl$dretinf       fz_wm.l(dretinf.o)
    0x0800398c   0x0800398c   0x00000016   Code   RO          108    x$fpl$drsb          fz_wm.l(daddsub_clz.o)
    0x080039a2   0x080039a2   0x00000002   PAD
    0x080039a4   0x080039a4   0x000001dc   Code   RO          109    x$fpl$dsub          fz_wm.l(daddsub_clz.o)
    0x08003b80   0x08003b80   0x0000001a   Code   RO          446    x$fpl$fpinit        fz_wm.l(fpinit.o)
    0x08003b9a   0x08003b9a   0x00000004   Code   RO          237    x$fpl$printf1       fz_wm.l(printf1.o)
    0x08003b9e   0x08003b9e   0x00000004   Code   RO          239    x$fpl$printf2       fz_wm.l(printf2.o)
    0x08003ba2   0x08003ba2   0x00000000   Code   RO          245    x$fpl$usenofp       fz_wm.l(usenofp.o)
    0x08003ba2   0x08003ba2   0x00000002   PAD
    0x08003ba4   0x08003ba4   0x00000008   Data   RO          157    .constdata          c_w.l(_printf_wctomb.o)
    0x08003bac   0x08003bac   0x00000028   Data   RO          186    .constdata          c_w.l(_printf_hex_int_ll_ptr.o)
    0x08003bd4   0x08003bd4   0x00000011   Data   RO          206    .constdata          c_w.l(__printf_flags_ss_wp.o)
    0x08003be5   0x08003be5   0x00000003   PAD
    0x08003be8   0x08003be8   0x00000030   Data   RO          247    .constdata          m_wm.l(cos_i.o)
    0x08003c18   0x08003c18   0x000000cc   Data   RO          265    .constdata          m_wm.l(rred.o)
    0x08003ce4   0x08003ce4   0x00000004   PAD
    0x08003ce8   0x08003ce8   0x00000028   Data   RO          269    .constdata          m_wm.l(sin_i.o)
    0x08003d10   0x08003d10   0x00000026   Data   RO          300    .constdata          c_w.l(_printf_fp_hex.o)
    0x08003d36   0x08003d36   0x00000002   PAD
    0x08003d38   0x08003d38   0x00000094   Data   RO          340    .constdata          c_w.l(bigflt0.o)
    0x08003dcc   0x08003dcc   0x0000000a   Data   RO           23    .rodata.str1.1      main.o
    0x08003dd6   0x08003dd6   0x00000002   PAD
    0x08003dd8   0x08003dd8   0x00000020   Data   RO          521    Region$$Table       anon$$obj.o
    0x08003df8   0x08003df8   0x0000001c   Data   RO          366    locale$$data        c_w.l(lc_numeric_c.o)
    0x08003e14   0x08003e14   0x00000110   Data   RO          383    locale$$data        c_w.l(lc_ctype_c.o)


    Execution Region ER_RW (Exec base: 0x20000000, Load base: 0x08003f28, Size: 0x00000044, Max: 0xffffffff, ABSOLUTE)

    Exec Addr    Load Addr    Size         Type   Attr      Idx    E Section Name        Object

    0x20000000   0x08003f28   0x00000008   Data   RW           16    .data.A             main.o
    0x20000008   0x08003f30   0x00000008   Data   RW           17    .data.B             main.o
    0x20000010   0x08003f38   0x00000008   Data   RW           18    .data.C             main.o
    0x20000018   0x08003f40   0x00000008   Data   RW           19    .data.D             main.o
    0x20000020   0x08003f48   0x00000024   Data   RW           54    .data.baudrateLUT   print.o


    Execution Region ER_ZI (Exec base: 0x20000048, Load base: 0x08003f6c, Size: 0x000006a8, Max: 0xffffffff, ABSOLUTE)

    Exec Addr    Load Addr    Size         Type   Attr      Idx    E Section Name        Object

    0x20000048        -       0x00000060   Zero   RW          326    .bss                c_w.l(libspace.o)
    0x200000a8        -       0x00000004   Zero   RW           55    .bss.P_UART         print.o
    0x200000ac   0x08003f6c   0x00000004   PAD
    0x200000b0        -       0x00000008   Zero   RW           20    .bss.RobotRot       main.o
    0x200000b8        -       0x00000008   Zero   RW           21    .bss.RobotX         main.o
    0x200000c0        -       0x00000008   Zero   RW           22    .bss.RobotY         main.o
    0x200000c8        -       0x00000008   Zero   RW           15    .bss.left_wheel_omega  main.o
    0x200000d0        -       0x00000008   Zero   RW           14    .bss.left_wheel_x   main.o
    0x200000d8        -       0x00000008   Zero   RW           13    .bss.right_wheel_omega  main.o
    0x200000e0        -       0x00000008   Zero   RW           12    .bss.right_wheel_x  main.o
    0x200000e8        -       0x00000002   Zero   RW           40    .bss.timer_OverflowCnt  tim_encmode.o
    0x200000ea   0x08003f6c   0x00000006   PAD
    0x200000f0        -       0x00000200   Zero   RW           75    HEAP                startup_stm32f401xe.o
    0x200002f0        -       0x00000400   Zero   RW           74    STACK               startup_stm32f401xe.o


==============================================================================

Image component sizes


      Code (inc. data)   RO Data    RW Data    ZI Data      Debug   Object Name

      1484         48         10         32         56       5915   main.o
       192          0          0          0          0       1975   nucleosetup.o
       564          0          0         36          4       3078   print.o
        64         26        404          0       1536        908   startup_stm32f401xe.o
        18          0          0          0          0       2734   system_stm32f4xx.o
       884          0          0          0          2       3219   tim_encmode.o

    ----------------------------------------------------------------------
      3220         74        448         68       1608      17829   Object Totals
         0          0         32          0          0          0   (incl. Generated)
        14          0          2          0         10          0   (incl. Padding)

    ----------------------------------------------------------------------

      Code (inc. data)   RO Data    RW Data    ZI Data      Debug   Library Member Name

         8          0          0          0          0         68   __main.o
       392          4         17          0          0         92   __printf_flags_ss_wp.o
        14          0          0          0          0         68   __printf_wp.o
         0          0          0          0          0          0   __rtentry.o
        12          0          0          0          0          0   __rtentry2.o
         6          0          0          0          0          0   __rtentry4.o
        52          8          0          0          0          0   __scatter.o
        26          0          0          0          0          0   __scatter_copy.o
        28          0          0          0          0          0   __scatter_zi.o
        72          0          0          0          0         96   _c16rtomb.o
         6          0          0          0          0          0   _printf_a.o
         6          0          0          0          0          0   _printf_c.o
        44          0          0          0          0        108   _printf_char.o
        48          6          0          0          0         96   _printf_char_common.o
        40          0          0          0          0         68   _printf_charcount.o
         6          0          0          0          0          0   _printf_d.o
       120         16          0          0          0         92   _printf_dec.o
         6          0          0          0          0          0   _printf_e.o
         6          0          0          0          0          0   _printf_f.o
      1052          0          0          0          0        148   _printf_fp_dec.o
       764          8         38          0          0        100   _printf_fp_hex.o
       128         16          0          0          0         84   _printf_fp_infnan.o
         6          0          0          0          0          0   _printf_g.o
       148          4         40          0          0        160   _printf_hex_int_ll_ptr.o
         6          0          0          0          0          0   _printf_i.o
       178          0          0          0          0         88   _printf_intcommon.o
        10          0          0          0          0          0   _printf_l.o
         6          0          0          0          0          0   _printf_lc.o
        10          0          0          0          0          0   _printf_ll.o
         6          0          0          0          0          0   _printf_lld.o
         6          0          0          0          0          0   _printf_lli.o
         6          0          0          0          0          0   _printf_llo.o
         6          0          0          0          0          0   _printf_llu.o
         6          0          0          0          0          0   _printf_llx.o
       124         16          0          0          0         92   _printf_longlong_dec.o
         6          0          0          0          0          0   _printf_ls.o
         6          0          0          0          0          0   _printf_n.o
         6          0          0          0          0          0   _printf_o.o
       112          8          0          0          0        124   _printf_oct_int_ll.o
         6          0          0          0          0          0   _printf_p.o
        78          0          0          0          0        108   _printf_pad.o
         0          0          0          0          0          0   _printf_percent.o
         4          0          0          0          0          0   _printf_percent_end.o
         6          0          0          0          0          0   _printf_s.o
        82          0          0          0          0         80   _printf_str.o
        36          0          0          0          0         84   _printf_truncate.o
         6          0          0          0          0          0   _printf_u.o
        44          0          0          0          0        108   _printf_wchar.o
       188          6          8          0          0         92   _printf_wctomb.o
         6          0          0          0          0          0   _printf_x.o
        22          0          0          0          0        100   _rserrno.o
        10          0          0          0          0         68   _sputc.o
       228          4        148          0          0         96   bigflt0.o
      1936        128          0          0          0        668   btod.o
        18          0          0          0          0         80   exit.o
         6          0          0          0          0        152   heapauxi.o
         0          0          0          0          0          0   indicate_semi.o
        44         10        272          0          0         76   lc_ctype_c.o
        44         10         28          0          0         76   lc_numeric_c.o
         2          0          0          0          0          0   libinit.o
        34          0          0          0          0          0   libinit2.o
         2          0          0          0          0          0   libshutdown.o
         2          0          0          0          0          0   libshutdown2.o
         8          4          0          0         96         68   libspace.o
       138          0          0          0          0         80   lludiv10.o
        16          4          0          0          0         76   rt_ctype_table.o
         8          4          0          0          0         68   rt_errno_addr_intlibspace.o
         8          4          0          0          0         68   rt_locale_intlibspace.o
         2          0          0          0          0          0   rtexit.o
        10          0          0          0          0          0   rtexit2.o
       124          0          0          0          0         88   strcmpv7em.o
        62          0          0          0          0         76   strlen.o
        12          4          0          0          0         68   sys_exit.o
        74          0          0          0          0         80   sys_stackheap_outer.o
         2          0          0          0          0         68   use_no_semi.o
        36          4          0          0          0         76   vsprintf.o
        24          0          0          0          0        164   basic.o
       834         16          0          0          0        516   daddsub_clz.o
       692        140          0          0          0        264   ddiv.o
        94          4          0          0          0        140   dfix.o
        84          0          0          0          0        232   dflt_clz.o
       340         12          0          0          0        152   dmul.o
       156          4          0          0          0        140   dnaninf.o
        12          0          0          0          0        116   dretinf.o
        26          0          0          0          0        116   fpinit.o
         4          0          0          0          0        116   printf1.o
         4          0          0          0          0        116   printf2.o
         0          0          0          0          0          0   usenofp.o
       200         20          0          0          0        164   cos.o
       368         46         48          0          0        200   cos_i.o
        84         16          0          0          0        372   dunder.o
        24          0          0          0          0        124   fabs.o
        48          0          0          0          0        124   fpclassify.o
       248          0          0          0          0        152   poly.o
      1080        142        204          0          0        188   rred.o
       200         20          0          0          0        164   sin.o
       304         24         40          0          0        208   sin_i.o

    ----------------------------------------------------------------------
     11644        712        852          0         96       7856   Library Totals
        30          0          9          0          0          0   (incl. Padding)

    ----------------------------------------------------------------------

      Code (inc. data)   RO Data    RW Data    ZI Data      Debug   Library Name

      6788        268        551          0         96       4088   c_w.l
      2270        176          0          0          0       2072   fz_wm.l
      2556        268        292          0          0       1696   m_wm.l

    ----------------------------------------------------------------------
     11644        712        852          0         96       7856   Library Totals

    ----------------------------------------------------------------------

==============================================================================


      Code (inc. data)   RO Data    RW Data    ZI Data      Debug   

     14864        786       1300         68       1704      21121   Grand Totals
     14864        786       1300         68       1704      21121   ELF Image Totals
     14864        786       1300         68          0          0   ROM Totals

==============================================================================

    Total RO  Size (Code + RO Data)                16164 (  15.79kB)
    Total RW  Size (RW Data + ZI Data)              1772 (   1.73kB)
    Total ROM Size (Code + RO Data + RW Data)      16232 (  15.85kB)

==============================================================================

