Component: Arm Compiler for Embedded 6.18 Tool: armlink [5e4cc100]

==============================================================================

Section Cross References

    main.o(.text.main) refers to main.o(.text.TIM2Init) for TIM2Init
    main.o(.text.main) refers to nucleosetup.o(.text.nucleoLedInit) for nucleoLedInit
    main.o(.text.main) refers to nucleosetup.o(.text.rccSetup) for rccSetup
    main.o(.text.main) refers to tim_encmode.o(.text.encoderInit32bit) for encoderInit32bit
    main.o(.text.main) refers to tim_encmode.o(.text.encoderInit16bit) for encoderInit16bit
    main.o(.text.main) refers to print.o(.text.printInit) for printInit
    main.o(.ARM.exidx.text.main) refers to main.o(.text.main) for [Anonymous Symbol]
    main.o(.text.TIM2Init) refers to main.o(.text.__NVIC_EnableIRQ) for __NVIC_EnableIRQ
    main.o(.ARM.exidx.text.TIM2Init) refers to main.o(.text.TIM2Init) for [Anonymous Symbol]
    main.o(.ARM.exidx.text.__NVIC_EnableIRQ) refers to main.o(.text.__NVIC_EnableIRQ) for [Anonymous Symbol]
    main.o(.text.TIM2_IRQHandler) refers to tim_encmode.o(.text.encoderCount32bit) for encoderCount32bit
    main.o(.text.TIM2_IRQHandler) refers to dflt_clz.o(x$fpl$dflt) for __aeabi_i2d
    main.o(.text.TIM2_IRQHandler) refers to main.o(.text.counts_to_radian) for counts_to_radian
    main.o(.text.TIM2_IRQHandler) refers to main.o(.bss.encoder_count) for encoder_count
    main.o(.text.TIM2_IRQHandler) refers to main.o(.data.A) for A
    main.o(.text.TIM2_IRQHandler) refers to main.o(.bss.right_wheel_x) for right_wheel_x
    main.o(.text.TIM2_IRQHandler) refers to main.o(.data.B) for B
    main.o(.text.TIM2_IRQHandler) refers to dmul.o(x$fpl$dmul) for __aeabi_dmul
    main.o(.text.TIM2_IRQHandler) refers to daddsub_clz.o(x$fpl$dadd) for __aeabi_dadd
    main.o(.text.TIM2_IRQHandler) refers to main.o(.bss.x) for x
    main.o(.text.TIM2_IRQHandler) refers to main.o(.data.C) for C
    main.o(.text.TIM2_IRQHandler) refers to main.o(.data.D) for D
    main.o(.text.TIM2_IRQHandler) refers to main.o(.bss.y) for y
    main.o(.text.TIM2_IRQHandler) refers to main.o(.bss.right_wheel_omega) for right_wheel_omega
    main.o(.text.TIM2_IRQHandler) refers to tim_encmode.o(.text.encoderCount16bit) for encoderCount16bit
    main.o(.text.TIM2_IRQHandler) refers to main.o(.bss.left_wheel_x) for left_wheel_x
    main.o(.text.TIM2_IRQHandler) refers to main.o(.bss.left_wheel_omega) for left_wheel_omega
    main.o(.text.TIM2_IRQHandler) refers to main.o(.bss.RobotRot) for RobotRot
    main.o(.text.TIM2_IRQHandler) refers to cos.o(i.__hardfp_cos) for __hardfp_cos
    main.o(.text.TIM2_IRQHandler) refers to main.o(.bss.vX) for vX
    main.o(.text.TIM2_IRQHandler) refers to sin.o(i.__hardfp_sin) for __hardfp_sin
    main.o(.text.TIM2_IRQHandler) refers to main.o(.bss.vY) for vY
    main.o(.text.TIM2_IRQHandler) refers to daddsub_clz.o(x$fpl$dsub) for __aeabi_dsub
    main.o(.text.TIM2_IRQHandler) refers to ddiv.o(x$fpl$ddiv) for __aeabi_ddiv
    main.o(.text.TIM2_IRQHandler) refers to main.o(.bss.vRot) for vRot
    main.o(.text.TIM2_IRQHandler) refers to main.o(.bss.RobotX) for RobotX
    main.o(.text.TIM2_IRQHandler) refers to main.o(.bss.RobotY) for RobotY
    main.o(.text.TIM2_IRQHandler) refers to main.o(.rodata.str1.1) for .L.str
    main.o(.text.TIM2_IRQHandler) refers to print.o(.text.print) for print
    main.o(.ARM.exidx.text.TIM2_IRQHandler) refers to main.o(.text.TIM2_IRQHandler) for [Anonymous Symbol]
    main.o(.text.counts_to_radian) refers to daddsub_clz.o(x$fpl$dadd) for __aeabi_dadd
    main.o(.text.counts_to_radian) refers to dmul.o(x$fpl$dmul) for __aeabi_dmul
    main.o(.text.counts_to_radian) refers to ddiv.o(x$fpl$ddiv) for __aeabi_ddiv
    main.o(.ARM.exidx.text.counts_to_radian) refers to main.o(.text.counts_to_radian) for [Anonymous Symbol]
    nucleosetup.o(.ARM.exidx.text.rccSetup) refers to nucleosetup.o(.text.rccSetup) for [Anonymous Symbol]
    nucleosetup.o(.ARM.exidx.text.nucleoLedInit) refers to nucleosetup.o(.text.nucleoLedInit) for [Anonymous Symbol]
    tim_encmode.o(.ARM.exidx.text.encoderInit32bit) refers to tim_encmode.o(.text.encoderInit32bit) for [Anonymous Symbol]
    tim_encmode.o(.ARM.exidx.text.encoderCount32bit) refers to tim_encmode.o(.text.encoderCount32bit) for [Anonymous Symbol]
    tim_encmode.o(.ARM.exidx.text.encoderInit16bit) refers to tim_encmode.o(.text.encoderInit16bit) for [Anonymous Symbol]
    tim_encmode.o(.text.encoderCount16bit) refers to tim_encmode.o(.bss.timer_OverflowCnt) for timer_OverflowCnt
    tim_encmode.o(.ARM.exidx.text.encoderCount16bit) refers to tim_encmode.o(.text.encoderCount16bit) for [Anonymous Symbol]
    print.o(.text.printInit) refers to print.o(.data.baudrateLUT) for baudrateLUT
    print.o(.text.printInit) refers to print.o(.bss.P_UART) for P_UART
    print.o(.ARM.exidx.text.printInit) refers to print.o(.text.printInit) for [Anonymous Symbol]
[...]
    .ARM.Collect$$libinit$$0000000C          0x080002ce   Section        0  libinit2.o(.ARM.Collect$$libinit$$0000000C)
    .ARM.Collect$$libinit$$0000000E          0x080002ce   Section        0  libinit2.o(.ARM.Collect$$libinit$$0000000E)
    .ARM.Collect$$libinit$$00000010          0x080002ce   Section        0  libinit2.o(.ARM.Collect$$libinit$$00000010)
    .ARM.Collect$$libinit$$00000011          0x080002ce   Section        6  libinit2.o(.ARM.Collect$$libinit$$00000011)
    .ARM.Collect$$libinit$$00000013          0x080002d4   Section        0  libinit2.o(.ARM.Collect$$libinit$$00000013)
    .ARM.Collect$$libinit$$00000014          0x080002d4   Section       12  libinit2.o(.ARM.Collect$$libinit$$00000014)
    .ARM.Collect$$libinit$$00000015          0x080002e0   Section        0  libinit2.o(.ARM.Collect$$libinit$$00000015)
    .ARM.Collect$$libinit$$00000017          0x080002e0   Section        0  libinit2.o(.ARM.Collect$$libinit$$00000017)
    .ARM.Collect$$libinit$$00000018          0x080002e0   Section       10  libinit2.o(.ARM.Collect$$libinit$$00000018)
    .ARM.Collect$$libinit$$00000019          0x080002ea   Section        0  libinit2.o(.ARM.Collect$$libinit$$00000019)
    .ARM.Collect$$libinit$$0000001B          0x080002ea   Section        0  libinit2.o(.ARM.Collect$$libinit$$0000001B)
    .ARM.Collect$$libinit$$0000001D          0x080002ea   Section        0  libinit2.o(.ARM.Collect$$libinit$$0000001D)
    .ARM.Collect$$libinit$$0000001F          0x080002ea   Section        0  libinit2.o(.ARM.Collect$$libinit$$0000001F)
    .ARM.Collect$$libinit$$00000021          0x080002ea   Section        0  libinit2.o(.ARM.Collect$$libinit$$00000021)
    .ARM.Collect$$libinit$$00000023          0x080002ea   Section        0  libinit2.o(.ARM.Collect$$libinit$$00000023)
    .ARM.Collect$$libinit$$00000025          0x080002ea   Section        0  libinit2.o(.ARM.Collect$$libinit$$00000025)
    .ARM.Collect$$libinit$$00000027          0x080002ea   Section        0  libinit2.o(.ARM.Collect$$libinit$$00000027)
    .ARM.Collect$$libinit$$0000002E          0x080002ea   Section        0  libinit2.o(.ARM.Collect$$libinit$$0000002E)
    .ARM.Collect$$libinit$$00000030          0x080002ea   Section        0  libinit2.o(.ARM.Collect$$libinit$$00000030)
    .ARM.Collect$$libinit$$00000032          0x080002ea   Section        0  libinit2.o(.ARM.Collect$$libinit$$00000032)
    .ARM.Collect$$libinit$$00000034          0x080002ea   Section        0  libinit2.o(.ARM.Collect$$libinit$$00000034)
    .ARM.Collect$$libinit$$00000035          0x080002ea   Section        2  libinit2.o(.ARM.Collect$$libinit$$00000035)
    .ARM.Collect$$libshutdown$$00000000      0x080002ec   Section        2  libshutdown.o(.ARM.Collect$$libshutdown$$00000000)
    .ARM.Collect$$libshutdown$$00000002      0x080002ee   Section        0  libshutdown2.o(.ARM.Collect$$libshutdown$$00000002)
    .ARM.Collect$$libshutdown$$00000004      0x080002ee   Section        0  libshutdown2.o(.ARM.Collect$$libshutdown$$00000004)
    .ARM.Collect$$libshutdown$$00000007      0x080002ee   Section        0  libshutdown2.o(.ARM.Collect$$libshutdown$$00000007)
    .ARM.Collect$$libshutdown$$0000000A      0x080002ee   Section        0  libshutdown2.o(.ARM.Collect$$libshutdown$$0000000A)
    .ARM.Collect$$libshutdown$$0000000C      0x080002ee   Section        0  libshutdown2.o(.ARM.Collect$$libshutdown$$0000000C)
    .ARM.Collect$$libshutdown$$0000000F      0x080002ee   Section        0  libshutdown2.o(.ARM.Collect$$libshutdown$$0000000F)
    .ARM.Collect$$libshutdown$$00000010      0x080002ee   Section        2  libshutdown2.o(.ARM.Collect$$libshutdown$$00000010)
    .ARM.Collect$$rtentry$$00000000          0x080002f0   Section        0  __rtentry.o(.ARM.Collect$$rtentry$$00000000)
    .ARM.Collect$$rtentry$$00000002          0x080002f0   Section        0  __rtentry2.o(.ARM.Collect$$rtentry$$00000002)
    .ARM.Collect$$rtentry$$00000004          0x080002f0   Section        6  __rtentry4.o(.ARM.Collect$$rtentry$$00000004)
    .ARM.Collect$$rtentry$$00000009          0x080002f6   Section        0  __rtentry2.o(.ARM.Collect$$rtentry$$00000009)
    .ARM.Collect$$rtentry$$0000000A          0x080002f6   Section        4  __rtentry2.o(.ARM.Collect$$rtentry$$0000000A)
    .ARM.Collect$$rtentry$$0000000C          0x080002fa   Section        0  __rtentry2.o(.ARM.Collect$$rtentry$$0000000C)
    .ARM.Collect$$rtentry$$0000000D          0x080002fa   Section        8  __rtentry2.o(.ARM.Collect$$rtentry$$0000000D)
    .ARM.Collect$$rtexit$$00000000           0x08000302   Section        2  rtexit.o(.ARM.Collect$$rtexit$$00000000)
    .ARM.Collect$$rtexit$$00000002           0x08000304   Section        0  rtexit2.o(.ARM.Collect$$rtexit$$00000002)
    .ARM.Collect$$rtexit$$00000003           0x08000304   Section        4  rtexit2.o(.ARM.Collect$$rtexit$$00000003)
    .ARM.Collect$$rtexit$$00000004           0x08000308   Section        6  rtexit2.o(.ARM.Collect$$rtexit$$00000004)
    $v0                                      0x08000310   Number         0  startup_stm32f446xx.o(.text)
    .text                                    0x08000310   Section       64  startup_stm32f446xx.o(.text)
    .text                                    0x08000350   Section        0  vsprintf.o(.text)
    .text                                    0x08000374   Section        0  strlen.o(.text)
    .text                                    0x080003b2   Section        0  heapauxi.o(.text)
    .text                                    0x080003b8   Section        0  _rserrno.o(.text)
    .text                                    0x080003ce   Section        0  _printf_pad.o(.text)
    .text                                    0x0800041c   Section        0  _printf_truncate.o(.text)
    .text                                    0x08000440   Section        0  _printf_str.o(.text)
    .text                                    0x08000494   Section        0  _printf_dec.o(.text)
    .text                                    0x0800050c   Section        0  _printf_charcount.o(.text)
    _printf_input_char                       0x08000535   Thumb Code    10  _printf_char_common.o(.text)
    .text                                    0x08000534   Section        0  _printf_char_common.o(.text)
    .text                                    0x08000564   Section        0  _sputc.o(.text)
    .text                                    0x08000570   Section        0  _printf_wctomb.o(.text)
    .text                                    0x0800062c   Section        0  _printf_longlong_dec.o(.text)
    _printf_longlong_oct_internal            0x080006a9   Thumb Code     0  _printf_oct_int_ll.o(.text)
    .text                                    0x080006a8   Section        0  _printf_oct_int_ll.o(.text)
    _printf_hex_common                       0x08000719   Thumb Code     0  _printf_hex_int_ll_ptr.o(.text)
    .text                                    0x08000718   Section        0  _printf_hex_int_ll_ptr.o(.text)
    .text                                    0x080007ac   Section        0  __printf_flags_ss_wp.o(.text)
    .text                                    0x08000934   Section        8  rt_errno_addr_intlibspace.o(.text)
    .text                                    0x0800093c   Section      138  lludiv10.o(.text)
    .text                                    0x080009c6   Section        0  _printf_intcommon.o(.text)
    _fp_digits                               0x08000a79   Thumb Code   432  _printf_fp_dec.o(.text)
    .text                                    0x08000a78   Section        0  _printf_fp_dec.o(.text)
    .text                                    0x08000e94   Section        0  _printf_fp_hex.o(.text)
    .text                                    0x08001190   Section        0  _printf_char.o(.text)
    .text                                    0x080011bc   Section        0  _printf_wchar.o(.text)
    .text                                    0x080011e8   Section        0  _c16rtomb.o(.text)
    .text                                    0x08001230   Section        8  libspace.o(.text)
    .text                                    0x08001238   Section       74  sys_stackheap_outer.o(.text)
    .text                                    0x08001284   Section       16  rt_ctype_table.o(.text)
    .text                                    0x08001294   Section        8  rt_locale_intlibspace.o(.text)
    .text                                    0x0800129c   Section        0  _printf_fp_infnan.o(.text)
    .text                                    0x0800131c   Section        0  bigflt0.o(.text)
    .text                                    0x08001400   Section        0  exit.o(.text)
    .text                                    0x08001418   Section      124  strcmpv7em.o(.text)
    .text                                    0x08001494   Section        0  sys_exit.o(.text)
    .text                                    0x080014a0   Section        2  use_no_semi.o(.text)
    .text                                    0x080014a2   Section        0  indicate_semi.o(.text)
    [Anonymous Symbol]                       0x080014a4   Section        0  system_stm32f4xx.o(.text.SystemInit)
    [Anonymous Symbol]                       0x080014b8   Section        0  main.o(.text.TIM2Init)
    [Anonymous Symbol]                       0x08001508   Section        0  main.o(.text.TIM2_IRQHandler)
    __NVIC_EnableIRQ                         0x08001a41   Thumb Code    48  main.o(.text.__NVIC_EnableIRQ)
    [Anonymous Symbol]                       0x08001a40   Section        0  main.o(.text.__NVIC_EnableIRQ)
    [Anonymous Symbol]                       0x08001a70   Section        0  main.o(.text.counts_to_radian)
    [Anonymous Symbol]                       0x08001ac8   Section        0  tim_encmode.o(.text.encoderCount16bit)
    [Anonymous Symbol]                       0x08001b28   Section        0  tim_encmode.o(.text.encoderCount32bit)
    [Anonymous Symbol]                       0x08001b34   Section        0  tim_encmode.o(.text.encoderInit16bit)
    [Anonymous Symbol]                       0x08001ce8   Section        0  tim_encmode.o(.text.encoderInit32bit)
    [Anonymous Symbol]                       0x08001e40   Section        0  main.o(.text.main)
    [Anonymous Symbol]                       0x08001ec0   Section        0  nucleosetup.o(.text.nucleoLedInit)
    [Anonymous Symbol]                       0x08001ee8   Section        0  print.o(.text.print)
    [Anonymous Symbol]                       0x08001f68   Section        0  print.o(.text.printInit)
    [Anonymous Symbol]                       0x08002070   Section        0  nucleosetup.o(.text.rccSetup)
    CL$$btod_d2e                             0x08002116   Section       62  btod.o(CL$$btod_d2e)
    CL$$btod_d2e_denorm_low                  0x08002154   Section       70  btod.o(CL$$btod_d2e_denorm_low)
    CL$$btod_d2e_norm_op1                    0x0800219a   Section       96  btod.o(CL$$btod_d2e_norm_op1)
    CL$$btod_div_common                      0x080021fc   Section      824  btod.o(CL$$btod_div_common)
    CL$$btod_e2e                             0x08002534   Section      220  btod.o(CL$$btod_e2e)
    CL$$btod_ediv                            0x08002610   Section       42  btod.o(CL$$btod_ediv)
    CL$$btod_emul                            0x0800263a   Section       42  btod.o(CL$$btod_emul)
    CL$$btod_mult_common                     0x08002664   Section      580  btod.o(CL$$btod_mult_common)
    i.__ARM_fpclassify                       0x080028a8   Section        0  fpclassify.o(i.__ARM_fpclassify)
    i.__hardfp_cos                           0x080028d8   Section        0  cos.o(i.__hardfp_cos)
    i.__hardfp_sin                           0x080029a0   Section        0  sin.o(i.__hardfp_sin)
    i.__ieee754_rem_pio2                     0x08002a68   Section        0  rred.o(i.__ieee754_rem_pio2)
    i.__kernel_cos                           0x08002ea0   Section        0  cos_i.o(i.__kernel_cos)
    i.__kernel_poly                          0x08003010   Section        0  poly.o(i.__kernel_poly)
    i.__kernel_sin                           0x08003108   Section        0  sin_i.o(i.__kernel_sin)
    i.__mathlib_dbl_infnan                   0x08003238   Section        0  dunder.o(i.__mathlib_dbl_infnan)
    i.__mathlib_dbl_invalid                  0x08003250   Section        0  dunder.o(i.__mathlib_dbl_invalid)
    i.__mathlib_dbl_underflow                0x08003270   Section        0  dunder.o(i.__mathlib_dbl_underflow)
    i._is_digit                              0x08003290   Section        0  __printf_wp.o(i._is_digit)
    i.fabs                                   0x0800329e   Section        0  fabs.o(i.fabs)
    locale$$code                             0x080032b8   Section       44  lc_numeric_c.o(locale$$code)
    locale$$code                             0x080032e4   Section       44  lc_ctype_c.o(locale$$code)
    $v0                                      0x08003310   Number         0  basic.o(x$fpl$basic)
    x$fpl$basic                              0x08003310   Section       24  basic.o(x$fpl$basic)
    $v0                                      0x08003328   Number         0  daddsub_clz.o(x$fpl$dadd)
    x$fpl$dadd                               0x08003328   Section      336  daddsub_clz.o(x$fpl$dadd)
    _dadd1                                   0x08003339   Thumb Code     0  daddsub_clz.o(x$fpl$dadd)
    $v0                                      0x08003478   Number         0  ddiv.o(x$fpl$ddiv)
    x$fpl$ddiv                               0x08003478   Section      692  ddiv.o(x$fpl$ddiv)
    ddiv_entry                               0x0800347f   Thumb Code     0  ddiv.o(x$fpl$ddiv)
    $v0                                      0x0800372c   Number         0  dfix.o(x$fpl$dfix)
    x$fpl$dfix                               0x0800372c   Section       94  dfix.o(x$fpl$dfix)
    $v0                                      0x0800378a   Number         0  dflt_clz.o(x$fpl$dflt)
    x$fpl$dflt                               0x0800378a   Section       46  dflt_clz.o(x$fpl$dflt)
    $v0                                      0x080037b8   Number         0  dflt_clz.o(x$fpl$dfltu)
    x$fpl$dfltu                              0x080037b8   Section       38  dflt_clz.o(x$fpl$dfltu)
    $v0                                      0x080037e0   Number         0  dmul.o(x$fpl$dmul)
    x$fpl$dmul                               0x080037e0   Section      340  dmul.o(x$fpl$dmul)
    $v0                                      0x08003934   Number         0  dnaninf.o(x$fpl$dnaninf)
    x$fpl$dnaninf                            0x08003934   Section      156  dnaninf.o(x$fpl$dnaninf)
    $v0                                      0x080039d0   Number         0  dretinf.o(x$fpl$dretinf)
    x$fpl$dretinf                            0x080039d0   Section       12  dretinf.o(x$fpl$dretinf)
    $v0                                      0x080039dc   Number         0  daddsub_clz.o(x$fpl$drsb)
    x$fpl$drsb                               0x080039dc   Section       22  daddsub_clz.o(x$fpl$drsb)
    $v0                                      0x080039f4   Number         0  daddsub_clz.o(x$fpl$dsub)
    x$fpl$dsub                               0x080039f4   Section      476  daddsub_clz.o(x$fpl$dsub)
    _dsub1                                   0x08003a05   Thumb Code     0  daddsub_clz.o(x$fpl$dsub)
    $v0                                      0x08003bd0   Number         0  fpinit.o(x$fpl$fpinit)
    x$fpl$fpinit                             0x08003bd0   Section       26  fpinit.o(x$fpl$fpinit)
    $v0                                      0x08003bea   Number         0  printf1.o(x$fpl$printf1)
    x$fpl$printf1                            0x08003bea   Section        4  printf1.o(x$fpl$printf1)
    $v0                                      0x08003bee   Number         0  printf2.o(x$fpl$printf2)
    x$fpl$printf2                            0x08003bee   Section        4  printf2.o(x$fpl$printf2)
    x$fpl$usenofp                            0x08003bf2   Section        0  usenofp.o(x$fpl$usenofp)
    initial_mbstate                          0x08003bf4   Data           8  _printf_wctomb.o(.constdata)
    .constdata                               0x08003bf4   Section        8  _printf_wctomb.o(.constdata)
    uc_hextab                                0x08003bfc   Data          20  _printf_hex_int_ll_ptr.o(.constdata)
    .constdata                               0x08003bfc   Section       40  _printf_hex_int_ll_ptr.o(.constdata)
    lc_hextab                                0x08003c10   Data          20  _printf_hex_int_ll_ptr.o(.constdata)
    maptable                                 0x08003c24   Data          17  __printf_flags_ss_wp.o(.constdata)
    .constdata                               0x08003c24   Section       17  __printf_flags_ss_wp.o(.constdata)
    C                                        0x08003c38   Data          48  cos_i.o(.constdata)
    .constdata                               0x08003c38   Section       48  cos_i.o(.constdata)
    pio2s                                    0x08003c68   Data          48  rred.o(.constdata)
    .constdata                               0x08003c68   Section      204  rred.o(.constdata)
    twooverpi                                0x08003c98   Data         156  rred.o(.constdata)
    S                                        0x08003d38   Data          40  sin_i.o(.constdata)
    .constdata                               0x08003d38   Section       40  sin_i.o(.constdata)
    lc_hextab                                0x08003d60   Data          19  _printf_fp_hex.o(.constdata)
    .constdata                               0x08003d60   Section       38  _printf_fp_hex.o(.constdata)
    uc_hextab                                0x08003d73   Data          19  _printf_fp_hex.o(.constdata)
    tenpwrs_x                                0x08003d88   Data          60  bigflt0.o(.constdata)
    .constdata                               0x08003d88   Section      148  bigflt0.o(.constdata)
    tenpwrs_i                                0x08003dc4   Data          64  bigflt0.o(.constdata)
    .L.str                                   0x08003e1c   Data          17  main.o(.rodata.str1.1)
    [Anonymous Symbol]                       0x08003e1c   Section        0  main.o(.rodata.str1.1)
    locale$$data                             0x08003e50   Section       28  lc_numeric_c.o(locale$$data)
    __lcnum_c_name                           0x08003e54   Data           2  lc_numeric_c.o(locale$$data)
    __lcnum_c_start                          0x08003e5c   Data           0  lc_numeric_c.o(locale$$data)
    __lcnum_c_point                          0x08003e68   Data           0  lc_numeric_c.o(locale$$data)
    __lcnum_c_thousands                      0x08003e6a   Data           0  lc_numeric_c.o(locale$$data)
    __lcnum_c_grouping                       0x08003e6b   Data           0  lc_numeric_c.o(locale$$data)
    __lcnum_c_end                            0x08003e6c   Data           0  lc_numeric_c.o(locale$$data)
    locale$$data                             0x08003e6c   Section      272  lc_ctype_c.o(locale$$data)
    __lcctype_c_name                         0x08003e70   Data           2  lc_ctype_c.o(locale$$data)
    __lcctype_c_start                        0x08003e78   Data           0  lc_ctype_c.o(locale$$data)
    __lcctype_c_end                          0x08003f7c   Data           0  lc_ctype_c.o(locale$$data)
    A                                        0x20000000   Data           8  main.o(.data.A)
    [Anonymous Symbol]                       0x20000000   Section        0  main.o(.data.A)
    B                                        0x20000008   Data           8  main.o(.data.B)
    [Anonymous Symbol]                       0x20000008   Section        0  main.o(.data.B)
    C                                        0x20000010   Data           8  main.o(.data.C)
    [Anonymous Symbol]                       0x20000010   Section        0  main.o(.data.C)
    D                                        0x20000018   Data           8  main.o(.data.D)
    [Anonymous Symbol]                       0x20000018   Section        0  main.o(.data.D)
    baudrateLUT                              0x20000020   Data          36  print.o(.data.baudrateLUT)
    [Anonymous Symbol]                       0x20000020   Section        0  print.o(.data.baudrateLUT)
    .bss                                     0x20000048   Section       96  libspace.o(.bss)
    P_UART                                   0x200000a8   Data           4  print.o(.bss.P_UART)
    [Anonymous Symbol]                       0x200000a8   Section        0  print.o(.bss.P_UART)
    RobotRot                                 0x200000b0   Data           8  main.o(.bss.RobotRot)
    [Anonymous Symbol]                       0x200000b0   Section        0  main.o(.bss.RobotRot)
    RobotX                                   0x200000b8   Data           8  main.o(.bss.RobotX)
    [Anonymous Symbol]                       0x200000b8   Section        0  main.o(.bss.RobotX)
    RobotY                                   0x200000c0   Data           8  main.o(.bss.RobotY)
    [Anonymous Symbol]                       0x200000c0   Section        0  main.o(.bss.RobotY)
    encoder_count                            0x200000c8   Data           8  main.o(.bss.encoder_count)
    [Anonymous Symbol]                       0x200000c8   Section        0  main.o(.bss.encoder_count)
    left_wheel_omega                         0x200000d0   Data           8  main.o(.bss.left_wheel_omega)
    [Anonymous Symbol]                       0x200000d0   Section        0  main.o(.bss.left_wheel_omega)
    left_wheel_x                             0x200000d8   Data           8  main.o(.bss.left_wheel_x)
    [Anonymous Symbol]                       0x200000d8   Section        0  main.o(.bss.left_wheel_x)
    right_wheel_omega                        0x200000e0   Data           8  main.o(.bss.right_wheel_omega)
    [Anonymous Symbol]                       0x200000e0   Section        0  main.o(.bss.right_wheel_omega)
    right_wheel_x                            0x200000e8   Data           8  main.o(.bss.right_wheel_x)
    [Anonymous Symbol]                       0x200000e8   Section        0  main.o(.bss.right_wheel_x)
    timer_OverflowCnt                        0x200000f0   Data           2  tim_encmode.o(.bss.timer_OverflowCnt)
    [Anonymous Symbol]                       0x200000f0   Section        0  tim_encmode.o(.bss.timer_OverflowCnt)
    vRot                                     0x200000f8   Data           8  main.o(.bss.vRot)
    [Anonymous Symbol]                       0x200000f8   Section        0  main.o(.bss.vRot)
    vX                                       0x20000100   Data           8  main.o(.bss.vX)
    [Anonymous Symbol]                       0x20000100   Section        0  main.o(.bss.vX)
    vY                                       0x20000108   Data           8  main.o(.bss.vY)
    [Anonymous Symbol]                       0x20000108   Section        0  main.o(.bss.vY)
    x                                        0x20000110   Data           8  main.o(.bss.x)
    [Anonymous Symbol]                       0x20000110   Section        0  main.o(.bss.x)
    y                                        0x20000118   Data           8  main.o(.bss.y)
    [Anonymous Symbol]                       0x20000118   Section        0  main.o(.bss.y)
    Heap_Mem                                 0x20000120   Data         512  startup_stm32f446xx.o(HEAP)
    HEAP                                     0x20000120   Section      512  startup_stm32f446xx.o(HEAP)
    Stack_Mem                                0x20000320   Data        1024  startup_stm32f446xx.o(STACK)
    STACK                                    0x20000320   Section     1024  startup_stm32f446xx.o(STACK)
    __initial_sp                             0x20000720   Data           0  startup_stm32f446xx.o(STACK)

    Global Symbols

    Symbol Name                              Value     Ov Type        Size  Object(Section)

    BuildAttributes$$THM_ISAv4$E$P$D$K$B$S$7EM$VFPi3$EXTD16$VFPS$VFMA$PE$A:L22UL41UL21$X:L11$S22US41US21$IEEE1$IW$~IW$USESV6$~STKCKD$USESV7$~SHL$OTIME$ROPI$IEEEX$EBA8$UX$STANDARDLIB$REQ8$PRES8$EABIv2 0x00000000   Number         0  anon$$obj.o ABSOLUTE
    _printf_flags                            0x00000000   Number         0  printf_stubs.o ABSOLUTE
    _printf_return_value                     0x00000000   Number         0  printf_stubs.o ABSOLUTE
    _printf_sizespec                         0x00000000   Number         0  printf_stubs.o ABSOLUTE
    _printf_widthprec                        0x00000000   Number         0  printf_stubs.o ABSOLUTE
    __ARM_exceptions_init                     - Undefined Weak Reference
    __alloca_initialize                       - Undefined Weak Reference
    __arm_preinit_                            - Undefined Weak Reference
    __arm_relocate_pie_                       - Undefined Weak Reference
    __cpp_initialize__aeabi_                  - Undefined Weak Reference
    __cxa_finalize                            - Undefined Weak Reference
    __sigvec_lookup                           - Undefined Weak Reference
    _atexit_init                              - Undefined Weak Reference
    _call_atexit_fns                          - Undefined Weak Reference
    _clock_init                               - Undefined Weak Reference
    _fp_trap_init                             - Undefined Weak Reference
    _fp_trap_shutdown                         - Undefined Weak Reference
    _get_lc_collate                           - Undefined Weak Reference
    _get_lc_monetary                          - Undefined Weak Reference
    _get_lc_time                              - Undefined Weak Reference
    _getenv_init                              - Undefined Weak Reference
    _handle_redirection                       - Undefined Weak Reference
    _init_alloc                               - Undefined Weak Reference
    _init_user_alloc                          - Undefined Weak Reference
    _initio                                   - Undefined Weak Reference
    _printf_mbtowc                            - Undefined Weak Reference
    _printf_wc                                - Undefined Weak Reference
    _rand_init                                - Undefined Weak Reference
    _signal_finish                            - Undefined Weak Reference
    _signal_init                              - Undefined Weak Reference
    _terminate_alloc                          - Undefined Weak Reference
    _terminate_user_alloc                     - Undefined Weak Reference
    _terminateio                              - Undefined Weak Reference
    __Vectors_Size                           0x000001c4   Number         0  startup_stm32f446xx.o ABSOLUTE
    __Vectors                                0x08000000   Data           4  startup_stm32f446xx.o(RESET)
    __Vectors_End                            0x080001c4   Data           0  startup_stm32f446xx.o(RESET)
    __main                                   0x080001c5   Thumb Code     8  __main.o(!!!main)
    __scatterload                            0x080001cd   Thumb Code     0  __scatter.o(!!!scatter)
    __scatterload_rt2                        0x080001cd   Thumb Code    44  __scatter.o(!!!scatter)
    __scatterload_rt2_thumb_only             0x080001cd   Thumb Code     0  __scatter.o(!!!scatter)
    __scatterload_null                       0x080001db   Thumb Code     0  __scatter.o(!!!scatter)
    __scatterload_copy                       0x08000201   Thumb Code    26  __scatter_copy.o(!!handler_copy)
    __scatterload_zeroinit                   0x0800021d   Thumb Code    28  __scatter_zi.o(!!handler_zi)
    _printf_n                                0x08000239   Thumb Code     0  _printf_n.o(.ARM.Collect$$_printf_percent$$00000001)
    _printf_percent                          0x08000239   Thumb Code     0  _printf_percent.o(.ARM.Collect$$_printf_percent$$00000000)
    _printf_p                                0x0800023f   Thumb Code     0  _printf_p.o(.ARM.Collect$$_printf_percent$$00000002)
    _printf_f                                0x08000245   Thumb Code     0  _printf_f.o(.ARM.Collect$$_printf_percent$$00000003)
    _printf_e                                0x0800024b   Thumb Code     0  _printf_e.o(.ARM.Collect$$_printf_percent$$00000004)
    _printf_g                                0x08000251   Thumb Code     0  _printf_g.o(.ARM.Collect$$_printf_percent$$00000005)
    _printf_a                                0x08000257   Thumb Code     0  _printf_a.o(.ARM.Collect$$_printf_percent$$00000006)
    _printf_ll                               0x0800025d   Thumb Code     0  _printf_ll.o(.ARM.Collect$$_printf_percent$$00000007)
    _printf_i                                0x08000267   Thumb Code     0  _printf_i.o(.ARM.Collect$$_printf_percent$$00000008)
    _printf_d                                0x0800026d   Thumb Code     0  _printf_d.o(.ARM.Collect$$_printf_percent$$00000009)
    _printf_u                                0x08000273   Thumb Code     0  _printf_u.o(.ARM.Collect$$_printf_percent$$0000000A)
    _printf_o                                0x08000279   Thumb Code     0  _printf_o.o(.ARM.Collect$$_printf_percent$$0000000B)
    _printf_x                                0x0800027f   Thumb Code     0  _printf_x.o(.ARM.Collect$$_printf_percent$$0000000C)
    _printf_lli                              0x08000285   Thumb Code     0  _printf_lli.o(.ARM.Collect$$_printf_percent$$0000000D)
    _printf_lld                              0x0800028b   Thumb Code     0  _printf_lld.o(.ARM.Collect$$_printf_percent$$0000000E)
    _printf_llu                              0x08000291   Thumb Code     0  _printf_llu.o(.ARM.Collect$$_printf_percent$$0000000F)
    _printf_llo                              0x08000297   Thumb Code     0  _printf_llo.o(.ARM.Collect$$_printf_percent$$00000010)
    _printf_llx                              0x0800029d   Thumb Code     0  _printf_llx.o(.ARM.Collect$$_printf_percent$$00000011)
    _printf_l                                0x080002a3   Thumb Code     0  _printf_l.o(.ARM.Collect$$_printf_percent$$00000012)
    _printf_c                                0x080002ad   Thumb Code     0  _printf_c.o(.ARM.Collect$$_printf_percent$$00000013)
    _printf_s                                0x080002b3   Thumb Code     0  _printf_s.o(.ARM.Collect$$_printf_percent$$00000014)
    _printf_lc                               0x080002b9   Thumb Code     0  _printf_lc.o(.ARM.Collect$$_printf_percent$$00000015)
    _printf_ls                               0x080002bf   Thumb Code     0  _printf_ls.o(.ARM.Collect$$_printf_percent$$00000016)
    _printf_percent_end                      0x080002c5   Thumb Code     0  _printf_percent_end.o(.ARM.Collect$$_printf_percent$$00000017)
    __rt_lib_init                            0x080002c9   Thumb Code     0  libinit.o(.ARM.Collect$$libinit$$00000000)
    __rt_lib_init_fp_1                       0x080002cb   Thumb Code     0  libinit2.o(.ARM.Collect$$libinit$$00000001)
    __rt_lib_init_heap_1                     0x080002cf   Thumb Code     0  libinit2.o(.ARM.Collect$$libinit$$0000000C)
    __rt_lib_init_lc_common                  0x080002cf   Thumb Code     0  libinit2.o(.ARM.Collect$$libinit$$00000011)
    __rt_lib_init_preinit_1                  0x080002cf   Thumb Code     0  libinit2.o(.ARM.Collect$$libinit$$00000006)
    __rt_lib_init_rand_1                     0x080002cf   Thumb Code     0  libinit2.o(.ARM.Collect$$libinit$$00000010)
    __rt_lib_init_relocate_pie_1             0x080002cf   Thumb Code     0  libinit2.o(.ARM.Collect$$libinit$$00000004)
    __rt_lib_init_user_alloc_1               0x080002cf   Thumb Code     0  libinit2.o(.ARM.Collect$$libinit$$0000000E)
    __rt_lib_init_lc_collate_1               0x080002d5   Thumb Code     0  libinit2.o(.ARM.Collect$$libinit$$00000013)
    __rt_lib_init_lc_ctype_2                 0x080002d5   Thumb Code     0  libinit2.o(.ARM.Collect$$libinit$$00000014)
    __rt_lib_init_lc_ctype_1                 0x080002e1   Thumb Code     0  libinit2.o(.ARM.Collect$$libinit$$00000015)
    __rt_lib_init_lc_monetary_1              0x080002e1   Thumb Code     0  libinit2.o(.ARM.Collect$$libinit$$00000017)
    __rt_lib_init_lc_numeric_2               0x080002e1   Thumb Code     0  libinit2.o(.ARM.Collect$$libinit$$00000018)
    __rt_lib_init_alloca_1                   0x080002eb   Thumb Code     0  libinit2.o(.ARM.Collect$$libinit$$00000030)
    __rt_lib_init_argv_1                     0x080002eb   Thumb Code     0  libinit2.o(.ARM.Collect$$libinit$$0000002E)
    __rt_lib_init_atexit_1                   0x080002eb   Thumb Code     0  libinit2.o(.ARM.Collect$$libinit$$0000001D)
    __rt_lib_init_clock_1                    0x080002eb   Thumb Code     0  libinit2.o(.ARM.Collect$$libinit$$00000023)
    __rt_lib_init_cpp_1                      0x080002eb   Thumb Code     0  libinit2.o(.ARM.Collect$$libinit$$00000034)
    __rt_lib_init_exceptions_1               0x080002eb   Thumb Code     0  libinit2.o(.ARM.Collect$$libinit$$00000032)
    __rt_lib_init_fp_trap_1                  0x080002eb   Thumb Code     0  libinit2.o(.ARM.Collect$$libinit$$00000021)
    __rt_lib_init_getenv_1                   0x080002eb   Thumb Code     0  libinit2.o(.ARM.Collect$$libinit$$00000025)
    __rt_lib_init_lc_numeric_1               0x080002eb   Thumb Code     0  libinit2.o(.ARM.Collect$$libinit$$00000019)
    __rt_lib_init_lc_time_1                  0x080002eb   Thumb Code     0  libinit2.o(.ARM.Collect$$libinit$$0000001B)
    __rt_lib_init_return                     0x080002eb   Thumb Code     0  libinit2.o(.ARM.Collect$$libinit$$00000035)
    __rt_lib_init_signal_1                   0x080002eb   Thumb Code     0  libinit2.o(.ARM.Collect$$libinit$$0000001F)
    __rt_lib_init_stdio_1                    0x080002eb   Thumb Code     0  libinit2.o(.ARM.Collect$$libinit$$00000027)
    __rt_lib_shutdown                        0x080002ed   Thumb Code     0  libshutdown.o(.ARM.Collect$$libshutdown$$00000000)
    __rt_lib_shutdown_cpp_1                  0x080002ef   Thumb Code     0  libshutdown2.o(.ARM.Collect$$libshutdown$$00000002)
    __rt_lib_shutdown_fp_trap_1              0x080002ef   Thumb Code     0  libshutdown2.o(.ARM.Collect$$libshutdown$$00000007)
    __rt_lib_shutdown_heap_1                 0x080002ef   Thumb Code     0  libshutdown2.o(.ARM.Collect$$libshutdown$$0000000F)
    __rt_lib_shutdown_return                 0x080002ef   Thumb Code     0  libshutdown2.o(.ARM.Collect$$libshutdown$$00000010)
    __rt_lib_shutdown_signal_1               0x080002ef   Thumb Code     0  libshutdown2.o(.ARM.Collect$$libshutdown$$0000000A)
    __rt_lib_shutdown_stdio_1                0x080002ef   Thumb Code     0  libshutdown2.o(.ARM.Collect$$libshutdown$$00000004)
    __rt_lib_shutdown_user_alloc_1           0x080002ef   Thumb Code     0  libshutdown2.o(.ARM.Collect$$libshutdown$$0000000C)
    __rt_entry                               0x080002f1   Thumb Code     0  __rtentry.o(.ARM.Collect$$rtentry$$00000000)
    __rt_entry_presh_1                       0x080002f1   Thumb Code     0  __rtentry2.o(.ARM.Collect$$rtentry$$00000002)
    __rt_entry_sh                            0x080002f1   Thumb Code     0  __rtentry4.o(.ARM.Collect$$rtentry$$00000004)
    __rt_entry_li                            0x080002f7   Thumb Code     0  __rtentry2.o(.ARM.Collect$$rtentry$$0000000A)
    __rt_entry_postsh_1                      0x080002f7   Thumb Code     0  __rtentry2.o(.ARM.Collect$$rtentry$$00000009)
    __rt_entry_main                          0x080002fb   Thumb Code     0  __rtentry2.o(.ARM.Collect$$rtentry$$0000000D)
    __rt_entry_postli_1                      0x080002fb   Thumb Code     0  __rtentry2.o(.ARM.Collect$$rtentry$$0000000C)
    __rt_exit                                0x08000303   Thumb Code     0  rtexit.o(.ARM.Collect$$rtexit$$00000000)
    __rt_exit_ls                             0x08000305   Thumb Code     0  rtexit2.o(.ARM.Collect$$rtexit$$00000003)
    __rt_exit_prels_1                        0x08000305   Thumb Code     0  rtexit2.o(.ARM.Collect$$rtexit$$00000002)
    __rt_exit_exit                           0x08000309   Thumb Code     0  rtexit2.o(.ARM.Collect$$rtexit$$00000004)
    Reset_Handler                            0x08000311   Thumb Code     8  startup_stm32f446xx.o(.text)
    NMI_Handler                              0x08000319   Thumb Code     2  startup_stm32f446xx.o(.text)
    HardFault_Handler                        0x0800031b   Thumb Code     2  startup_stm32f446xx.o(.text)
    MemManage_Handler                        0x0800031d   Thumb Code     2  startup_stm32f446xx.o(.text)
    BusFault_Handler                         0x0800031f   Thumb Code     2  startup_stm32f446xx.o(.text)
    UsageFault_Handler                       0x08000321   Thumb Code     2  startup_stm32f446xx.o(.text)
    SVC_Handler                              0x08000323   Thumb Code     2  startup_stm32f446xx.o(.text)
    DebugMon_Handler                         0x08000325   Thumb Code     2  startup_stm32f446xx.o(.text)
    PendSV_Handler                           0x08000327   Thumb Code     2  startup_stm32f446xx.o(.text)
    SysTick_Handler                          0x08000329   Thumb Code     2  startup_stm32f446xx.o(.text)
    ADC_IRQHandler                           0x0800032b   Thumb Code     0  startup_stm32f446xx.o(.text)
    CAN1_RX0_IRQHandler                      0x0800032b   Thumb Code     0  startup_stm32f446xx.o(.text)
    CAN1_RX1_IRQHandler                      0x0800032b   Thumb Code     0  startup_stm32f446xx.o(.text)
    CAN1_SCE_IRQHandler                      0x0800032b   Thumb Code     0  startup_stm32f446xx.o(.text)
    CAN1_TX_IRQHandler                       0x0800032b   Thumb Code     0  startup_stm32f446xx.o(.text)
    CAN2_RX0_IRQHandler                      0x0800032b   Thumb Code     0  startup_stm32f446xx.o(.text)
    CAN2_RX1_IRQHandler                      0x0800032b   Thumb Code     0  startup_stm32f446xx.o(.text)
    CAN2_SCE_IRQHandler                      0x0800032b   Thumb Code     0  startup_stm32f446xx.o(.text)
    CAN2_TX_IRQHandler                       0x0800032b   Thumb Code     0  startup_stm32f446xx.o(.text)
    CEC_IRQHandler                           0x0800032b   Thumb Code     0  startup_stm32f446xx.o(.text)
    DCMI_IRQHandler                          0x0800032b   Thumb Code     0  startup_stm32f446xx.o(.text)
    DMA1_Stream0_IRQHandler                  0x0800032b   Thumb Code     0  startup_stm32f446xx.o(.text)
    DMA1_Stream1_IRQHandler                  0x0800032b   Thumb Code     0  startup_stm32f446xx.o(.text)
    DMA1_Stream2_IRQHandler                  0x0800032b   Thumb Code     0  startup_stm32f446xx.o(.text)
    DMA1_Stream3_IRQHandler                  0x0800032b   Thumb Code     0  startup_stm32f446xx.o(.text)
    DMA1_Stream4_IRQHandler                  0x0800032b   Thumb Code     0  startup_stm32f446xx.o(.text)
    DMA1_Stream5_IRQHandler                  0x0800032b   Thumb Code     0  startup_stm32f446xx.o(.text)
    DMA1_Stream6_IRQHandler                  0x0800032b   Thumb Code     0  startup_stm32f446xx.o(.text)
    DMA1_Stream7_IRQHandler                  0x0800032b   Thumb Code     0  startup_stm32f446xx.o(.text)
    DMA2_Stream0_IRQHandler                  0x0800032b   Thumb Code     0  startup_stm32f446xx.o(.text)
    DMA2_Stream1_IRQHandler                  0x0800032b   Thumb Code     0  startup_stm32f446xx.o(.text)
    DMA2_Stream2_IRQHandler                  0x0800032b   Thumb Code     0  startup_stm32f446xx.o(.text)
    DMA2_Stream3_IRQHandler                  0x0800032b   Thumb Code     0  startup_stm32f446xx.o(.text)
    DMA2_Stream4_IRQHandler                  0x0800032b   Thumb Code     0  startup_stm32f446xx.o(.text)
    DMA2_Stream5_IRQHandler                  0x0800032b   Thumb Code     0  startup_stm32f446xx.o(.text)
    DMA2_Stream6_IRQHandler                  0x0800032b   Thumb Code     0  startup_stm32f446xx.o(.text)
    DMA2_Stream7_IRQHandler                  0x0800032b   Thumb Code     0  startup_stm32f446xx.o(.text)
    EXTI0_IRQHandler                         0x0800032b   Thumb Code     0  startup_stm32f446xx.o(.text)
    EXTI15_10_IRQHandler                     0x0800032b   Thumb Code     0  startup_stm32f446xx.o(.text)
    EXTI1_IRQHandler                         0x0800032b   Thumb Code     0  startup_stm32f446xx.o(.text)
    EXTI2_IRQHandler                         0x0800032b   Thumb Code     0  startup_stm32f446xx.o(.text)
    EXTI3_IRQHandler                         0x0800032b   Thumb Code     0  startup_stm32f446xx.o(.text)
    EXTI4_IRQHandler                         0x0800032b   Thumb Code     0  startup_stm32f446xx.o(.text)
    EXTI9_5_IRQHandler                       0x0800032b   Thumb Code     0  startup_stm32f446xx.o(.text)
    FLASH_IRQHandler                         0x0800032b   Thumb Code     0  startup_stm32f446xx.o(.text)
    FMC_IRQHandler                           0x0800032b   Thumb Code     0  startup_stm32f446xx.o(.text)
    FMPI2C1_ER_IRQHandler                    0x0800032b   Thumb Code     0  startup_stm32f446xx.o(.text)
    FMPI2C1_EV_IRQHandler                    0x0800032b   Thumb Code     0  startup_stm32f446xx.o(.text)
    FPU_IRQHandler                           0x0800032b   Thumb Code     0  startup_stm32f446xx.o(.text)
    I2C1_ER_IRQHandler                       0x0800032b   Thumb Code     0  startup_stm32f446xx.o(.text)
    I2C1_EV_IRQHandler                       0x0800032b   Thumb Code     0  startup_stm32f446xx.o(.text)
    I2C2_ER_IRQHandler                       0x0800032b   Thumb Code     0  startup_stm32f446xx.o(.text)
    I2C2_EV_IRQHandler                       0x0800032b   Thumb Code     0  startup_stm32f446xx.o(.text)
    I2C3_ER_IRQHandler                       0x0800032b   Thumb Code     0  startup_stm32f446xx.o(.text)
    I2C3_EV_IRQHandler                       0x0800032b   Thumb Code     0  startup_stm32f446xx.o(.text)
    OTG_FS_IRQHandler                        0x0800032b   Thumb Code     0  startup_stm32f446xx.o(.text)
    OTG_FS_WKUP_IRQHandler                   0x0800032b   Thumb Code     0  startup_stm32f446xx.o(.text)
    OTG_HS_EP1_IN_IRQHandler                 0x0800032b   Thumb Code     0  startup_stm32f446xx.o(.text)
    OTG_HS_EP1_OUT_IRQHandler                0x0800032b   Thumb Code     0  startup_stm32f446xx.o(.text)
    OTG_HS_IRQHandler                        0x0800032b   Thumb Code     0  startup_stm32f446xx.o(.text)
    OTG_HS_WKUP_IRQHandler                   0x0800032b   Thumb Code     0  startup_stm32f446xx.o(.text)
    PVD_IRQHandler                           0x0800032b   Thumb Code     0  startup_stm32f446xx.o(.text)
    QUADSPI_IRQHandler                       0x0800032b   Thumb Code     0  startup_stm32f446xx.o(.text)
    RCC_IRQHandler                           0x0800032b   Thumb Code     0  startup_stm32f446xx.o(.text)
    RTC_Alarm_IRQHandler                     0x0800032b   Thumb Code     0  startup_stm32f446xx.o(.text)
    RTC_WKUP_IRQHandler                      0x0800032b   Thumb Code     0  startup_stm32f446xx.o(.text)
    SAI1_IRQHandler                          0x0800032b   Thumb Code     0  startup_stm32f446xx.o(.text)
    SAI2_IRQHandler                          0x0800032b   Thumb Code     0  startup_stm32f446xx.o(.text)
    SDIO_IRQHandler                          0x0800032b   Thumb Code     0  startup_stm32f446xx.o(.text)
    SPDIF_RX_IRQHandler                      0x0800032b   Thumb Code     0  startup_stm32f446xx.o(.text)
    SPI1_IRQHandler                          0x0800032b   Thumb Code     0  startup_stm32f446xx.o(.text)
    SPI2_IRQHandler                          0x0800032b   Thumb Code     0  startup_stm32f446xx.o(.text)
    SPI3_IRQHandler                          0x0800032b   Thumb Code     0  startup_stm32f446xx.o(.text)
    SPI4_IRQHandler                          0x0800032b   Thumb Code     0  startup_stm32f446xx.o(.text)
    TAMP_STAMP_IRQHandler                    0x0800032b   Thumb Code     0  startup_stm32f446xx.o(.text)
    TIM1_BRK_TIM9_IRQHandler                 0x0800032b   Thumb Code     0  startup_stm32f446xx.o(.text)
    TIM1_CC_IRQHandler                       0x0800032b   Thumb Code     0  startup_stm32f446xx.o(.text)
    TIM1_TRG_COM_TIM11_IRQHandler            0x0800032b   Thumb Code     0  startup_stm32f446xx.o(.text)
    TIM1_UP_TIM10_IRQHandler                 0x0800032b   Thumb Code     0  startup_stm32f446xx.o(.text)
    TIM3_IRQHandler                          0x0800032b   Thumb Code     0  startup_stm32f446xx.o(.text)
    TIM4_IRQHandler                          0x0800032b   Thumb Code     0  startup_stm32f446xx.o(.text)
    TIM5_IRQHandler                          0x0800032b   Thumb Code     0  startup_stm32f446xx.o(.text)
    TIM6_DAC_IRQHandler                      0x0800032b   Thumb Code     0  startup_stm32f446xx.o(.text)
    TIM7_IRQHandler                          0x0800032b   Thumb Code     0  startup_stm32f446xx.o(.text)
    TIM8_BRK_TIM12_IRQHandler                0x0800032b   Thumb Code     0  startup_stm32f446xx.o(.text)
    TIM8_CC_IRQHandler                       0x0800032b   Thumb Code     0  startup_stm32f446xx.o(.text)
    TIM8_TRG_COM_TIM14_IRQHandler            0x0800032b   Thumb Code     0  startup_stm32f446xx.o(.text)
    TIM8_UP_TIM13_IRQHandler                 0x0800032b   Thumb Code     0  startup_stm32f446xx.o(.text)
    UART4_IRQHandler                         0x0800032b   Thumb Code     0  startup_stm32f446xx.o(.text)
    UART5_IRQHandler                         0x0800032b   Thumb Code     0  startup_stm32f446xx.o(.text)
    USART1_IRQHandler                        0x0800032b   Thumb Code     0  startup_stm32f446xx.o(.text)
    USART2_IRQHandler                        0x0800032b   Thumb Code     0  startup_stm32f446xx.o(.text)
    USART3_IRQHandler                        0x0800032b   Thumb Code     0  startup_stm32f446xx.o(.text)
    USART6_IRQHandler                        0x0800032b   Thumb Code     0  startup_stm32f446xx.o(.text)
    WWDG_IRQHandler                          0x0800032b   Thumb Code     0  startup_stm32f446xx.o(.text)
    __user_initial_stackheap                 0x0800032d   Thumb Code     0  startup_stm32f446xx.o(.text)
    vsprintf                                 0x08000351   Thumb Code    32  vsprintf.o(.text)
    strlen                                   0x08000375   Thumb Code    62  strlen.o(.text)
    __use_two_region_memory                  0x080003b3   Thumb Code     2  heapauxi.o(.text)
    __rt_heap_escrow$2region                 0x080003b5   Thumb Code     2  heapauxi.o(.text)
    __rt_heap_expand$2region                 0x080003b7   Thumb Code     2  heapauxi.o(.text)
    __read_errno                             0x080003b9   Thumb Code    10  _rserrno.o(.text)
    __set_errno                              0x080003c3   Thumb Code    12  _rserrno.o(.text)
    _printf_pre_padding                      0x080003cf   Thumb Code    44  _printf_pad.o(.text)
    _printf_post_padding                     0x080003fb   Thumb Code    34  _printf_pad.o(.text)
    _printf_truncate_signed                  0x0800041d   Thumb Code    18  _printf_truncate.o(.text)
    _printf_truncate_unsigned                0x0800042f   Thumb Code    18  _printf_truncate.o(.text)
    _printf_str                              0x08000441   Thumb Code    82  _printf_str.o(.text)
    _printf_int_dec                          0x08000495   Thumb Code   104  _printf_dec.o(.text)
    _printf_charcount                        0x0800050d   Thumb Code    40  _printf_charcount.o(.text)
    _printf_char_common                      0x0800053f   Thumb Code    32  _printf_char_common.o(.text)
    _sputc                                   0x08000565   Thumb Code    10  _sputc.o(.text)
    _printf_wctomb                           0x08000571   Thumb Code   182  _printf_wctomb.o(.text)
    _printf_longlong_dec                     0x0800062d   Thumb Code   108  _printf_longlong_dec.o(.text)
    _printf_longlong_oct                     0x080006a9   Thumb Code    68  _printf_oct_int_ll.o(.text)
    _printf_int_oct                          0x080006ed   Thumb Code    24  _printf_oct_int_ll.o(.text)
    _printf_ll_oct                           0x08000705   Thumb Code    12  _printf_oct_int_ll.o(.text)
    _printf_longlong_hex                     0x08000719   Thumb Code    86  _printf_hex_int_ll_ptr.o(.text)
    _printf_int_hex                          0x0800076f   Thumb Code    28  _printf_hex_int_ll_ptr.o(.text)
    _printf_ll_hex                           0x0800078b   Thumb Code    12  _printf_hex_int_ll_ptr.o(.text)
    _printf_hex_ptr                          0x08000797   Thumb Code    18  _printf_hex_int_ll_ptr.o(.text)
    __printf                                 0x080007ad   Thumb Code   388  __printf_flags_ss_wp.o(.text)
    __aeabi_errno_addr                       0x08000935   Thumb Code     8  rt_errno_addr_intlibspace.o(.text)
    __errno$intlibspace                      0x08000935   Thumb Code     0  rt_errno_addr_intlibspace.o(.text)
    __rt_errno_addr$intlibspace              0x08000935   Thumb Code     0  rt_errno_addr_intlibspace.o(.text)
    _ll_udiv10                               0x0800093d   Thumb Code   138  lludiv10.o(.text)
    _printf_int_common                       0x080009c7   Thumb Code   178  _printf_intcommon.o(.text)
    _printf_fp_dec_real                      0x08000c29   Thumb Code   620  _printf_fp_dec.o(.text)
    _printf_fp_hex_real                      0x08000e95   Thumb Code   756  _printf_fp_hex.o(.text)
    _printf_cs_common                        0x08001191   Thumb Code    20  _printf_char.o(.text)
    _printf_char                             0x080011a5   Thumb Code    16  _printf_char.o(.text)
    _printf_string                           0x080011b5   Thumb Code     8  _printf_char.o(.text)
    _printf_lcs_common                       0x080011bd   Thumb Code    20  _printf_wchar.o(.text)
    _printf_wchar                            0x080011d1   Thumb Code    16  _printf_wchar.o(.text)
    _printf_wstring                          0x080011e1   Thumb Code     8  _printf_wchar.o(.text)
    _c16rtomb                                0x080011e9   Thumb Code    72  _c16rtomb.o(.text)
    _wcrtomb                                 0x080011e9   Thumb Code     0  _c16rtomb.o(.text)
    __user_libspace                          0x08001231   Thumb Code     8  libspace.o(.text)
    __user_perproc_libspace                  0x08001231   Thumb Code     0  libspace.o(.text)
    __user_perthread_libspace                0x08001231   Thumb Code     0  libspace.o(.text)
    __user_setup_stackheap                   0x08001239   Thumb Code    74  sys_stackheap_outer.o(.text)
    __rt_ctype_table                         0x08001285   Thumb Code    16  rt_ctype_table.o(.text)
    __rt_locale                              0x08001295   Thumb Code     8  rt_locale_intlibspace.o(.text)
    _printf_fp_infnan                        0x0800129d   Thumb Code   112  _printf_fp_infnan.o(.text)
    _btod_etento                             0x0800131d   Thumb Code   224  bigflt0.o(.text)
    exit                                     0x08001401   Thumb Code    18  exit.o(.text)
    strcmp                                   0x08001419   Thumb Code   124  strcmpv7em.o(.text)
    _sys_exit                                0x08001495   Thumb Code     8  sys_exit.o(.text)
    __I$use$semihosting                      0x080014a1   Thumb Code     0  use_no_semi.o(.text)
    __use_no_semihosting_swi                 0x080014a1   Thumb Code     2  use_no_semi.o(.text)
    __semihosting_library_function           0x080014a3   Thumb Code     0  indicate_semi.o(.text)
    SystemInit                               0x080014a5   Thumb Code    18  system_stm32f4xx.o(.text.SystemInit)
    TIM2Init                                 0x080014b9   Thumb Code    74  main.o(.text.TIM2Init)
    TIM2_IRQHandler                          0x08001509   Thumb Code  1336  main.o(.text.TIM2_IRQHandler)
    counts_to_radian                         0x08001a71   Thumb Code    88  main.o(.text.counts_to_radian)
    encoderCount16bit                        0x08001ac9   Thumb Code    94  tim_encmode.o(.text.encoderCount16bit)
    encoderCount32bit                        0x08001b29   Thumb Code    12  tim_encmode.o(.text.encoderCount32bit)
    encoderInit16bit                         0x08001b35   Thumb Code   436  tim_encmode.o(.text.encoderInit16bit)
    encoderInit32bit                         0x08001ce9   Thumb Code   342  tim_encmode.o(.text.encoderInit32bit)
    main                                     0x08001e41   Thumb Code   128  main.o(.text.main)
    nucleoLedInit                            0x08001ec1   Thumb Code    40  nucleosetup.o(.text.nucleoLedInit)
    print                                    0x08001ee9   Thumb Code   126  print.o(.text.print)
    printInit                                0x08001f69   Thumb Code   262  print.o(.text.printInit)
    rccSetup                                 0x08002071   Thumb Code   166  nucleosetup.o(.text.rccSetup)
    _btod_d2e                                0x08002117   Thumb Code    62  btod.o(CL$$btod_d2e)
    _d2e_denorm_low                          0x08002155   Thumb Code    70  btod.o(CL$$btod_d2e_denorm_low)
    _d2e_norm_op1                            0x0800219b   Thumb Code    96  btod.o(CL$$btod_d2e_norm_op1)
    __btod_div_common                        0x080021fd   Thumb Code   696  btod.o(CL$$btod_div_common)
    _e2e                                     0x08002535   Thumb Code   220  btod.o(CL$$btod_e2e)
    _btod_ediv                               0x08002611   Thumb Code    42  btod.o(CL$$btod_ediv)
    _btod_emul                               0x0800263b   Thumb Code    42  btod.o(CL$$btod_emul)
    __btod_mult_common                       0x08002665   Thumb Code   580  btod.o(CL$$btod_mult_common)
    __ARM_fpclassify                         0x080028a9   Thumb Code    48  fpclassify.o(i.__ARM_fpclassify)
    __hardfp_cos                             0x080028d9   Thumb Code   180  cos.o(i.__hardfp_cos)
    __hardfp_sin                             0x080029a1   Thumb Code   180  sin.o(i.__hardfp_sin)
    __ieee754_rem_pio2                       0x08002a69   Thumb Code   938  rred.o(i.__ieee754_rem_pio2)
    __kernel_cos                             0x08002ea1   Thumb Code   322  cos_i.o(i.__kernel_cos)
    __kernel_poly                            0x08003011   Thumb Code   248  poly.o(i.__kernel_poly)
    __kernel_sin                             0x08003109   Thumb Code   280  sin_i.o(i.__kernel_sin)
    __mathlib_dbl_infnan                     0x08003239   Thumb Code    20  dunder.o(i.__mathlib_dbl_infnan)
    __mathlib_dbl_invalid                    0x08003251   Thumb Code    24  dunder.o(i.__mathlib_dbl_invalid)
    __mathlib_dbl_underflow                  0x08003271   Thumb Code    24  dunder.o(i.__mathlib_dbl_underflow)
    _is_digit                                0x08003291   Thumb Code    14  __printf_wp.o(i._is_digit)
    fabs                                     0x0800329f   Thumb Code    24  fabs.o(i.fabs)
    _get_lc_numeric                          0x080032b9   Thumb Code    44  lc_numeric_c.o(locale$$code)
    _get_lc_ctype                            0x080032e5   Thumb Code    44  lc_ctype_c.o(locale$$code)
    __aeabi_dneg                             0x08003311   Thumb Code     0  basic.o(x$fpl$basic)
    _dneg                                    0x08003311   Thumb Code     6  basic.o(x$fpl$basic)
    __aeabi_fneg                             0x08003317   Thumb Code     0  basic.o(x$fpl$basic)
    _fneg                                    0x08003317   Thumb Code     6  basic.o(x$fpl$basic)
    _dabs                                    0x0800331d   Thumb Code     6  basic.o(x$fpl$basic)
    _fabs                                    0x08003323   Thumb Code     6  basic.o(x$fpl$basic)
    __aeabi_dadd                             0x08003329   Thumb Code     0  daddsub_clz.o(x$fpl$dadd)
    _dadd                                    0x08003329   Thumb Code   332  daddsub_clz.o(x$fpl$dadd)
    __aeabi_ddiv                             0x08003479   Thumb Code     0  ddiv.o(x$fpl$ddiv)
    _ddiv                                    0x08003479   Thumb Code   556  ddiv.o(x$fpl$ddiv)
    __aeabi_d2iz                             0x0800372d   Thumb Code     0  dfix.o(x$fpl$dfix)
    _dfix                                    0x0800372d   Thumb Code    94  dfix.o(x$fpl$dfix)
    __aeabi_i2d                              0x0800378b   Thumb Code     0  dflt_clz.o(x$fpl$dflt)
    _dflt                                    0x0800378b   Thumb Code    46  dflt_clz.o(x$fpl$dflt)
    __aeabi_ui2d                             0x080037b9   Thumb Code     0  dflt_clz.o(x$fpl$dfltu)
    _dfltu                                   0x080037b9   Thumb Code    38  dflt_clz.o(x$fpl$dfltu)
    __aeabi_dmul                             0x080037e1   Thumb Code     0  dmul.o(x$fpl$dmul)
    _dmul                                    0x080037e1   Thumb Code   332  dmul.o(x$fpl$dmul)
    __fpl_dnaninf                            0x08003935   Thumb Code   156  dnaninf.o(x$fpl$dnaninf)
    __fpl_dretinf                            0x080039d1   Thumb Code    12  dretinf.o(x$fpl$dretinf)
    __aeabi_drsub                            0x080039dd   Thumb Code     0  daddsub_clz.o(x$fpl$drsb)
    _drsb                                    0x080039dd   Thumb Code    22  daddsub_clz.o(x$fpl$drsb)
    __aeabi_dsub                             0x080039f5   Thumb Code     0  daddsub_clz.o(x$fpl$dsub)
    _dsub                                    0x080039f5   Thumb Code   472  daddsub_clz.o(x$fpl$dsub)
    _fp_init                                 0x08003bd1   Thumb Code    26  fpinit.o(x$fpl$fpinit)
    __fplib_config_fpu_vfp                   0x08003be9   Thumb Code     0  fpinit.o(x$fpl$fpinit)
    __fplib_config_pureend_doubles           0x08003be9   Thumb Code     0  fpinit.o(x$fpl$fpinit)
    _printf_fp_dec                           0x08003beb   Thumb Code     4  printf1.o(x$fpl$printf1)
    _printf_fp_hex                           0x08003bef   Thumb Code     4  printf2.o(x$fpl$printf2)
    __I$use$fp                               0x08003bf2   Number         0  usenofp.o(x$fpl$usenofp)
    Region$$Table$$Base                      0x08003e30   Number         0  anon$$obj.o(Region$$Table)
    Region$$Table$$Limit                     0x08003e50   Number         0  anon$$obj.o(Region$$Table)
    __ctype                                  0x08003e79   Data           0  lc_ctype_c.o(locale$$data)
    __libspace_start                         0x20000048   Data          96  libspace.o(.bss)
    __temporary_stack_top$libspace           0x200000a8   Data           0  libspace.o(.bss)



==============================================================================

Memory Map of the image

  Image Entry point : 0x08000311

  Load Region LR_1 (Base: 0x08000000, Size: 0x00003fc4, Max: 0xffffffff, ABSOLUTE)

    Execution Region ER_RO (Exec base: 0x08000000, Load base: 0x08000000, Size: 0x00003f7c, Max: 0xffffffff, ABSOLUTE)

    Exec Addr    Load Addr    Size         Type   Attr      Idx    E Section Name        Object

    0x08000000   0x08000000   0x000001c4   Data   RO           82    RESET               startup_stm32f446xx.o
    0x080001c4   0x080001c4   0x00000008   Code   RO          111  * !!!main             c_w.l(__main.o)
    0x080001cc   0x080001cc   0x00000034   Code   RO          528    !!!scatter          c_w.l(__scatter.o)
    0x08000200   0x08000200   0x0000001a   Code   RO          530    !!handler_copy      c_w.l(__scatter_copy.o)
    0x0800021a   0x0800021a   0x00000002   PAD
    0x0800021c   0x0800021c   0x0000001c   Code   RO          532    !!handler_zi        c_w.l(__scatter_zi.o)
    0x08000238   0x08000238   0x00000000   Code   RO          227    .ARM.Collect$$_printf_percent$$00000000  c_w.l(_printf_percent.o)
    0x08000238   0x08000238   0x00000006   Code   RO          216    .ARM.Collect$$_printf_percent$$00000001  c_w.l(_printf_n.o)
    0x0800023e   0x0800023e   0x00000006   Code   RO          218    .ARM.Collect$$_printf_percent$$00000002  c_w.l(_printf_p.o)
    0x08000244   0x08000244   0x00000006   Code   RO          223    .ARM.Collect$$_printf_percent$$00000003  c_w.l(_printf_f.o)
    0x0800024a   0x0800024a   0x00000006   Code   RO          224    .ARM.Collect$$_printf_percent$$00000004  c_w.l(_printf_e.o)
    0x08000250   0x08000250   0x00000006   Code   RO          225    .ARM.Collect$$_printf_percent$$00000005  c_w.l(_printf_g.o)
    0x08000256   0x08000256   0x00000006   Code   RO          226    .ARM.Collect$$_printf_percent$$00000006  c_w.l(_printf_a.o)
    0x0800025c   0x0800025c   0x0000000a   Code   RO          231    .ARM.Collect$$_printf_percent$$00000007  c_w.l(_printf_ll.o)
    0x08000266   0x08000266   0x00000006   Code   RO          220    .ARM.Collect$$_printf_percent$$00000008  c_w.l(_printf_i.o)
    0x0800026c   0x0800026c   0x00000006   Code   RO          221    .ARM.Collect$$_printf_percent$$00000009  c_w.l(_printf_d.o)
    0x08000272   0x08000272   0x00000006   Code   RO          222    .ARM.Collect$$_printf_percent$$0000000A  c_w.l(_printf_u.o)
    0x08000278   0x08000278   0x00000006   Code   RO          219    .ARM.Collect$$_printf_percent$$0000000B  c_w.l(_printf_o.o)
    0x0800027e   0x0800027e   0x00000006   Code   RO          217    .ARM.Collect$$_printf_percent$$0000000C  c_w.l(_printf_x.o)
    0x08000284   0x08000284   0x00000006   Code   RO          228    .ARM.Collect$$_printf_percent$$0000000D  c_w.l(_printf_lli.o)
    0x0800028a   0x0800028a   0x00000006   Code   RO          229    .ARM.Collect$$_printf_percent$$0000000E  c_w.l(_printf_lld.o)
    0x08000290   0x08000290   0x00000006   Code   RO          230    .ARM.Collect$$_printf_percent$$0000000F  c_w.l(_printf_llu.o)
    0x08000296   0x08000296   0x00000006   Code   RO          235    .ARM.Collect$$_printf_percent$$00000010  c_w.l(_printf_llo.o)
    0x0800029c   0x0800029c   0x00000006   Code   RO          236    .ARM.Collect$$_printf_percent$$00000011  c_w.l(_printf_llx.o)
    0x080002a2   0x080002a2   0x0000000a   Code   RO          232    .ARM.Collect$$_printf_percent$$00000012  c_w.l(_printf_l.o)
    0x080002ac   0x080002ac   0x00000006   Code   RO          214    .ARM.Collect$$_printf_percent$$00000013  c_w.l(_printf_c.o)
    0x080002b2   0x080002b2   0x00000006   Code   RO          215    .ARM.Collect$$_printf_percent$$00000014  c_w.l(_printf_s.o)
    0x080002b8   0x080002b8   0x00000006   Code   RO          233    .ARM.Collect$$_printf_percent$$00000015  c_w.l(_printf_lc.o)
    0x080002be   0x080002be   0x00000006   Code   RO          234    .ARM.Collect$$_printf_percent$$00000016  c_w.l(_printf_ls.o)
    0x080002c4   0x080002c4   0x00000004   Code   RO          314    .ARM.Collect$$_printf_percent$$00000017  c_w.l(_printf_percent_end.o)
    0x080002c8   0x080002c8   0x00000002   Code   RO          382    .ARM.Collect$$libinit$$00000000  c_w.l(libinit.o)
    0x080002ca   0x080002ca   0x00000004   Code   RO          394    .ARM.Collect$$libinit$$00000001  c_w.l(libinit2.o)
    0x080002ce   0x080002ce   0x00000000   Code   RO          397    .ARM.Collect$$libinit$$00000004  c_w.l(libinit2.o)
    0x080002ce   0x080002ce   0x00000000   Code   RO          399    .ARM.Collect$$libinit$$00000006  c_w.l(libinit2.o)
    0x080002ce   0x080002ce   0x00000000   Code   RO          402    .ARM.Collect$$libinit$$0000000C  c_w.l(libinit2.o)
    0x080002ce   0x080002ce   0x00000000   Code   RO          404    .ARM.Collect$$libinit$$0000000E  c_w.l(libinit2.o)
    0x080002ce   0x080002ce   0x00000000   Code   RO          406    .ARM.Collect$$libinit$$00000010  c_w.l(libinit2.o)
    0x080002ce   0x080002ce   0x00000006   Code   RO          407    .ARM.Collect$$libinit$$00000011  c_w.l(libinit2.o)
    0x080002d4   0x080002d4   0x00000000   Code   RO          409    .ARM.Collect$$libinit$$00000013  c_w.l(libinit2.o)
    0x080002d4   0x080002d4   0x0000000c   Code   RO          410    .ARM.Collect$$libinit$$00000014  c_w.l(libinit2.o)
    0x080002e0   0x080002e0   0x00000000   Code   RO          411    .ARM.Collect$$libinit$$00000015  c_w.l(libinit2.o)
    0x080002e0   0x080002e0   0x00000000   Code   RO          413    .ARM.Collect$$libinit$$00000017  c_w.l(libinit2.o)
    0x080002e0   0x080002e0   0x0000000a   Code   RO          414    .ARM.Collect$$libinit$$00000018  c_w.l(libinit2.o)
    0x080002ea   0x080002ea   0x00000000   Code   RO          415    .ARM.Collect$$libinit$$00000019  c_w.l(libinit2.o)
    0x080002ea   0x080002ea   0x00000000   Code   RO          417    .ARM.Collect$$libinit$$0000001B  c_w.l(libinit2.o)
    0x080002ea   0x080002ea   0x00000000   Code   RO          419    .ARM.Collect$$libinit$$0000001D  c_w.l(libinit2.o)
    0x080002ea   0x080002ea   0x00000000   Code   RO          421    .ARM.Collect$$libinit$$0000001F  c_w.l(libinit2.o)
    0x080002ea   0x080002ea   0x00000000   Code   RO          423    .ARM.Collect$$libinit$$00000021  c_w.l(libinit2.o)
    0x080002ea   0x080002ea   0x00000000   Code   RO          425    .ARM.Collect$$libinit$$00000023  c_w.l(libinit2.o)
    0x080002ea   0x080002ea   0x00000000   Code   RO          427    .ARM.Collect$$libinit$$00000025  c_w.l(libinit2.o)
    0x080002ea   0x080002ea   0x00000000   Code   RO          429    .ARM.Collect$$libinit$$00000027  c_w.l(libinit2.o)
    0x080002ea   0x080002ea   0x00000000   Code   RO          433    .ARM.Collect$$libinit$$0000002E  c_w.l(libinit2.o)
    0x080002ea   0x080002ea   0x00000000   Code   RO          435    .ARM.Collect$$libinit$$00000030  c_w.l(libinit2.o)
    0x080002ea   0x080002ea   0x00000000   Code   RO          437    .ARM.Collect$$libinit$$00000032  c_w.l(libinit2.o)
    0x080002ea   0x080002ea   0x00000000   Code   RO          439    .ARM.Collect$$libinit$$00000034  c_w.l(libinit2.o)
    0x080002ea   0x080002ea   0x00000002   Code   RO          440    .ARM.Collect$$libinit$$00000035  c_w.l(libinit2.o)
    0x080002ec   0x080002ec   0x00000002   Code   RO          464    .ARM.Collect$$libshutdown$$00000000  c_w.l(libshutdown.o)
    0x080002ee   0x080002ee   0x00000000   Code   RO          479    .ARM.Collect$$libshutdown$$00000002  c_w.l(libshutdown2.o)
    0x080002ee   0x080002ee   0x00000000   Code   RO          481    .ARM.Collect$$libshutdown$$00000004  c_w.l(libshutdown2.o)
    0x080002ee   0x080002ee   0x00000000   Code   RO          484    .ARM.Collect$$libshutdown$$00000007  c_w.l(libshutdown2.o)
    0x080002ee   0x080002ee   0x00000000   Code   RO          487    .ARM.Collect$$libshutdown$$0000000A  c_w.l(libshutdown2.o)
    0x080002ee   0x080002ee   0x00000000   Code   RO          489    .ARM.Collect$$libshutdown$$0000000C  c_w.l(libshutdown2.o)
    0x080002ee   0x080002ee   0x00000000   Code   RO          492    .ARM.Collect$$libshutdown$$0000000F  c_w.l(libshutdown2.o)
    0x080002ee   0x080002ee   0x00000002   Code   RO          493    .ARM.Collect$$libshutdown$$00000010  c_w.l(libshutdown2.o)
    0x080002f0   0x080002f0   0x00000000   Code   RO          143    .ARM.Collect$$rtentry$$00000000  c_w.l(__rtentry.o)
    0x080002f0   0x080002f0   0x00000000   Code   RO          278    .ARM.Collect$$rtentry$$00000002  c_w.l(__rtentry2.o)
    0x080002f0   0x080002f0   0x00000006   Code   RO          290    .ARM.Collect$$rtentry$$00000004  c_w.l(__rtentry4.o)
    0x080002f6   0x080002f6   0x00000000   Code   RO          280    .ARM.Collect$$rtentry$$00000009  c_w.l(__rtentry2.o)
    0x080002f6   0x080002f6   0x00000004   Code   RO          281    .ARM.Collect$$rtentry$$0000000A  c_w.l(__rtentry2.o)
    0x080002fa   0x080002fa   0x00000000   Code   RO          283    .ARM.Collect$$rtentry$$0000000C  c_w.l(__rtentry2.o)
    0x080002fa   0x080002fa   0x00000008   Code   RO          284    .ARM.Collect$$rtentry$$0000000D  c_w.l(__rtentry2.o)
    0x08000302   0x08000302   0x00000002   Code   RO          385    .ARM.Collect$$rtexit$$00000000  c_w.l(rtexit.o)
    0x08000304   0x08000304   0x00000000   Code   RO          442    .ARM.Collect$$rtexit$$00000002  c_w.l(rtexit2.o)
    0x08000304   0x08000304   0x00000004   Code   RO          443    .ARM.Collect$$rtexit$$00000003  c_w.l(rtexit2.o)
    0x08000308   0x08000308   0x00000006   Code   RO          444    .ARM.Collect$$rtexit$$00000004  c_w.l(rtexit2.o)
    0x0800030e   0x0800030e   0x00000002   PAD
    0x08000310   0x08000310   0x00000040   Code   RO           83  * .text               startup_stm32f446xx.o
    0x08000350   0x08000350   0x00000024   Code   RO          105    .text               c_w.l(vsprintf.o)
    0x08000374   0x08000374   0x0000003e   Code   RO          107    .text               c_w.l(strlen.o)
    0x080003b2   0x080003b2   0x00000006   Code   RO          109    .text               c_w.l(heapauxi.o)
    0x080003b8   0x080003b8   0x00000016   Code   RO          144    .text               c_w.l(_rserrno.o)
    0x080003ce   0x080003ce   0x0000004e   Code   RO          148    .text               c_w.l(_printf_pad.o)
    0x0800041c   0x0800041c   0x00000024   Code   RO          150    .text               c_w.l(_printf_truncate.o)
    0x08000440   0x08000440   0x00000052   Code   RO          152    .text               c_w.l(_printf_str.o)
    0x08000492   0x08000492   0x00000002   PAD
    0x08000494   0x08000494   0x00000078   Code   RO          154    .text               c_w.l(_printf_dec.o)
    0x0800050c   0x0800050c   0x00000028   Code   RO          156    .text               c_w.l(_printf_charcount.o)
    0x08000534   0x08000534   0x00000030   Code   RO          158    .text               c_w.l(_printf_char_common.o)
    0x08000564   0x08000564   0x0000000a   Code   RO          160    .text               c_w.l(_sputc.o)
    0x0800056e   0x0800056e   0x00000002   PAD
    0x08000570   0x08000570   0x000000bc   Code   RO          162    .text               c_w.l(_printf_wctomb.o)
    0x0800062c   0x0800062c   0x0000007c   Code   RO          165    .text               c_w.l(_printf_longlong_dec.o)
    0x080006a8   0x080006a8   0x00000070   Code   RO          171    .text               c_w.l(_printf_oct_int_ll.o)
    0x08000718   0x08000718   0x00000094   Code   RO          191    .text               c_w.l(_printf_hex_int_ll_ptr.o)
    0x080007ac   0x080007ac   0x00000188   Code   RO          211    .text               c_w.l(__printf_flags_ss_wp.o)
    0x08000934   0x08000934   0x00000008   Code   RO          295    .text               c_w.l(rt_errno_addr_intlibspace.o)
    0x0800093c   0x0800093c   0x0000008a   Code   RO          297    .text               c_w.l(lludiv10.o)
    0x080009c6   0x080009c6   0x000000b2   Code   RO          299    .text               c_w.l(_printf_intcommon.o)
    0x08000a78   0x08000a78   0x0000041c   Code   RO          301    .text               c_w.l(_printf_fp_dec.o)
    0x08000e94   0x08000e94   0x000002fc   Code   RO          305    .text               c_w.l(_printf_fp_hex.o)
    0x08001190   0x08001190   0x0000002c   Code   RO          310    .text               c_w.l(_printf_char.o)
    0x080011bc   0x080011bc   0x0000002c   Code   RO          312    .text               c_w.l(_printf_wchar.o)
    0x080011e8   0x080011e8   0x00000048   Code   RO          315    .text               c_w.l(_c16rtomb.o)
    0x08001230   0x08001230   0x00000008   Code   RO          331    .text               c_w.l(libspace.o)
    0x08001238   0x08001238   0x0000004a   Code   RO          334    .text               c_w.l(sys_stackheap_outer.o)
    0x08001282   0x08001282   0x00000002   PAD
    0x08001284   0x08001284   0x00000010   Code   RO          336    .text               c_w.l(rt_ctype_table.o)
    0x08001294   0x08001294   0x00000008   Code   RO          341    .text               c_w.l(rt_locale_intlibspace.o)
    0x0800129c   0x0800129c   0x00000080   Code   RO          343    .text               c_w.l(_printf_fp_infnan.o)
    0x0800131c   0x0800131c   0x000000e4   Code   RO          345    .text               c_w.l(bigflt0.o)
    0x08001400   0x08001400   0x00000012   Code   RO          375    .text               c_w.l(exit.o)
    0x08001412   0x08001412   0x00000006   PAD
    0x08001418   0x08001418   0x0000007c   Code   RO          392    .text               c_w.l(strcmpv7em.o)
    0x08001494   0x08001494   0x0000000c   Code   RO          454    .text               c_w.l(sys_exit.o)
    0x080014a0   0x080014a0   0x00000002   Code   RO          469    .text               c_w.l(use_no_semi.o)
    0x080014a2   0x080014a2   0x00000000   Code   RO          471    .text               c_w.l(indicate_semi.o)
    0x080014a2   0x080014a2   0x00000002   PAD
    0x080014a4   0x080014a4   0x00000012   Code   RO           90    .text.SystemInit    system_stm32f4xx.o
    0x080014b6   0x080014b6   0x00000002   PAD
    0x080014b8   0x080014b8   0x0000004a   Code   RO            4    .text.TIM2Init      main.o
    0x08001502   0x08001502   0x00000006   PAD
    0x08001508   0x08001508   0x00000538   Code   RO            8    .text.TIM2_IRQHandler  main.o
    0x08001a40   0x08001a40   0x00000030   Code   RO            6    .text.__NVIC_EnableIRQ  main.o
    0x08001a70   0x08001a70   0x00000058   Code   RO           10    .text.counts_to_radian  main.o
    0x08001ac8   0x08001ac8   0x0000005e   Code   RO           55    .text.encoderCount16bit  tim_encmode.o
    0x08001b26   0x08001b26   0x00000002   PAD
    0x08001b28   0x08001b28   0x0000000c   Code   RO           51    .text.encoderCount32bit  tim_encmode.o
    0x08001b34   0x08001b34   0x000001b4   Code   RO           53    .text.encoderInit16bit  tim_encmode.o
    0x08001ce8   0x08001ce8   0x00000156   Code   RO           49    .text.encoderInit32bit  tim_encmode.o
    0x08001e3e   0x08001e3e   0x00000002   PAD
    0x08001e40   0x08001e40   0x00000080   Code   RO            2    .text.main          main.o
    0x08001ec0   0x08001ec0   0x00000028   Code   RO           40    .text.nucleoLedInit  nucleosetup.o
    0x08001ee8   0x08001ee8   0x0000007e   Code   RO           67    .text.print         print.o
    0x08001f66   0x08001f66   0x00000002   PAD
    0x08001f68   0x08001f68   0x00000106   Code   RO           65    .text.printInit     print.o
    0x0800206e   0x0800206e   0x00000002   PAD
    0x08002070   0x08002070   0x000000a6   Code   RO           38    .text.rccSetup      nucleosetup.o
    0x08002116   0x08002116   0x0000003e   Code   RO          348    CL$$btod_d2e        c_w.l(btod.o)
    0x08002154   0x08002154   0x00000046   Code   RO          350    CL$$btod_d2e_denorm_low  c_w.l(btod.o)
    0x0800219a   0x0800219a   0x00000060   Code   RO          349    CL$$btod_d2e_norm_op1  c_w.l(btod.o)
    0x080021fa   0x080021fa   0x00000002   PAD
    0x080021fc   0x080021fc   0x00000338   Code   RO          358    CL$$btod_div_common  c_w.l(btod.o)
    0x08002534   0x08002534   0x000000dc   Code   RO          355    CL$$btod_e2e        c_w.l(btod.o)
    0x08002610   0x08002610   0x0000002a   Code   RO          352    CL$$btod_ediv       c_w.l(btod.o)
    0x0800263a   0x0800263a   0x0000002a   Code   RO          351    CL$$btod_emul       c_w.l(btod.o)
    0x08002664   0x08002664   0x00000244   Code   RO          357    CL$$btod_mult_common  c_w.l(btod.o)
    0x080028a8   0x080028a8   0x00000030   Code   RO          327    i.__ARM_fpclassify  m_wm.l(fpclassify.o)
    0x080028d8   0x080028d8   0x000000c8   Code   RO          131    i.__hardfp_cos      m_wm.l(cos.o)
    0x080029a0   0x080029a0   0x000000c8   Code   RO          137    i.__hardfp_sin      m_wm.l(sin.o)
    0x08002a68   0x08002a68   0x00000438   Code   RO          269    i.__ieee754_rem_pio2  m_wm.l(rred.o)
    0x08002ea0   0x08002ea0   0x00000170   Code   RO          252    i.__kernel_cos      m_wm.l(cos_i.o)
    0x08003010   0x08003010   0x000000f8   Code   RO          329    i.__kernel_poly     m_wm.l(poly.o)
    0x08003108   0x08003108   0x00000130   Code   RO          274    i.__kernel_sin      m_wm.l(sin_i.o)
    0x08003238   0x08003238   0x00000014   Code   RO          256    i.__mathlib_dbl_infnan  m_wm.l(dunder.o)
    0x0800324c   0x0800324c   0x00000004   PAD
    0x08003250   0x08003250   0x00000020   Code   RO          258    i.__mathlib_dbl_invalid  m_wm.l(dunder.o)
    0x08003270   0x08003270   0x00000020   Code   RO          261    i.__mathlib_dbl_underflow  m_wm.l(dunder.o)
    0x08003290   0x08003290   0x0000000e   Code   RO          204    i._is_digit         c_w.l(__printf_wp.o)
    0x0800329e   0x0800329e   0x00000018   Code   RO          323    i.fabs              m_wm.l(fabs.o)
    0x080032b6   0x080032b6   0x00000002   PAD
    0x080032b8   0x080032b8   0x0000002c   Code   RO          373    locale$$code        c_w.l(lc_numeric_c.o)
    0x080032e4   0x080032e4   0x0000002c   Code   RO          390    locale$$code        c_w.l(lc_ctype_c.o)
    0x08003310   0x08003310   0x00000018   Code   RO          237    x$fpl$basic         fz_wm.l(basic.o)
    0x08003328   0x08003328   0x00000150   Code   RO          113    x$fpl$dadd          fz_wm.l(daddsub_clz.o)
    0x08003478   0x08003478   0x000002b4   Code   RO          120    x$fpl$ddiv          fz_wm.l(ddiv.o)
    0x0800372c   0x0800372c   0x0000005e   Code   RO          317    x$fpl$dfix          fz_wm.l(dfix.o)
    0x0800378a   0x0800378a   0x0000002e   Code   RO          124    x$fpl$dflt          fz_wm.l(dflt_clz.o)
    0x080037b8   0x080037b8   0x00000026   Code   RO          123    x$fpl$dfltu         fz_wm.l(dflt_clz.o)
    0x080037de   0x080037de   0x00000002   PAD
    0x080037e0   0x080037e0   0x00000154   Code   RO          129    x$fpl$dmul          fz_wm.l(dmul.o)
    0x08003934   0x08003934   0x0000009c   Code   RO          239    x$fpl$dnaninf       fz_wm.l(dnaninf.o)
    0x080039d0   0x080039d0   0x0000000c   Code   RO          241    x$fpl$dretinf       fz_wm.l(dretinf.o)
    0x080039dc   0x080039dc   0x00000016   Code   RO          114    x$fpl$drsb          fz_wm.l(daddsub_clz.o)
    0x080039f2   0x080039f2   0x00000002   PAD
    0x080039f4   0x080039f4   0x000001dc   Code   RO          115    x$fpl$dsub          fz_wm.l(daddsub_clz.o)
    0x08003bd0   0x08003bd0   0x0000001a   Code   RO          452    x$fpl$fpinit        fz_wm.l(fpinit.o)
    0x08003bea   0x08003bea   0x00000004   Code   RO          243    x$fpl$printf1       fz_wm.l(printf1.o)
    0x08003bee   0x08003bee   0x00000004   Code   RO          245    x$fpl$printf2       fz_wm.l(printf2.o)
    0x08003bf2   0x08003bf2   0x00000000   Code   RO          251    x$fpl$usenofp       fz_wm.l(usenofp.o)
    0x08003bf2   0x08003bf2   0x00000002   PAD
    0x08003bf4   0x08003bf4   0x00000008   Data   RO          163    .constdata          c_w.l(_printf_wctomb.o)
    0x08003bfc   0x08003bfc   0x00000028   Data   RO          192    .constdata          c_w.l(_printf_hex_int_ll_ptr.o)
    0x08003c24   0x08003c24   0x00000011   Data   RO          212    .constdata          c_w.l(__printf_flags_ss_wp.o)
    0x08003c35   0x08003c35   0x00000003   PAD
    0x08003c38   0x08003c38   0x00000030   Data   RO          253    .constdata          m_wm.l(cos_i.o)
    0x08003c68   0x08003c68   0x000000cc   Data   RO          271    .constdata          m_wm.l(rred.o)
    0x08003d34   0x08003d34   0x00000004   PAD
    0x08003d38   0x08003d38   0x00000028   Data   RO          275    .constdata          m_wm.l(sin_i.o)
    0x08003d60   0x08003d60   0x00000026   Data   RO          306    .constdata          c_w.l(_printf_fp_hex.o)
    0x08003d86   0x08003d86   0x00000002   PAD
    0x08003d88   0x08003d88   0x00000094   Data   RO          346    .constdata          c_w.l(bigflt0.o)
    0x08003e1c   0x08003e1c   0x00000011   Data   RO           29    .rodata.str1.1      main.o
    0x08003e2d   0x08003e2d   0x00000003   PAD
    0x08003e30   0x08003e30   0x00000020   Data   RO          527    Region$$Table       anon$$obj.o
    0x08003e50   0x08003e50   0x0000001c   Data   RO          372    locale$$data        c_w.l(lc_numeric_c.o)
    0x08003e6c   0x08003e6c   0x00000110   Data   RO          389    locale$$data        c_w.l(lc_ctype_c.o)


    Execution Region ER_RW (Exec base: 0x20000000, Load base: 0x08003f80, Size: 0x00000044, Max: 0xffffffff, ABSOLUTE)

    Exec Addr    Load Addr    Size         Type   Attr      Idx    E Section Name        Object

    0x20000000   0x08003f80   0x00000008   Data   RW           13    .data.A             main.o
    0x20000008   0x08003f88   0x00000008   Data   RW           15    .data.B             main.o
    0x20000010   0x08003f90   0x00000008   Data   RW           17    .data.C             main.o
    0x20000018   0x08003f98   0x00000008   Data   RW           18    .data.D             main.o
    0x20000020   0x08003fa0   0x00000024   Data   RW           71    .data.baudrateLUT   print.o


    Execution Region ER_ZI (Exec base: 0x20000048, Load base: 0x08003fc4, Size: 0x000006d8, Max: 0xffffffff, ABSOLUTE)

    Exec Addr    Load Addr    Size         Type   Attr      Idx    E Section Name        Object

    0x20000048        -       0x00000060   Zero   RW          332    .bss                c_w.l(libspace.o)
    0x200000a8        -       0x00000004   Zero   RW           72    .bss.P_UART         print.o
    0x200000ac   0x08003fc4   0x00000004   PAD
    0x200000b0        -       0x00000008   Zero   RW           23    .bss.RobotRot       main.o
    0x200000b8        -       0x00000008   Zero   RW           27    .bss.RobotX         main.o
    0x200000c0        -       0x00000008   Zero   RW           28    .bss.RobotY         main.o
    0x200000c8        -       0x00000008   Zero   RW           12    .bss.encoder_count  main.o
    0x200000d0        -       0x00000008   Zero   RW           22    .bss.left_wheel_omega  main.o
    0x200000d8        -       0x00000008   Zero   RW           21    .bss.left_wheel_x   main.o
    0x200000e0        -       0x00000008   Zero   RW           20    .bss.right_wheel_omega  main.o
    0x200000e8        -       0x00000008   Zero   RW           14    .bss.right_wheel_x  main.o
    0x200000f0        -       0x00000002   Zero   RW           57    .bss.timer_OverflowCnt  tim_encmode.o
    0x200000f2   0x08003fc4   0x00000006   PAD
    0x200000f8        -       0x00000008   Zero   RW           26    .bss.vRot           main.o
    0x20000100        -       0x00000008   Zero   RW           24    .bss.vX             main.o
    0x20000108        -       0x00000008   Zero   RW           25    .bss.vY             main.o
    0x20000110        -       0x00000008   Zero   RW           16    .bss.x              main.o
    0x20000118        -       0x00000008   Zero   RW           19    .bss.y              main.o
    0x20000120        -       0x00000200   Zero   RW           81    HEAP                startup_stm32f446xx.o
    0x20000320        -       0x00000400   Zero   RW           80    STACK               startup_stm32f446xx.o


==============================================================================

Image component sizes


      Code (inc. data)   RO Data    RW Data    ZI Data      Debug   Object Name

      1674         48         17         32        104       6605   main.o
       206          0          0          0          0       1994   nucleosetup.o
       388          0          0         36          4       3004   print.o
        64         26        452          0       1536        920   startup_stm32f446xx.o
        18          0          0          0          0       2774   system_stm32f4xx.o
       884          0          0          0          2       3259   tim_encmode.o

    ----------------------------------------------------------------------
      3250         74        504         68       1656      18556   Object Totals
         0          0         32          0          0          0   (incl. Generated)
        16          0          3          0         10          0   (incl. Padding)

    ----------------------------------------------------------------------

      Code (inc. data)   RO Data    RW Data    ZI Data      Debug   Library Member Name

         8          0          0          0          0         68   __main.o
       392          4         17          0          0         92   __printf_flags_ss_wp.o
        14          0          0          0          0         68   __printf_wp.o
         0          0          0          0          0          0   __rtentry.o
        12          0          0          0          0          0   __rtentry2.o
         6          0          0          0          0          0   __rtentry4.o
        52          8          0          0          0          0   __scatter.o
        26          0          0          0          0          0   __scatter_copy.o
        28          0          0          0          0          0   __scatter_zi.o
        72          0          0          0          0         96   _c16rtomb.o
         6          0          0          0          0          0   _printf_a.o
         6          0          0          0          0          0   _printf_c.o
        44          0          0          0          0        108   _printf_char.o
        48          6          0          0          0         96   _printf_char_common.o
        40          0          0          0          0         68   _printf_charcount.o
         6          0          0          0          0          0   _printf_d.o
       120         16          0          0          0         92   _printf_dec.o
         6          0          0          0          0          0   _printf_e.o
         6          0          0          0          0          0   _printf_f.o
      1052          0          0          0          0        148   _printf_fp_dec.o
       764          8         38          0          0        100   _printf_fp_hex.o
       128         16          0          0          0         84   _printf_fp_infnan.o
         6          0          0          0          0          0   _printf_g.o
       148          4         40          0          0        160   _printf_hex_int_ll_ptr.o
         6          0          0          0          0          0   _printf_i.o
       178          0          0          0          0         88   _printf_intcommon.o
        10          0          0          0          0          0   _printf_l.o
         6          0          0          0          0          0   _printf_lc.o
        10          0          0          0          0          0   _printf_ll.o
         6          0          0          0          0          0   _printf_lld.o
         6          0          0          0          0          0   _printf_lli.o
         6          0          0          0          0          0   _printf_llo.o
         6          0          0          0          0          0   _printf_llu.o
         6          0          0          0          0          0   _printf_llx.o
       124         16          0          0          0         92   _printf_longlong_dec.o
         6          0          0          0          0          0   _printf_ls.o
         6          0          0          0          0          0   _printf_n.o
         6          0          0          0          0          0   _printf_o.o
       112          8          0          0          0        124   _printf_oct_int_ll.o
         6          0          0          0          0          0   _printf_p.o
        78          0          0          0          0        108   _printf_pad.o
         0          0          0          0          0          0   _printf_percent.o
         4          0          0          0          0          0   _printf_percent_end.o
         6          0          0          0          0          0   _printf_s.o
        82          0          0          0          0         80   _printf_str.o
        36          0          0          0          0         84   _printf_truncate.o
         6          0          0          0          0          0   _printf_u.o
        44          0          0          0          0        108   _printf_wchar.o
       188          6          8          0          0         92   _printf_wctomb.o
         6          0          0          0          0          0   _printf_x.o
        22          0          0          0          0        100   _rserrno.o
        10          0          0          0          0         68   _sputc.o
       228          4        148          0          0         96   bigflt0.o
      1936        128          0          0          0        668   btod.o
        18          0          0          0          0         80   exit.o
         6          0          0          0          0        152   heapauxi.o
         0          0          0          0          0          0   indicate_semi.o
        44         10        272          0          0         76   lc_ctype_c.o
        44         10         28          0          0         76   lc_numeric_c.o
         2          0          0          0          0          0   libinit.o
        34          0          0          0          0          0   libinit2.o
         2          0          0          0          0          0   libshutdown.o
         2          0          0          0          0          0   libshutdown2.o
         8          4          0          0         96         68   libspace.o
       138          0          0          0          0         80   lludiv10.o
        16          4          0          0          0         76   rt_ctype_table.o
         8          4          0          0          0         68   rt_errno_addr_intlibspace.o
         8          4          0          0          0         68   rt_locale_intlibspace.o
         2          0          0          0          0          0   rtexit.o
        10          0          0          0          0          0   rtexit2.o
       124          0          0          0          0         88   strcmpv7em.o
        62          0          0          0          0         76   strlen.o
        12          4          0          0          0         68   sys_exit.o
        74          0          0          0          0         80   sys_stackheap_outer.o
         2          0          0          0          0         68   use_no_semi.o
        36          4          0          0          0         76   vsprintf.o
        24          0          0          0          0        164   basic.o
       834         16          0          0          0        516   daddsub_clz.o
       692        140          0          0          0        264   ddiv.o
        94          4          0          0          0        140   dfix.o
        84          0          0          0          0        232   dflt_clz.o
       340         12          0          0          0        152   dmul.o
       156          4          0          0          0        140   dnaninf.o
        12          0          0          0          0        116   dretinf.o
        26          0          0          0          0        116   fpinit.o
         4          0          0          0          0        116   printf1.o
         4          0          0          0          0        116   printf2.o
         0          0          0          0          0          0   usenofp.o
       200         20          0          0          0        164   cos.o
       368         46         48          0          0        200   cos_i.o
        84         16          0          0          0        372   dunder.o
        24          0          0          0          0        124   fabs.o
        48          0          0          0          0        124   fpclassify.o
       248          0          0          0          0        152   poly.o
      1080        142        204          0          0        188   rred.o
       200         20          0          0          0        164   sin.o
       304         24         40          0          0        208   sin_i.o

    ----------------------------------------------------------------------
     11646        712        852          0         96       7856   Library Totals
        32          0          9          0          0          0   (incl. Padding)

    ----------------------------------------------------------------------

      Code (inc. data)   RO Data    RW Data    ZI Data      Debug   Library Name

      6788        268        551          0         96       4088   c_w.l
      2270        176          0          0          0       2072   fz_wm.l
      2556        268        292          0          0       1696   m_wm.l

    ----------------------------------------------------------------------
     11646        712        852          0         96       7856   Library Totals

    ----------------------------------------------------------------------

==============================================================================


      Code (inc. data)   RO Data    RW Data    ZI Data      Debug   

     14896        786       1356         68       1752      21848   Grand Totals
     14896        786       1356         68       1752      21848   ELF Image Totals
     14896        786       1356         68          0          0   ROM Totals

==============================================================================

    Total RO  Size (Code + RO Data)                16252 (  15.87kB)
    Total RW  Size (RW Data + ZI Data)              1820 (   1.78kB)
    Total ROM Size (Code + RO Data + RW Data)      16320 (  15.94kB)

==============================================================================

