<html>
<body>
<pre>
<h1>µVision Build Log</h1>
<h2>Tool Versions:</h2>
IDE-Version: µVision V5.37.0.0
Copyright (C) 2022 ARM Ltd and ARM Germany GmbH. All rights reserved.
License Information: Filip Bajraktari, MG, LIC=----
 
Tool Versions:
Toolchain:       MDK-Lite  Version: 5.37.0.0
Toolchain Path:  C:\Keil_v5\ARM\ARMCLANG\Bin
C Compiler:      ArmClang.exe V6.18
Assembler:       Armasm.exe V6.18
Linker/Locator:  ArmLink.exe V6.18
Library Manager: ArmAr.exe V6.18
Hex Converter:   FromElf.exe V6.18
CPU DLL:         SARMCM3.DLL V5.37.0.0
Dialog DLL:      DCM.DLL V1.17.5.0
Target DLL:      STLink\ST-LINKIII-KEIL_SWO.dll V3.0.9.0
Dialog DLL:      TCM.DLL V1.56.1.0
 
<h2>Project:</h2>
C:\Users\Korisnik\Desktop\workspace\mg-team-eurobot\firmware\Encoder\encoder.uvprojx
Project File Date:  12/07/2022

<h2>Output:</h2>
*** Using Compiler 'V6.18', folder: 'C:\Keil_v5\ARM\ARMCLANG\Bin'
Build target 'Target 1'
main.c(12): warning: no previous prototype for function 'counts_to_radian' [-Wmissing-prototypes]
double counts_to_radian(double count) {return (count * 2.0 * PI) / 8000.0;}
       ^
main.c(12): note: declare 'static' if the function is not intended to be used outside of this translation unit
double counts_to_radian(double count) {return (count * 2.0 * PI) / 8000.0;}
^
static 
main.c(32): warning: no previous extern declaration for non-static variable 'right_wheel_x' [-Wmissing-variable-declarations]
double right_wheel_x = 0;
       ^
main.c(32): note: declare 'static' if the variable is not intended to be used outside of this translation unit
double right_wheel_x = 0;
^
main.c(33): warning: no previous extern declaration for non-static variable 'right_wheel_omega' [-Wmissing-variable-declarations]
double right_wheel_omega = 0;
       ^
main.c(33): note: declare 'static' if the variable is not intended to be used outside of this translation unit
double right_wheel_omega = 0;
^
main.c(34): warning: no previous extern declaration for non-static variable 'left_wheel_x' [-Wmissing-variable-declarations]
double left_wheel_x = 0;
       ^
main.c(34): note: declare 'static' if the variable is not intended to be used outside of this translation unit
double left_wheel_x = 0;
^
main.c(35): warning: no previous extern declaration for non-static variable 'left_wheel_omega' [-Wmissing-variable-declarations]
double left_wheel_omega = 0;
       ^
main.c(35): note: declare 'static' if the variable is not intended to be used outside of this translation unit
double left_wheel_omega = 0;
^
main.c(78): warning: mixing declarations and code is incompatible with standards before C99 [-Wdeclaration-after-statement]
        double encoder_count, x, y;
               ^
6 warnings generated.
compiling main.c...
linking...
Program Size: Code=14864 RO-data=1300 RW-data=68 ZI-data=1704  
".\Objects\encoder.axf" - 0 Error(s), 6 Warning(s).

<h2>Software Packages used:</h2>

Package Vendor: ARM
                http://www.keil.com/pack/ARM.CMSIS.5.9.0.pack
                ARM.CMSIS.5.9.0
                CMSIS (Common Microcontroller Software Interface Standard)
   * Component: CORE Version: 5.6.0

Package Vendor: Keil
                http://www.keil.com/pack/Keil.STM32F4xx_DFP.2.16.0.pack
                Keil.STM32F4xx_DFP.2.16.0
                STMicroelectronics STM32F4 Series Device Support, Drivers and Examples
   * Component: Startup Version: 2.6.3

<h2>Collection of Component include folders:</h2>
  ./RTE/_Target_1
  C:/Users/Korisnik/AppData/Local/Arm/Packs/ARM/CMSIS/5.9.0/CMSIS/Core/Include
  C:/Users/Korisnik/AppData/Local/Arm/Packs/Keil/STM32F4xx_DFP/2.16.0/Drivers/CMSIS/Device/ST/STM32F4xx/Include

<h2>Collection of Component Files used:</h2>

   * Component: ARM::CMSIS:CORE:5.6.0

   * Component: Keil::Device:Startup:2.6.3
      Source file:   Drivers/CMSIS/Device/ST/STM32F4xx/Source/Templates/system_stm32f4xx.c
      Include file:  Drivers/CMSIS/Device/ST/STM32F4xx/Include/stm32f4xx.h
      Source file:   MDK/Device/Source/ARM/STM32F401xx_OPT.s
      Source file:   MDK/Device/Source/ARM/STM32F4xx_OTP.s
      Source file:   Drivers/CMSIS/Device/ST/STM32F4xx/Source/Templates/arm/startup_stm32f401xe.s
Build Time Elapsed:  00:00:01
</pre>
</body>
</html>
